<html>
<body>
<pre>
<h1>µVision Build Log</h1>
<h2>Tool Versions:</h2>
IDE-Version: ¦ÌVision V5.23.0.0
Copyright (C) 2017 ARM Ltd and ARM Germany GmbH. All rights reserved.
License Information: long long, long, LIC=65ISZ-J72RS-JJT6S-LZH1U-18VHP-RCFZN
 
Tool Versions:
Toolchain:       MDK-ARM Plus  Version: 5.23
Toolchain Path:  D:\keil5\ARM\ARMCC\Bin
C Compiler:      Armcc.exe V5.06 update 4 (build 422)
Assembler:       Armasm.exe V5.06 update 4 (build 422)
Linker/Locator:  ArmLink.exe V5.06 update 4 (build 422)
Library Manager: ArmAr.exe V5.06 update 4 (build 422)
Hex Converter:   FromElf.exe V5.06 update 4 (build 422)
CPU DLL:         SARMCM3.DLL V5.23
Dialog DLL:      DARMCM1.DLL V1.17.0.0
Target DLL:      STLink\ST-LINKIII-KEIL_SWO.dll V2.0.18.0
Dialog DLL:      TARMCM1.DLL V1.12.0.0
 
<h2>Project:</h2>
C:\Users\long\Desktop\optical-fiber\code\optical_fiber_osal\keil\optical_fiber.uvprojx
Project File Date:  09/20/2025

<h2>Output:</h2>
*** Using Compiler 'V5.06 update 4 (build 422)', folder: 'D:\keil5\ARM\ARMCC\Bin'
Build target 'Target 1'
compiling OSAL.c...
compiling iot_app_common_data.c...
compiling iot_app.c...
compiling main.c...
compiling OSAL_Memory.c...
compiling iot_menu.c...
compiling OSAL_Timers.c...
compiling iot_app_optical.c...
compiling OnBoard.c...
compiling keyadjust_app.c...
compiling osal_app.c...
compiling apm32f0xx_int.c...
compiling menu_app.c...
compiling OSAL_Clock.c...
compiling OSAL_PwrMgr.c...
compiling iot_driver_flash.c...
compiling iot_driver_clock.c...
compiling bsp_delay.c...
compiling board.c...
compiling hal_assert.c...
compiling hal_drivers.c...
compiling bsp_lcd.c...
compiling hal_led.c...
compiling hal_key.c...
compiling hal_timer.c...
compiling hal_nixietube_display.c...
linking...
Program Size: Code=22792 RO-data=452 RW-data=2388 ZI-data=4532  
FromELF: creating hex file...
".\Objects\optical-fiber.axf" - 0 Error(s), 0 Warning(s).

<h2>Collection of Component include folders:</h2>
  .\RTE\_Target_1
  D:\keil5\C51\Geehy\APM32F0xx_DFP\1.0.9\Device\Device\Geehy\APM32F0xx\Include

<h2>Collection of Component Files used:</h2>
Build Time Elapsed:  00:00:05
</pre>
</body>
</html>
