<html>
<body>
<pre>
<h1>µVision Build Log</h1>
<h2>Tool Versions:</h2>
IDE-Version: ¦ÌVision V5.24.2.0
Copyright (C) 2017 ARM Ltd and ARM Germany GmbH. All rights reserved.
License Information: 0 September, 0, LIC=IK1BF-63C3A-LQV0Q-NVUSJ-X1RVK-RJPB6
 
Tool Versions:
Toolchain:       MDK-ARM Plus  Version: 5.24.1
Toolchain Path:  D:\Program Files\Keil5\ARM\ARMCC\Bin
C Compiler:      Armcc.exe V5.06 update 5 (build 528)
Assembler:       Armasm.exe V5.06 update 5 (build 528)
Linker/Locator:  ArmLink.exe V5.06 update 5 (build 528)
Library Manager: ArmAr.exe V5.06 update 5 (build 528)
Hex Converter:   FromElf.exe V5.06 update 5 (build 528)
CPU DLL:         SARMCM3.DLL V5.24.1
Dialog DLL:      DARMCM1.DLL V1.18.0.0
Target DLL:      STLink\ST-LINKIII-KEIL_SWO.dll V3.0.1.0
Dialog DLL:      TARMCM1.DLL V1.13.0.0
 
<h2>Project:</h2>
C:\Users\September\Desktop\Project\Digitaldisplay\reference\5.³ÌÐò\Ddps -fucn31 test-9\Project\Ddps.uvprojx
Project File Date:  10/11/2025

<h2>Output:</h2>
*** Using Compiler 'V5.06 update 5 (build 528)', folder: 'D:\Program Files\Keil5\ARM\ARMCC\Bin'
Rebuild target 'Target 1'
compiling apm32f0xx_crs.c...
compiling apm32f0xx_dbg.c...
compiling apm32f0xx_dac.c...
assembling startup_apm32f051.s...
compiling apm32f0xx_crc.c...
compiling system_apm32f0xx.c...
compiling apm32f0xx_can.c...
compiling apm32f0xx_cec.c...
compiling apm32f0xx_gpio.c...
compiling apm32f0xx_dma.c...
compiling apm32f0xx_comp.c...
compiling apm32f0xx_adc.c...
compiling apm32f0xx_eint.c...
compiling apm32f0xx_fmc.c...
compiling apm32f0xx_i2c.c...
compiling apm32f0xx_misc.c...
compiling apm32f0xx_ob.c...
compiling apm32f0xx_pmu.c...
compiling apm32f0xx_iwdt.c...
compiling apm32f0xx_rcm.c...
compiling apm32f0xx_spi.c...
compiling apm32f0xx_syscfg.c...
compiling apm32f0xx_rtc.c...
compiling apm32f0xx_wwdt.c...
compiling apm32f0xx_usart.c...
compiling board.c...
compiling bsp_delay.c...
compiling apm32f0xx_tmr.c...
compiling bsp_key.c...
compiling bsp_i2c_ee.c...
compiling bsp_lcd.c...
compiling apm32f0xx_int.c...
compiling User_LED_HAL.c...
compiling mainfunction.c...
compiling User_TMR_HAL.c...
compiling User_KEY_HAL.c...
compiling User_ADC_HAL.c...
compiling User_Disp_HAL.c...
compiling User_PWM_HAL.c...
compiling main.c...
compiling User_Flash_HAL.c...
compiling User_OUT_HAL.c...
compiling User_Usart_HAL.c...
compiling User_WDT_HAL.c...
compiling User_LED_DIV.c...
compiling User_KEY_DIV.c...
compiling User_PWM_DIV.c...
compiling User_Task_DIV.c...
compiling User_ReadValue_DIV.c...
compiling User_Disp_Div.c...
compiling User_Usart_DIV.c...
compiling User_Flash_DIV.c...
linking...
Program Size: Code=33004 RO-data=1000 RW-data=384 ZI-data=5928  
FromELF: creating hex file...
"..\Output\Ddps.axf" - 0 Error(s), 0 Warning(s).

<h2>Software Packages used:</h2>

Package Vendor: ARM
                http://www.keil.com/pack/ARM.CMSIS.5.0.1.pack
                ARM.CMSIS.5.0.1
                CMSIS (Cortex Microcontroller Software Interface Standard)
   * Component: CORE Version: 5.0.1

Package Vendor: Geehy
                https://www.geehy.com/uploads/tool/Geehy.APM32F0xx_DFP.1.0.9.pack
                Geehy.APM32F0xx_DFP.1.0.9
                Geehy Semiconductor APM32F0xx Series Device Support

<h2>Collection of Component include folders:</h2>
  .\RTE\_Target_1
  D:\Program Files\Keil5\ARM\PACK\ARM\CMSIS\5.0.1\CMSIS\Include
  D:\Program Files\Keil5\ARM\PACK\Geehy\APM32F0xx_DFP\1.0.9\Device\Device\Geehy\APM32F0xx\Include

<h2>Collection of Component Files used:</h2>

   * Component: ARM::CMSIS:CORE:5.0.1
Build Time Elapsed:  00:00:08
</pre>
</body>
</html>
