<html>
<body>
<pre>
<h1>µVision Build Log</h1>
<h2>Tool Versions:</h2>
IDE-Version: ¦ÌVision V5.14.0.0
Copyright (C) 2015 ARM Ltd and ARM Germany GmbH. All rights reserved.
License Information: 1637377668@qq.com 1637377668@qq.com, 1637377668@qq.com, LIC=UJWP0-BG1N7-X7PRZ-J0PC4-4RU7I-JGX5T
 
Tool Versions:
Toolchain:       MDK-ARM Plus  Version: 5.14.0.0
Toolchain Path:  D:\Keil_v5\ARM\ARMCC\Bin
C Compiler:      Armcc.exe V5.05 update 1 (build 106)
Assembler:       Armasm.exe V5.05 update 1 (build 106)
Linker/Locator:  ArmLink.exe V5.05 update 1 (build 106)
Library Manager: ArmAr.exe V5.05 update 1 (build 106)
Hex Converter:   FromElf.exe V5.05 update 1 (build 106)
CPU DLL:         SARMCM3.DLL V5.14.0.0
Dialog DLL:      DARMCM1.DLL V1.12.0.0
Target DLL:      STLink\ST-LINKIII-KEIL_SWO.dll V2.0.14.0_KEIL
Dialog DLL:      TARMCM1.DLL V1.9.0.0
 
<h2>Project:</h2>
C:\Users\16373\Desktop\Digitaldisplay\reference\5.³ÌÐò\Ddps -fucn31 test-9\Project\Ddps.uvprojx
Project File Date:  10/18/2025

<h2>Output:</h2>
Rebuild target 'Target 1'
assembling startup_apm32f051.s...
compiling system_apm32f0xx.c...
compiling apm32f0xx_adc.c...
compiling apm32f0xx_can.c...
compiling apm32f0xx_cec.c...
compiling apm32f0xx_comp.c...
compiling apm32f0xx_crc.c...
compiling apm32f0xx_crs.c...
compiling apm32f0xx_dac.c...
compiling apm32f0xx_dbg.c...
compiling apm32f0xx_gpio.c...
compiling apm32f0xx_dma.c...
compiling apm32f0xx_eint.c...
compiling apm32f0xx_fmc.c...
compiling apm32f0xx_i2c.c...
compiling apm32f0xx_iwdt.c...
compiling apm32f0xx_misc.c...
compiling apm32f0xx_ob.c...
compiling apm32f0xx_pmu.c...
compiling apm32f0xx_rcm.c...
compiling apm32f0xx_rtc.c...
compiling apm32f0xx_spi.c...
compiling apm32f0xx_syscfg.c...
compiling apm32f0xx_tmr.c...
compiling apm32f0xx_usart.c...
compiling apm32f0xx_wwdt.c...
compiling board.c...
compiling bsp_delay.c...
compiling bsp_i2c_ee.c...
compiling bsp_key.c...
compiling bsp_lcd.c...
compiling apm32f0xx_int.c...
compiling main.c...
compiling mainfunction.c...
compiling User_LED_HAL.c...
compiling User_TMR_HAL.c...
compiling User_KEY_HAL.c...
compiling User_ADC_HAL.c...
compiling User_Disp_HAL.c...
compiling User_PWM_HAL.c...
compiling User_Flash_HAL.c...
compiling User_OUT_HAL.c...
compiling User_Usart_HAL.c...
compiling User_WDT_HAL.c...
compiling User_LED_DIV.c...
compiling User_KEY_DIV.c...
compiling User_PWM_DIV.c...
compiling User_Task_DIV.c...
compiling User_Disp_Div.c...
compiling User_ReadValue_DIV.c...
compiling User_Usart_DIV.c...
compiling User_Flash_DIV.c...
linking...
Program Size: Code=32600 RO-data=992 RW-data=384 ZI-data=5928  
FromELF: creating hex file...
"..\Output\Ddps.axf" - 0 Error(s), 0 Warning(s).

<h2>Software Packages used:</h2>

Package Vendor: ARM
                http://www.keil.com/pack/ARM.CMSIS.4.2.0.pack
                ARM::CMSIS:CORE:3.40.0
                CMSIS (Cortex Microcontroller Software Interface Standard)
   * Component: CORE Version: 3.40.0

<h2>Collection of Component include folders:</h2>
  C:\Users\16373\Desktop\Digitaldisplay\reference\5.³ÌÐò\Ddps -fucn31 test-9\Project\RTE
  D:\Keil_v5\ARM\PACK\ARM\CMSIS\4.2.0\CMSIS\Include
  D:\Keil_v5\ARM\PACK\Geehy\APM32F0xx_DFP\1.0.9\Device\Device\Geehy\APM32F0xx\Include

<h2>Collection of Component Files used:</h2>

   * Component: ARM::CMSIS:CORE:3.40.0
      Source file:   CMSIS\UserCodeTemplates\ARM\ITM_Retarget.c
</pre>
</body>
</html>
