Component: ARM Compiler 5.06 update 4 (build 422) Tool: armlink [4d35d2]

==============================================================================

Section Cross References

    startup_apm32f051.o(STACK) refers (Special) to heapauxi.o(.text) for __use_two_region_memory
    startup_apm32f051.o(HEAP) refers (Special) to heapauxi.o(.text) for __use_two_region_memory
    startup_apm32f051.o(RESET) refers (Special) to heapauxi.o(.text) for __use_two_region_memory
    startup_apm32f051.o(RESET) refers to startup_apm32f051.o(STACK) for __initial_sp
    startup_apm32f051.o(RESET) refers to startup_apm32f051.o(.text) for Reset_Handler
    startup_apm32f051.o(RESET) refers to apm32f0xx_int.o(i.NMI_Handler) for NMI_Handler
    startup_apm32f051.o(RESET) refers to apm32f0xx_int.o(i.HardFault_Handler) for HardFault_Handler
    startup_apm32f051.o(RESET) refers to apm32f0xx_int.o(i.SVC_Handler) for SVC_Handler
    startup_apm32f051.o(RESET) refers to apm32f0xx_int.o(i.PendSV_Handler) for PendSV_Handler
    startup_apm32f051.o(RESET) refers to apm32f0xx_int.o(i.SysTick_Handler) for SysTick_Handler
    startup_apm32f051.o(RESET) refers to user_adc_hal.o(i.ADC1_COMP_IRQHandler) for ADC1_COMP_IRQHandler
    startup_apm32f051.o(RESET) refers to user_tmr_hal.o(i.TMR2_IRQHandler) for TMR2_IRQHandler
    startup_apm32f051.o(RESET) refers to apm32f0xx_int.o(i.TMR14_IRQHandler) for TMR14_IRQHandler
    startup_apm32f051.o(.text) refers (Special) to heapauxi.o(.text) for __use_two_region_memory
    startup_apm32f051.o(.text) refers to system_apm32f0xx.o(i.SystemInit) for SystemInit
    startup_apm32f051.o(.text) refers to __main.o(!!!main) for __main
    startup_apm32f051.o(.text) refers to startup_apm32f051.o(HEAP) for Heap_Mem
    startup_apm32f051.o(.text) refers to startup_apm32f051.o(STACK) for Stack_Mem
    system_apm32f0xx.o(i.SystemClockConfig) refers to system_apm32f0xx.o(i.SystemClock48M) for SystemClock48M
    system_apm32f0xx.o(i.SystemCoreClockUpdate) refers to system_apm32f0xx.o(.data) for SystemCoreClock
    system_apm32f0xx.o(i.SystemInit) refers to system_apm32f0xx.o(i.SystemClockConfig) for SystemClockConfig
    apm32f0xx_adc.o(i.ADC_Reset) refers to apm32f0xx_rcm.o(i.RCM_EnableAPB2PeriphReset) for RCM_EnableAPB2PeriphReset
    apm32f0xx_adc.o(i.ADC_Reset) refers to apm32f0xx_rcm.o(i.RCM_DisableAPB2PeriphReset) for RCM_DisableAPB2PeriphReset
    apm32f0xx_can.o(i.CAN_Reset) refers to apm32f0xx_rcm.o(i.RCM_EnableAPB1PeriphReset) for RCM_EnableAPB1PeriphReset
    apm32f0xx_can.o(i.CAN_Reset) refers to apm32f0xx_rcm.o(i.RCM_DisableAPB1PeriphReset) for RCM_DisableAPB1PeriphReset
    apm32f0xx_cec.o(i.CEC_Reset) refers to apm32f0xx_rcm.o(i.RCM_EnableAPB1PeriphClock) for RCM_EnableAPB1PeriphClock
    apm32f0xx_cec.o(i.CEC_Reset) refers to apm32f0xx_rcm.o(i.RCM_DisableAPB1PeriphReset) for RCM_DisableAPB1PeriphReset
    apm32f0xx_crs.o(i.CRS_Reset) refers to apm32f0xx_rcm.o(i.RCM_EnableAPB1PeriphReset) for RCM_EnableAPB1PeriphReset
    apm32f0xx_crs.o(i.CRS_Reset) refers to apm32f0xx_rcm.o(i.RCM_DisableAPB1PeriphReset) for RCM_DisableAPB1PeriphReset
    apm32f0xx_dac.o(i.DAC_Reset) refers to apm32f0xx_rcm.o(i.RCM_EnableAPB1PeriphReset) for RCM_EnableAPB1PeriphReset
    apm32f0xx_dac.o(i.DAC_Reset) refers to apm32f0xx_rcm.o(i.RCM_DisableAPB1PeriphReset) for RCM_DisableAPB1PeriphReset
    apm32f0xx_gpio.o(i.GPIO_Reset) refers to apm32f0xx_rcm.o(i.RCM_EnableAHBPeriphReset) for RCM_EnableAHBPeriphReset
    apm32f0xx_gpio.o(i.GPIO_Reset) refers to apm32f0xx_rcm.o(i.RCM_DisableAHBPeriphReset) for RCM_DisableAHBPeriphReset
    apm32f0xx_fmc.o(i.FMC_ConfigOptionByteUser) refers to apm32f0xx_fmc.o(i.FMC_WaitForReady) for FMC_WaitForReady
    apm32f0xx_fmc.o(i.FMC_ConfigReadOutProtection) refers to apm32f0xx_fmc.o(i.FMC_WaitForReady) for FMC_WaitForReady
    apm32f0xx_fmc.o(i.FMC_DisableOptionByteBOOT) refers to apm32f0xx_fmc.o(i.FMC_WaitForReady) for FMC_WaitForReady
    apm32f0xx_fmc.o(i.FMC_DisableOptionByteSRAMParity) refers to apm32f0xx_fmc.o(i.FMC_WaitForReady) for FMC_WaitForReady
    apm32f0xx_fmc.o(i.FMC_DisableOptionByteVDDA) refers to apm32f0xx_fmc.o(i.FMC_WaitForReady) for FMC_WaitForReady
    apm32f0xx_fmc.o(i.FMC_EnableOptionByteBOOT) refers to apm32f0xx_fmc.o(i.FMC_WaitForReady) for FMC_WaitForReady
    apm32f0xx_fmc.o(i.FMC_EnableOptionByteSRAMParity) refers to apm32f0xx_fmc.o(i.FMC_WaitForReady) for FMC_WaitForReady
    apm32f0xx_fmc.o(i.FMC_EnableOptionByteVDDA) refers to apm32f0xx_fmc.o(i.FMC_WaitForReady) for FMC_WaitForReady
    apm32f0xx_fmc.o(i.FMC_EnableWriteProtection) refers to apm32f0xx_fmc.o(i.FMC_WaitForReady) for FMC_WaitForReady
    apm32f0xx_fmc.o(i.FMC_EraseAllPages) refers to apm32f0xx_fmc.o(i.FMC_WaitForReady) for FMC_WaitForReady
    apm32f0xx_fmc.o(i.FMC_EraseOptionByte) refers to apm32f0xx_fmc.o(i.FMC_WaitForReady) for FMC_WaitForReady
    apm32f0xx_fmc.o(i.FMC_ErasePage) refers to apm32f0xx_fmc.o(i.FMC_WaitForReady) for FMC_WaitForReady
[...]
    .ARM.Collect$$libinit$$0000002E          0x08000238   Section        0  libinit2.o(.ARM.Collect$$libinit$$0000002E)
    .ARM.Collect$$libinit$$00000030          0x08000238   Section        0  libinit2.o(.ARM.Collect$$libinit$$00000030)
    .ARM.Collect$$libinit$$00000032          0x08000238   Section        0  libinit2.o(.ARM.Collect$$libinit$$00000032)
    .ARM.Collect$$libinit$$00000033          0x08000238   Section        2  libinit2.o(.ARM.Collect$$libinit$$00000033)
    .ARM.Collect$$libshutdown$$00000000      0x0800023a   Section        2  libshutdown.o(.ARM.Collect$$libshutdown$$00000000)
    .ARM.Collect$$libshutdown$$00000002      0x0800023c   Section        0  libshutdown2.o(.ARM.Collect$$libshutdown$$00000002)
    .ARM.Collect$$libshutdown$$00000004      0x0800023c   Section        0  libshutdown2.o(.ARM.Collect$$libshutdown$$00000004)
    .ARM.Collect$$libshutdown$$00000007      0x0800023c   Section        0  libshutdown2.o(.ARM.Collect$$libshutdown$$00000007)
    .ARM.Collect$$libshutdown$$0000000A      0x0800023c   Section        0  libshutdown2.o(.ARM.Collect$$libshutdown$$0000000A)
    .ARM.Collect$$libshutdown$$0000000C      0x0800023c   Section        0  libshutdown2.o(.ARM.Collect$$libshutdown$$0000000C)
    .ARM.Collect$$libshutdown$$0000000F      0x0800023c   Section        0  libshutdown2.o(.ARM.Collect$$libshutdown$$0000000F)
    .ARM.Collect$$libshutdown$$00000010      0x0800023c   Section        2  libshutdown2.o(.ARM.Collect$$libshutdown$$00000010)
    .ARM.Collect$$rtentry$$00000000          0x0800023e   Section        0  __rtentry.o(.ARM.Collect$$rtentry$$00000000)
    .ARM.Collect$$rtentry$$00000002          0x0800023e   Section        0  __rtentry2.o(.ARM.Collect$$rtentry$$00000002)
    .ARM.Collect$$rtentry$$00000004          0x0800023e   Section        6  __rtentry4.o(.ARM.Collect$$rtentry$$00000004)
    .ARM.Collect$$rtentry$$00000009          0x08000244   Section        0  __rtentry2.o(.ARM.Collect$$rtentry$$00000009)
    .ARM.Collect$$rtentry$$0000000A          0x08000244   Section        4  __rtentry2.o(.ARM.Collect$$rtentry$$0000000A)
    .ARM.Collect$$rtentry$$0000000C          0x08000248   Section        0  __rtentry2.o(.ARM.Collect$$rtentry$$0000000C)
    .ARM.Collect$$rtentry$$0000000D          0x08000248   Section        8  __rtentry2.o(.ARM.Collect$$rtentry$$0000000D)
    .ARM.Collect$$rtexit$$00000000           0x08000250   Section        2  rtexit.o(.ARM.Collect$$rtexit$$00000000)
    .ARM.Collect$$rtexit$$00000002           0x08000252   Section        0  rtexit2.o(.ARM.Collect$$rtexit$$00000002)
    .ARM.Collect$$rtexit$$00000003           0x08000252   Section        4  rtexit2.o(.ARM.Collect$$rtexit$$00000003)
    .ARM.Collect$$rtexit$$00000004           0x08000256   Section        6  rtexit2.o(.ARM.Collect$$rtexit$$00000004)
    .text                                    0x0800025c   Section       56  startup_apm32f051.o(.text)
    .text                                    0x08000294   Section        0  vsnprintf.o(.text)
    .text                                    0x080002cc   Section        0  __2snprintf.o(.text)
    .text                                    0x08000308   Section        0  _printf_dec.o(.text)
    .text                                    0x08000374   Section        0  __printf_flags_ss_wp.o(.text)
    .text                                    0x080004fc   Section        0  atoi.o(.text)
    .text                                    0x08000518   Section        0  strlen.o(.text)
    .text                                    0x0800055c   Section      346  aeabi_sdiv.o(.text)
    .text                                    0x080006b6   Section        0  heapauxi.o(.text)
    .text                                    0x080006bc   Section        0  f2d.o(.text)
    .text                                    0x08000710   Section        0  fdiv.o(.text)
    .text                                    0x08000870   Section        0  ffixui.o(.text)
    .text                                    0x080008a0   Section        0  fflti.o(.text)
    .text                                    0x08000900   Section        8  rt_errno_addr_intlibspace.o(.text)
    .text                                    0x08000908   Section        0  _printf_pad.o(.text)
    .text                                    0x08000956   Section        0  _printf_truncate.o(.text)
    .text                                    0x0800097a   Section        0  _printf_str.o(.text)
    .text                                    0x080009cc   Section        0  _printf_intcommon.o(.text)
    .text                                    0x08000a7c   Section        0  _printf_charcount.o(.text)
    .text                                    0x08000aa4   Section        0  _printf_fp_dec.o(.text)
    _fp_digits                               0x08000aa7   Thumb Code   408  _printf_fp_dec.o(.text)
    .text                                    0x08000eb8   Section        0  _printf_char_common.o(.text)
    _printf_input_char                       0x08000eb9   Thumb Code    10  _printf_char_common.o(.text)
    .text                                    0x08000ee8   Section        0  _sputc.o(.text)
    .text                                    0x08000ef2   Section        0  _snputc.o(.text)
    .text                                    0x08000f04   Section        0  _printf_wctomb.o(.text)
    .text                                    0x08000fc0   Section        0  _printf_longlong_dec.o(.text)
    .text                                    0x08001030   Section        0  _printf_oct_int_ll.o(.text)
    _printf_longlong_oct_internal            0x08001031   Thumb Code     0  _printf_oct_int_ll.o(.text)
    .text                                    0x080010a0   Section        0  _printf_hex_int_ll_ptr.o(.text)
    _printf_hex_common                       0x080010a1   Thumb Code     0  _printf_hex_int_ll_ptr.o(.text)
    .text                                    0x08001138   Section        0  strtol.o(.text)
    .text                                    0x080011a8   Section        0  rtudiv10.o(.text)
    .text                                    0x080011d0   Section        8  libspace.o(.text)
    .text                                    0x080011d8   Section       16  rt_ctype_table.o(.text)
    .text                                    0x080011e8   Section        8  rt_locale_intlibspace.o(.text)
    .text                                    0x080011f0   Section        0  lludiv10.o(.text)
    .text                                    0x0800126c   Section        0  _printf_fp_hex.o(.text)
    .text                                    0x08001544   Section        0  _printf_fp_infnan.o(.text)
    .text                                    0x080015cc   Section        0  _printf_char.o(.text)
    .text                                    0x080015fa   Section        0  _printf_wchar.o(.text)
    .text                                    0x08001628   Section        0  _strtoul.o(.text)
    .text                                    0x080016d0   Section        0  bigflt0.o(.text)
    .text                                    0x08001798   Section        0  btod.o(.text)
    btod_internal_mul                        0x080017d9   Thumb Code   456  btod.o(.text)
    btod_internal_div                        0x080019a1   Thumb Code   494  btod.o(.text)
    .text                                    0x08001c60   Section        0  _wcrtomb.o(.text)
    .text                                    0x08001ca0   Section       62  sys_stackheap_outer.o(.text)
    .text                                    0x08001cde   Section        0  _chval.o(.text)
    .text                                    0x08001cfc   Section        0  exit.o(.text)
    .text                                    0x08001d0c   Section        0  strcmp.o(.text)
    .text                                    0x08001d94   Section        2  use_no_semi.o(.text)
    .text                                    0x08001d96   Section        0  indicate_semi.o(.text)
    .text                                    0x08001d98   Section        0  sys_exit.o(.text)
    i.ADC1_COMP_IRQHandler                   0x08001da4   Section        0  user_adc_hal.o(i.ADC1_COMP_IRQHandler)
    i.ADC_ClearIntFlag                       0x08001dac   Section        0  apm32f0xx_adc.o(i.ADC_ClearIntFlag)
    i.ADC_Isr                                0x08001db8   Section        0  user_adc_hal.o(i.ADC_Isr)
    i.ADC_ReadIntFlag                        0x08001dcc   Section        0  apm32f0xx_adc.o(i.ADC_ReadIntFlag)
    i.APM_EVAL_DelayInit                     0x08001df8   Section        0  bsp_delay.o(i.APM_EVAL_DelayInit)
    i.APM_EVAL_DelayUs                       0x08001e30   Section        0  bsp_delay.o(i.APM_EVAL_DelayUs)
    i.APM_EVAL_Init                          0x08001e80   Section        0  main.o(i.APM_EVAL_Init)
    i.DIV_Disp_Alphabet                      0x08001eac   Section        0  user_disp_div.o(i.DIV_Disp_Alphabet)
    i.DIV_Disp_ByString                      0x08002130   Section        0  user_disp_div.o(i.DIV_Disp_ByString)
    i.DIV_Disp_ClearPoint                    0x080024c4   Section        0  user_disp_div.o(i.DIV_Disp_ClearPoint)
    i.DIV_Disp_FloatByString                 0x080024e4   Section        0  user_disp_div.o(i.DIV_Disp_FloatByString)
    i.DIV_Disp_Init                          0x0800290a   Section        0  user_disp_div.o(i.DIV_Disp_Init)
    i.DIV_Disp_Num                           0x08002912   Section        0  user_disp_div.o(i.DIV_Disp_Num)
    i.DIV_Disp_OneFrame                      0x08002a1c   Section        0  user_disp_div.o(i.DIV_Disp_OneFrame)
    i.DIV_Disp_SecondDispSetnum              0x08002a6c   Section        0  user_disp_div.o(i.DIV_Disp_SecondDispSetnum)
    i.DIV_Disp_Snprintf                      0x08002b78   Section        0  user_disp_div.o(i.DIV_Disp_Snprintf)
    i.DIV_Disp_Symbol                        0x08002bac   Section        0  user_disp_div.o(i.DIV_Disp_Symbol)
    i.DIV_Disp_Uint16Num                     0x08002ca4   Section        0  user_disp_div.o(i.DIV_Disp_Uint16Num)
    i.DIV_Disp_floatNum                      0x08002dd8   Section        0  user_disp_div.o(i.DIV_Disp_floatNum)
    i.DIV_Key_Init                           0x08002e0c   Section        0  user_key_div.o(i.DIV_Key_Init)
    i.DIV_Pwm_Init                           0x08002e14   Section        0  user_pwm_div.o(i.DIV_Pwm_Init)
    i.DIV_Pwn_Control                        0x08002e60   Section        0  user_pwm_div.o(i.DIV_Pwn_Control)
    i.DIV_Pwn_Set                            0x08002f10   Section        0  user_pwm_div.o(i.DIV_Pwn_Set)
    i.Div_Key_Respon                         0x08002f48   Section        0  main.o(i.Div_Key_Respon)
    i.Div_Key_Scan                           0x080044b4   Section        0  user_key_div.o(i.Div_Key_Scan)
    i.GPIO_ClearBit                          0x080046d8   Section        0  apm32f0xx_gpio.o(i.GPIO_ClearBit)
    i.GPIO_Config                            0x080046dc   Section        0  apm32f0xx_gpio.o(i.GPIO_Config)
    i.GPIO_ReadInputBit                      0x08004766   Section        0  apm32f0xx_gpio.o(i.GPIO_ReadInputBit)
    i.GPIO_SetBit                            0x0800477a   Section        0  apm32f0xx_gpio.o(i.GPIO_SetBit)
    i.HAL_Disp_ClearALL                      0x0800477e   Section        0  user_disp_hal.o(i.HAL_Disp_ClearALL)
    i.HAL_Disp_Config                        0x08004798   Section        0  user_disp_hal.o(i.HAL_Disp_Config)
    i.HAL_Disp_DelayUs                       0x080047b8   Section        0  user_disp_hal.o(i.HAL_Disp_DelayUs)
    i.HAL_Disp_Init                          0x080047c4   Section        0  user_disp_hal.o(i.HAL_Disp_Init)
    i.HAL_Disp_W_Cmd                         0x080047f8   Section        0  user_disp_hal.o(i.HAL_Disp_W_Cmd)
    i.HAL_Disp_W_Data                        0x08004884   Section        0  user_disp_hal.o(i.HAL_Disp_W_Data)
    i.HAL_Disp_WrSeriesData                  0x08004958   Section        0  user_disp_hal.o(i.HAL_Disp_WrSeriesData)
    i.HAL_Disp_Write_Pin                     0x08004a34   Section        0  user_disp_hal.o(i.HAL_Disp_Write_Pin)
    i.HAL_KEY_Init                           0x08004a98   Section        0  user_key_hal.o(i.HAL_KEY_Init)
    i.HAL_KEY_Read                           0x08004af8   Section        0  user_key_hal.o(i.HAL_KEY_Read)
    i.HAL_PWM_SetOutPut                      0x08004b08   Section        0  user_pwm_hal.o(i.HAL_PWM_SetOutPut)
    i.HAL_Pwm_Init                           0x08004b28   Section        0  user_pwm_hal.o(i.HAL_Pwm_Init)
    i.HAL_System_Init                        0x08004b58   Section        0  main.o(i.HAL_System_Init)
    i.HAL_TMR_Init                           0x08004c9c   Section        0  user_tmr_hal.o(i.HAL_TMR_Init)
    i.HardFault_Handler                      0x08004cf4   Section        0  apm32f0xx_int.o(i.HardFault_Handler)
    i.NMI_Handler                            0x08004cf6   Section        0  apm32f0xx_int.o(i.NMI_Handler)
    i.NVIC_EnableIRQRequest                  0x08004cf8   Section        0  apm32f0xx_misc.o(i.NVIC_EnableIRQRequest)
    i.NVIC_SetPriority                       0x08004d1c   Section        0  apm32f0xx_misc.o(i.NVIC_SetPriority)
    NVIC_SetPriority                         0x08004d1d   Thumb Code   110  apm32f0xx_misc.o(i.NVIC_SetPriority)
    i.PendSV_Handler                         0x08004d94   Section        0  apm32f0xx_int.o(i.PendSV_Handler)
    i.Perform_numerical_Edition              0x08004d98   Section        0  main.o(i.Perform_numerical_Edition)
    i.Perform_numerical_Edition_ShortPress   0x08004f2c   Section        0  main.o(i.Perform_numerical_Edition_ShortPress)
    i.RCM_EnableAHBPeriphClock               0x08004fb4   Section        0  apm32f0xx_rcm.o(i.RCM_EnableAHBPeriphClock)
    i.RCM_EnableAPB1PeriphClock              0x08004fc4   Section        0  apm32f0xx_rcm.o(i.RCM_EnableAPB1PeriphClock)
    i.Runstate_Disp_runset                   0x08004fd4   Section        0  main.o(i.Runstate_Disp_runset)
    i.SVC_Handler                            0x0800514c   Section        0  apm32f0xx_int.o(i.SVC_Handler)
    i.Set_corresponding_option               0x08005150   Section        0  main.o(i.Set_corresponding_option)
    i.Show_Presets                           0x080051d4   Section        0  main.o(i.Show_Presets)
    i.SysTick_ConfigCLKSource                0x080056e8   Section        0  apm32f0xx_misc.o(i.SysTick_ConfigCLKSource)
    i.SysTick_Handler                        0x0800570c   Section        0  apm32f0xx_int.o(i.SysTick_Handler)
    i.SystemClock48M                         0x08005710   Section        0  system_apm32f0xx.o(i.SystemClock48M)
    SystemClock48M                           0x08005711   Thumb Code   210  system_apm32f0xx.o(i.SystemClock48M)
    i.SystemClockConfig                      0x080057ec   Section        0  system_apm32f0xx.o(i.SystemClockConfig)
    SystemClockConfig                        0x080057ed   Thumb Code     8  system_apm32f0xx.o(i.SystemClockConfig)
    i.SystemInit                             0x080057f4   Section        0  system_apm32f0xx.o(i.SystemInit)
    i.TMR14_IRQHandler                       0x0800587c   Section        0  apm32f0xx_int.o(i.TMR14_IRQHandler)
    i.TMR2Isr                                0x08005880   Section        0  main.o(i.TMR2Isr)
    i.TMR2_IRQHandler                        0x08005a2c   Section        0  user_tmr_hal.o(i.TMR2_IRQHandler)
    i.TMR_ClearIntFlag                       0x08005a34   Section        0  apm32f0xx_tmr.o(i.TMR_ClearIntFlag)
    i.TMR_ClearStatusFlag                    0x08005a3a   Section        0  apm32f0xx_tmr.o(i.TMR_ClearStatusFlag)
    i.TMR_ConfigInternalClock                0x08005a40   Section        0  apm32f0xx_tmr.o(i.TMR_ConfigInternalClock)
    i.TMR_ConfigTimeBase                     0x08005a4c   Section        0  apm32f0xx_tmr.o(i.TMR_ConfigTimeBase)
    i.TMR_Enable                             0x08005ae4   Section        0  apm32f0xx_tmr.o(i.TMR_Enable)
    i.TMR_EnableInterrupt                    0x08005af0   Section        0  apm32f0xx_tmr.o(i.TMR_EnableInterrupt)
    i.TMR_ReadIntFlag                        0x08005af8   Section        0  apm32f0xx_tmr.o(i.TMR_ReadIntFlag)
    i.__ARM_common_ll_muluu                  0x08005b12   Section        0  btod.o(i.__ARM_common_ll_muluu)
    i.__ARM_common_switch8                   0x08005b42   Section        0  apm32f0xx_rtc.o(i.__ARM_common_switch8)
    i.__ARM_fpclassify                       0x08005b60   Section        0  fpclassify.o(i.__ARM_fpclassify)
    i._is_digit                              0x08005b8c   Section        0  __printf_wp.o(i._is_digit)
    i.main                                   0x08005b9c   Section        0  main.o(i.main)
    i.mainTask                               0x08005be4   Section        0  main.o(i.mainTask)
    i.t10ms_isr                              0x08005d30   Section        0  main.o(i.t10ms_isr)
    locale$$code                             0x08005d40   Section       44  lc_numeric_c.o(locale$$code)
    locale$$code                             0x08005d6c   Section       44  lc_ctype_c.o(locale$$code)
    x$fpl$fmul                               0x08005d98   Section      176  fmul.o(x$fpl$fmul)
    x$fpl$printf1                            0x08005e48   Section       16  printf1.o(x$fpl$printf1)
    x$fpl$printf2                            0x08005e58   Section       16  printf2.o(x$fpl$printf2)
    .constdata                               0x08005e68   Section       17  __printf_flags_ss_wp.o(.constdata)
    x$fpl$usenofp                            0x08005e68   Section        0  usenofp.o(x$fpl$usenofp)
    maptable                                 0x08005e68   Data          17  __printf_flags_ss_wp.o(.constdata)
    .constdata                               0x08005e79   Section       64  fdiv.o(.constdata)
    fdiv_tab                                 0x08005e79   Data          64  fdiv.o(.constdata)
    .constdata                               0x08005ebc   Section        8  _printf_wctomb.o(.constdata)
    initial_mbstate                          0x08005ebc   Data           8  _printf_wctomb.o(.constdata)
    .constdata                               0x08005ec4   Section       40  _printf_hex_int_ll_ptr.o(.constdata)
    uc_hextab                                0x08005ec4   Data          20  _printf_hex_int_ll_ptr.o(.constdata)
    lc_hextab                                0x08005ed8   Data          20  _printf_hex_int_ll_ptr.o(.constdata)
    .constdata                               0x08005eec   Section       38  _printf_fp_hex.o(.constdata)
    lc_hextab                                0x08005eec   Data          19  _printf_fp_hex.o(.constdata)
    uc_hextab                                0x08005eff   Data          19  _printf_fp_hex.o(.constdata)
    .constdata                               0x08005f14   Section      148  bigflt0.o(.constdata)
    tenpwrs_x                                0x08005f14   Data          60  bigflt0.o(.constdata)
    tenpwrs_i                                0x08005f50   Data          64  bigflt0.o(.constdata)
    locale$$data                             0x08005fc8   Section       28  lc_numeric_c.o(locale$$data)
    __lcnum_c_name                           0x08005fcc   Data           2  lc_numeric_c.o(locale$$data)
    __lcnum_c_start                          0x08005fd4   Data           0  lc_numeric_c.o(locale$$data)
    __lcnum_c_point                          0x08005fe0   Data           0  lc_numeric_c.o(locale$$data)
    __lcnum_c_thousands                      0x08005fe2   Data           0  lc_numeric_c.o(locale$$data)
    __lcnum_c_grouping                       0x08005fe3   Data           0  lc_numeric_c.o(locale$$data)
    locale$$data                             0x08005fe4   Section      272  lc_ctype_c.o(locale$$data)
    __lcnum_c_end                            0x08005fe4   Data           0  lc_numeric_c.o(locale$$data)
    __lcctype_c_name                         0x08005fe8   Data           2  lc_ctype_c.o(locale$$data)
    __lcctype_c_start                        0x08005ff0   Data           0  lc_ctype_c.o(locale$$data)
    __lcctype_c_end                          0x080060f4   Data           0  lc_ctype_c.o(locale$$data)
    .data                                    0x20000000   Section        4  system_apm32f0xx.o(.data)
    .data                                    0x20000004   Section        8  bsp_delay.o(.data)
    .data                                    0x2000000c   Section       76  main.o(.data)
    tick                                     0x20000054   Data           4  main.o(.data)
    .data                                    0x20000058   Section       52  user_disp_div.o(.data)
    .bss                                     0x2000008c   Section       12  main.o(.bss)
    .bss                                     0x20000098   Section       16  user_key_div.o(.bss)
    .bss                                     0x200000a8   Section       64  user_pwm_div.o(.bss)
    .bss                                     0x200000e8   Section       40  user_disp_div.o(.bss)
    .bss                                     0x20000110   Section       96  libspace.o(.bss)
    HEAP                                     0x20000170   Section      512  startup_apm32f051.o(HEAP)
    Heap_Mem                                 0x20000170   Data         512  startup_apm32f051.o(HEAP)
    STACK                                    0x20000370   Section     1024  startup_apm32f051.o(STACK)
    Stack_Mem                                0x20000370   Data        1024  startup_apm32f051.o(STACK)
    __initial_sp                             0x20000770   Data           0  startup_apm32f051.o(STACK)

    Global Symbols

    Symbol Name                              Value     Ov Type        Size  Object(Section)

    BuildAttributes$$THM_ISAv3M$S$PE$A:L22$X:L11$S22$IEEE1$IW$USESV6$~STKCKD$USESV7$~SHL$OTIME$ROPI$IEEEJ$EBA8$UX$STANDARDLIB$REQ8$PRES8$EABIv2 0x00000000   Number         0  anon$$obj.o ABSOLUTE
    __ARM_use_no_argv                        0x00000000   Number         0  main.o ABSOLUTE
    _printf_flags                            0x00000000   Number         0  printf_stubs.o ABSOLUTE
    _printf_return_value                     0x00000000   Number         0  printf_stubs.o ABSOLUTE
    _printf_sizespec                         0x00000000   Number         0  printf_stubs.o ABSOLUTE
    _printf_widthprec                        0x00000000   Number         0  printf_stubs.o ABSOLUTE
    __ARM_exceptions_init                     - Undefined Weak Reference
    __alloca_initialize                       - Undefined Weak Reference
    __arm_preinit_                            - Undefined Weak Reference
    __cpp_initialize__aeabi_                  - Undefined Weak Reference
    __cxa_finalize                            - Undefined Weak Reference
    __sigvec_lookup                           - Undefined Weak Reference
    __user_heap_extent                        - Undefined Weak Reference
    _atexit_init                              - Undefined Weak Reference
    _call_atexit_fns                          - Undefined Weak Reference
    _clock_init                               - Undefined Weak Reference
    _fp_trap_init                             - Undefined Weak Reference
    _fp_trap_shutdown                         - Undefined Weak Reference
    _get_lc_collate                           - Undefined Weak Reference
    _get_lc_monetary                          - Undefined Weak Reference
    _get_lc_time                              - Undefined Weak Reference
    _getenv_init                              - Undefined Weak Reference
    _handle_redirection                       - Undefined Weak Reference
    _mutex_acquire                            - Undefined Weak Reference
    _mutex_free                               - Undefined Weak Reference
    _mutex_release                            - Undefined Weak Reference
    _printf_mbtowc                            - Undefined Weak Reference
    _printf_wc                                - Undefined Weak Reference
    _rand_init                                - Undefined Weak Reference
    _signal_finish                            - Undefined Weak Reference
    _signal_init                              - Undefined Weak Reference
    __Vectors_Size                           0x000000bc   Number         0  startup_apm32f051.o ABSOLUTE
    __Vectors                                0x08000000   Data           4  startup_apm32f051.o(RESET)
    __Vectors_End                            0x080000bc   Data           0  startup_apm32f051.o(RESET)
    __main                                   0x080000bd   Thumb Code     8  __main.o(!!!main)
    __scatterload                            0x080000c5   Thumb Code     0  __scatter.o(!!!scatter)
    __scatterload_rt2                        0x080000c5   Thumb Code    52  __scatter.o(!!!scatter)
    __scatterload_rt2_thumb_only             0x080000c5   Thumb Code     0  __scatter.o(!!!scatter)
    __scatterload_null                       0x080000d5   Thumb Code     0  __scatter.o(!!!scatter)
    __scatterload_copy                       0x08000101   Thumb Code    26  __scatter_copy.o(!!handler_copy)
    __scatterload_zeroinit                   0x0800011d   Thumb Code    28  __scatter_zi.o(!!handler_zi)
    _printf_percent                          0x08000139   Thumb Code     0  _printf_percent.o(.ARM.Collect$$_printf_percent$$00000000)
    _printf_n                                0x0800013b   Thumb Code     0  _printf_n.o(.ARM.Collect$$_printf_percent$$00000001)
    _printf_p                                0x08000145   Thumb Code     0  _printf_p.o(.ARM.Collect$$_printf_percent$$00000002)
    _printf_f                                0x0800014f   Thumb Code     0  _printf_f.o(.ARM.Collect$$_printf_percent$$00000003)
    _printf_e                                0x08000159   Thumb Code     0  _printf_e.o(.ARM.Collect$$_printf_percent$$00000004)
    _printf_g                                0x08000163   Thumb Code     0  _printf_g.o(.ARM.Collect$$_printf_percent$$00000005)
    _printf_a                                0x0800016d   Thumb Code     0  _printf_a.o(.ARM.Collect$$_printf_percent$$00000006)
    _printf_ll                               0x08000177   Thumb Code     0  _printf_ll.o(.ARM.Collect$$_printf_percent$$00000007)
    _printf_i                                0x08000181   Thumb Code     0  _printf_i.o(.ARM.Collect$$_printf_percent$$00000008)
    _printf_d                                0x0800018b   Thumb Code     0  _printf_d.o(.ARM.Collect$$_printf_percent$$00000009)
    _printf_u                                0x08000195   Thumb Code     0  _printf_u.o(.ARM.Collect$$_printf_percent$$0000000A)
    _printf_o                                0x0800019f   Thumb Code     0  _printf_o.o(.ARM.Collect$$_printf_percent$$0000000B)
    _printf_x                                0x080001a9   Thumb Code     0  _printf_x.o(.ARM.Collect$$_printf_percent$$0000000C)
    _printf_lli                              0x080001b3   Thumb Code     0  _printf_lli.o(.ARM.Collect$$_printf_percent$$0000000D)
    _printf_lld                              0x080001bd   Thumb Code     0  _printf_lld.o(.ARM.Collect$$_printf_percent$$0000000E)
    _printf_llu                              0x080001c7   Thumb Code     0  _printf_llu.o(.ARM.Collect$$_printf_percent$$0000000F)
    _printf_llo                              0x080001d1   Thumb Code     0  _printf_llo.o(.ARM.Collect$$_printf_percent$$00000010)
    _printf_llx                              0x080001db   Thumb Code     0  _printf_llx.o(.ARM.Collect$$_printf_percent$$00000011)
    _printf_l                                0x080001e5   Thumb Code     0  _printf_l.o(.ARM.Collect$$_printf_percent$$00000012)
    _printf_c                                0x080001ef   Thumb Code     0  _printf_c.o(.ARM.Collect$$_printf_percent$$00000013)
    _printf_s                                0x080001f9   Thumb Code     0  _printf_s.o(.ARM.Collect$$_printf_percent$$00000014)
    _printf_lc                               0x08000203   Thumb Code     0  _printf_lc.o(.ARM.Collect$$_printf_percent$$00000015)
    _printf_ls                               0x0800020d   Thumb Code     0  _printf_ls.o(.ARM.Collect$$_printf_percent$$00000016)
    _printf_percent_end                      0x08000217   Thumb Code     0  _printf_percent_end.o(.ARM.Collect$$_printf_percent$$00000017)
    __rt_lib_init                            0x0800021b   Thumb Code     0  libinit.o(.ARM.Collect$$libinit$$00000000)
    __rt_lib_init_fp_1                       0x0800021d   Thumb Code     0  libinit2.o(.ARM.Collect$$libinit$$00000002)
    __rt_lib_init_heap_1                     0x0800021d   Thumb Code     0  libinit2.o(.ARM.Collect$$libinit$$0000000A)
    __rt_lib_init_lc_common                  0x0800021d   Thumb Code     0  libinit2.o(.ARM.Collect$$libinit$$0000000F)
    __rt_lib_init_preinit_1                  0x0800021d   Thumb Code     0  libinit2.o(.ARM.Collect$$libinit$$00000004)
    __rt_lib_init_rand_1                     0x0800021d   Thumb Code     0  libinit2.o(.ARM.Collect$$libinit$$0000000E)
    __rt_lib_init_user_alloc_1               0x0800021d   Thumb Code     0  libinit2.o(.ARM.Collect$$libinit$$0000000C)
    __rt_lib_init_lc_collate_1               0x08000223   Thumb Code     0  libinit2.o(.ARM.Collect$$libinit$$00000011)
    __rt_lib_init_lc_ctype_2                 0x08000223   Thumb Code     0  libinit2.o(.ARM.Collect$$libinit$$00000012)
    __rt_lib_init_lc_ctype_1                 0x0800022f   Thumb Code     0  libinit2.o(.ARM.Collect$$libinit$$00000013)
    __rt_lib_init_lc_monetary_1              0x0800022f   Thumb Code     0  libinit2.o(.ARM.Collect$$libinit$$00000015)
    __rt_lib_init_lc_numeric_2               0x0800022f   Thumb Code     0  libinit2.o(.ARM.Collect$$libinit$$00000016)
    __rt_lib_init_alloca_1                   0x08000239   Thumb Code     0  libinit2.o(.ARM.Collect$$libinit$$0000002E)
    __rt_lib_init_argv_1                     0x08000239   Thumb Code     0  libinit2.o(.ARM.Collect$$libinit$$0000002C)
    __rt_lib_init_atexit_1                   0x08000239   Thumb Code     0  libinit2.o(.ARM.Collect$$libinit$$0000001B)
    __rt_lib_init_clock_1                    0x08000239   Thumb Code     0  libinit2.o(.ARM.Collect$$libinit$$00000021)
    __rt_lib_init_cpp_1                      0x08000239   Thumb Code     0  libinit2.o(.ARM.Collect$$libinit$$00000032)
    __rt_lib_init_exceptions_1               0x08000239   Thumb Code     0  libinit2.o(.ARM.Collect$$libinit$$00000030)
    __rt_lib_init_fp_trap_1                  0x08000239   Thumb Code     0  libinit2.o(.ARM.Collect$$libinit$$0000001F)
    __rt_lib_init_getenv_1                   0x08000239   Thumb Code     0  libinit2.o(.ARM.Collect$$libinit$$00000023)
    __rt_lib_init_lc_numeric_1               0x08000239   Thumb Code     0  libinit2.o(.ARM.Collect$$libinit$$00000017)
    __rt_lib_init_lc_time_1                  0x08000239   Thumb Code     0  libinit2.o(.ARM.Collect$$libinit$$00000019)
    __rt_lib_init_return                     0x08000239   Thumb Code     0  libinit2.o(.ARM.Collect$$libinit$$00000033)
    __rt_lib_init_signal_1                   0x08000239   Thumb Code     0  libinit2.o(.ARM.Collect$$libinit$$0000001D)
    __rt_lib_init_stdio_1                    0x08000239   Thumb Code     0  libinit2.o(.ARM.Collect$$libinit$$00000025)
    __rt_lib_shutdown                        0x0800023b   Thumb Code     0  libshutdown.o(.ARM.Collect$$libshutdown$$00000000)
    __rt_lib_shutdown_cpp_1                  0x0800023d   Thumb Code     0  libshutdown2.o(.ARM.Collect$$libshutdown$$00000002)
    __rt_lib_shutdown_fp_trap_1              0x0800023d   Thumb Code     0  libshutdown2.o(.ARM.Collect$$libshutdown$$00000007)
    __rt_lib_shutdown_heap_1                 0x0800023d   Thumb Code     0  libshutdown2.o(.ARM.Collect$$libshutdown$$0000000F)
    __rt_lib_shutdown_return                 0x0800023d   Thumb Code     0  libshutdown2.o(.ARM.Collect$$libshutdown$$00000010)
    __rt_lib_shutdown_signal_1               0x0800023d   Thumb Code     0  libshutdown2.o(.ARM.Collect$$libshutdown$$0000000A)
    __rt_lib_shutdown_stdio_1                0x0800023d   Thumb Code     0  libshutdown2.o(.ARM.Collect$$libshutdown$$00000004)
    __rt_lib_shutdown_user_alloc_1           0x0800023d   Thumb Code     0  libshutdown2.o(.ARM.Collect$$libshutdown$$0000000C)
    __rt_entry                               0x0800023f   Thumb Code     0  __rtentry.o(.ARM.Collect$$rtentry$$00000000)
    __rt_entry_presh_1                       0x0800023f   Thumb Code     0  __rtentry2.o(.ARM.Collect$$rtentry$$00000002)
    __rt_entry_sh                            0x0800023f   Thumb Code     0  __rtentry4.o(.ARM.Collect$$rtentry$$00000004)
    __rt_entry_li                            0x08000245   Thumb Code     0  __rtentry2.o(.ARM.Collect$$rtentry$$0000000A)
    __rt_entry_postsh_1                      0x08000245   Thumb Code     0  __rtentry2.o(.ARM.Collect$$rtentry$$00000009)
    __rt_entry_main                          0x08000249   Thumb Code     0  __rtentry2.o(.ARM.Collect$$rtentry$$0000000D)
    __rt_entry_postli_1                      0x08000249   Thumb Code     0  __rtentry2.o(.ARM.Collect$$rtentry$$0000000C)
    __rt_exit                                0x08000251   Thumb Code     0  rtexit.o(.ARM.Collect$$rtexit$$00000000)
    __rt_exit_ls                             0x08000253   Thumb Code     0  rtexit2.o(.ARM.Collect$$rtexit$$00000003)
    __rt_exit_prels_1                        0x08000253   Thumb Code     0  rtexit2.o(.ARM.Collect$$rtexit$$00000002)
    __rt_exit_exit                           0x08000257   Thumb Code     0  rtexit2.o(.ARM.Collect$$rtexit$$00000004)
    Reset_Handler                            0x0800025d   Thumb Code     8  startup_apm32f051.o(.text)
    CEC_IRQHandler                           0x0800026f   Thumb Code     0  startup_apm32f051.o(.text)
    DMA1_CH1_IRQHandler                      0x0800026f   Thumb Code     0  startup_apm32f051.o(.text)
    DMA1_CH2_3_IRQHandler                    0x0800026f   Thumb Code     0  startup_apm32f051.o(.text)
    DMA1_CH4_5_IRQHandler                    0x0800026f   Thumb Code     0  startup_apm32f051.o(.text)
    EINT0_1_IRQHandler                       0x0800026f   Thumb Code     0  startup_apm32f051.o(.text)
    EINT2_3_IRQHandler                       0x0800026f   Thumb Code     0  startup_apm32f051.o(.text)
    EINT4_15_IRQHandler                      0x0800026f   Thumb Code     0  startup_apm32f051.o(.text)
    FLASH_IRQHandler                         0x0800026f   Thumb Code     0  startup_apm32f051.o(.text)
    I2C1_IRQHandler                          0x0800026f   Thumb Code     0  startup_apm32f051.o(.text)
    I2C2_IRQHandler                          0x0800026f   Thumb Code     0  startup_apm32f051.o(.text)
    PVD_IRQHandler                           0x0800026f   Thumb Code     0  startup_apm32f051.o(.text)
    RCM_IRQHandler                           0x0800026f   Thumb Code     0  startup_apm32f051.o(.text)
    RTC_IRQHandler                           0x0800026f   Thumb Code     0  startup_apm32f051.o(.text)
    SPI1_IRQHandler                          0x0800026f   Thumb Code     0  startup_apm32f051.o(.text)
    SPI2_IRQHandler                          0x0800026f   Thumb Code     0  startup_apm32f051.o(.text)
    TMR15_IRQHandler                         0x0800026f   Thumb Code     0  startup_apm32f051.o(.text)
    TMR16_IRQHandler                         0x0800026f   Thumb Code     0  startup_apm32f051.o(.text)
    TMR17_IRQHandler                         0x0800026f   Thumb Code     0  startup_apm32f051.o(.text)
    TMR1_BRK_UP_TRG_COM_IRQHandler           0x0800026f   Thumb Code     0  startup_apm32f051.o(.text)
    TMR1_CC_IRQHandler                       0x0800026f   Thumb Code     0  startup_apm32f051.o(.text)
    TMR3_IRQHandler                          0x0800026f   Thumb Code     0  startup_apm32f051.o(.text)
    TMR6_DAC_IRQHandler                      0x0800026f   Thumb Code     0  startup_apm32f051.o(.text)
    TSC_IRQHandler                           0x0800026f   Thumb Code     0  startup_apm32f051.o(.text)
    USART1_IRQHandler                        0x0800026f   Thumb Code     0  startup_apm32f051.o(.text)
    USART2_IRQHandler                        0x0800026f   Thumb Code     0  startup_apm32f051.o(.text)
    WWDT_IRQHandler                          0x0800026f   Thumb Code     0  startup_apm32f051.o(.text)
    __user_initial_stackheap                 0x08000271   Thumb Code     0  startup_apm32f051.o(.text)
    vsnprintf                                0x08000295   Thumb Code    50  vsnprintf.o(.text)
    __2snprintf                              0x080002cd   Thumb Code    54  __2snprintf.o(.text)
    _printf_int_dec                          0x08000309   Thumb Code    90  _printf_dec.o(.text)
    __printf                                 0x08000375   Thumb Code   386  __printf_flags_ss_wp.o(.text)
    atoi                                     0x080004fd   Thumb Code    26  atoi.o(.text)
    strlen                                   0x08000519   Thumb Code    62  strlen.o(.text)
    __aeabi_uidiv                            0x0800055d   Thumb Code     0  aeabi_sdiv.o(.text)
    __aeabi_uidivmod                         0x0800055d   Thumb Code    20  aeabi_sdiv.o(.text)
    __aeabi_idiv                             0x08000571   Thumb Code     0  aeabi_sdiv.o(.text)
    __aeabi_idivmod                          0x08000571   Thumb Code   326  aeabi_sdiv.o(.text)
    __use_two_region_memory                  0x080006b7   Thumb Code     2  heapauxi.o(.text)
    __rt_heap_escrow                         0x080006b9   Thumb Code     2  heapauxi.o(.text)
    __rt_heap_expand                         0x080006bb   Thumb Code     2  heapauxi.o(.text)
    __aeabi_f2d                              0x080006bd   Thumb Code     0  f2d.o(.text)
    _f2d                                     0x080006bd   Thumb Code    80  f2d.o(.text)
    __aeabi_fdiv                             0x08000711   Thumb Code     0  fdiv.o(.text)
    _fdiv                                    0x08000711   Thumb Code   334  fdiv.o(.text)
    _frdiv                                   0x0800085f   Thumb Code     8  fdiv.o(.text)
    __aeabi_f2uiz                            0x08000871   Thumb Code     0  ffixui.o(.text)
    _ffixu                                   0x08000871   Thumb Code    48  ffixui.o(.text)
    __aeabi_i2f_normalise                    0x080008a1   Thumb Code    72  fflti.o(.text)
    __aeabi_i2f                              0x080008e9   Thumb Code    16  fflti.o(.text)
    _fflt                                    0x080008e9   Thumb Code     0  fflti.o(.text)
    __aeabi_ui2f                             0x080008f9   Thumb Code     6  fflti.o(.text)
    _ffltu                                   0x080008f9   Thumb Code     0  fflti.o(.text)
    __aeabi_errno_addr                       0x08000901   Thumb Code     8  rt_errno_addr_intlibspace.o(.text)
    __errno$intlibspace                      0x08000901   Thumb Code     0  rt_errno_addr_intlibspace.o(.text)
    __rt_errno_addr$intlibspace              0x08000901   Thumb Code     0  rt_errno_addr_intlibspace.o(.text)
    _printf_pre_padding                      0x08000909   Thumb Code    44  _printf_pad.o(.text)
    _printf_post_padding                     0x08000935   Thumb Code    34  _printf_pad.o(.text)
    _printf_truncate_signed                  0x08000957   Thumb Code    18  _printf_truncate.o(.text)
    _printf_truncate_unsigned                0x08000969   Thumb Code    18  _printf_truncate.o(.text)
    _printf_str                              0x0800097b   Thumb Code    82  _printf_str.o(.text)
    _printf_int_common                       0x080009cd   Thumb Code   176  _printf_intcommon.o(.text)
    _printf_charcount                        0x08000a7d   Thumb Code    38  _printf_charcount.o(.text)
    __lib_sel_fp_printf                      0x08000aa5   Thumb Code     2  _printf_fp_dec.o(.text)
    _printf_fp_dec_real                      0x08000c3f   Thumb Code   620  _printf_fp_dec.o(.text)
    _printf_char_common                      0x08000ec3   Thumb Code    32  _printf_char_common.o(.text)
    _sputc                                   0x08000ee9   Thumb Code    10  _sputc.o(.text)
    _snputc                                  0x08000ef3   Thumb Code    16  _snputc.o(.text)
    _printf_wctomb                           0x08000f05   Thumb Code   182  _printf_wctomb.o(.text)
    _printf_longlong_dec                     0x08000fc1   Thumb Code    94  _printf_longlong_dec.o(.text)
    _printf_longlong_oct                     0x08001031   Thumb Code    68  _printf_oct_int_ll.o(.text)
    _printf_int_oct                          0x08001075   Thumb Code    24  _printf_oct_int_ll.o(.text)
    _printf_ll_oct                           0x0800108d   Thumb Code    10  _printf_oct_int_ll.o(.text)
    _printf_longlong_hex                     0x080010a1   Thumb Code    88  _printf_hex_int_ll_ptr.o(.text)
    _printf_int_hex                          0x080010f9   Thumb Code    28  _printf_hex_int_ll_ptr.o(.text)
    _printf_ll_hex                           0x08001115   Thumb Code    10  _printf_hex_int_ll_ptr.o(.text)
    _printf_hex_ptr                          0x0800111f   Thumb Code    22  _printf_hex_int_ll_ptr.o(.text)
    strtol                                   0x08001139   Thumb Code   108  strtol.o(.text)
    __rt_udiv10                              0x080011a9   Thumb Code    40  rtudiv10.o(.text)
    __user_libspace                          0x080011d1   Thumb Code     8  libspace.o(.text)
    __user_perproc_libspace                  0x080011d1   Thumb Code     0  libspace.o(.text)
    __user_perthread_libspace                0x080011d1   Thumb Code     0  libspace.o(.text)
    __rt_ctype_table                         0x080011d9   Thumb Code    16  rt_ctype_table.o(.text)
    __rt_locale                              0x080011e9   Thumb Code     8  rt_locale_intlibspace.o(.text)
    _ll_udiv10                               0x080011f1   Thumb Code   122  lludiv10.o(.text)
    _printf_fp_hex_real                      0x0800126d   Thumb Code   718  _printf_fp_hex.o(.text)
    _printf_fp_infnan                        0x08001545   Thumb Code   120  _printf_fp_infnan.o(.text)
    _printf_cs_common                        0x080015cd   Thumb Code    22  _printf_char.o(.text)
    _printf_char                             0x080015e3   Thumb Code    16  _printf_char.o(.text)
    _printf_string                           0x080015f3   Thumb Code     8  _printf_char.o(.text)
    _printf_lcs_common                       0x080015fb   Thumb Code    22  _printf_wchar.o(.text)
    _printf_wchar                            0x08001611   Thumb Code    16  _printf_wchar.o(.text)
    _printf_wstring                          0x08001621   Thumb Code     8  _printf_wchar.o(.text)
    _strtoul                                 0x08001629   Thumb Code   166  _strtoul.o(.text)
    _btod_etento                             0x080016d1   Thumb Code   196  bigflt0.o(.text)
    _btod_d2e                                0x08001799   Thumb Code    64  btod.o(.text)
    _btod_emul                               0x08001b8f   Thumb Code    24  btod.o(.text)
    _btod_emuld                              0x08001ba7   Thumb Code    88  btod.o(.text)
    _btod_ediv                               0x08001bff   Thumb Code    22  btod.o(.text)
    _btod_edivd                              0x08001c15   Thumb Code    60  btod.o(.text)
    _wcrtomb                                 0x08001c61   Thumb Code    64  _wcrtomb.o(.text)
    __user_setup_stackheap                   0x08001ca1   Thumb Code    62  sys_stackheap_outer.o(.text)
    _chval                                   0x08001cdf   Thumb Code    30  _chval.o(.text)
    exit                                     0x08001cfd   Thumb Code    16  exit.o(.text)
    strcmp                                   0x08001d0d   Thumb Code   132  strcmp.o(.text)
    __I$use$semihosting                      0x08001d95   Thumb Code     0  use_no_semi.o(.text)
    __use_no_semihosting_swi                 0x08001d95   Thumb Code     2  use_no_semi.o(.text)
    __semihosting_library_function           0x08001d97   Thumb Code     0  indicate_semi.o(.text)
    _sys_exit                                0x08001d99   Thumb Code     8  sys_exit.o(.text)
    ADC1_COMP_IRQHandler                     0x08001da5   Thumb Code     8  user_adc_hal.o(i.ADC1_COMP_IRQHandler)
    ADC_ClearIntFlag                         0x08001dad   Thumb Code     6  apm32f0xx_adc.o(i.ADC_ClearIntFlag)
    ADC_Isr                                  0x08001db9   Thumb Code    20  user_adc_hal.o(i.ADC_Isr)
    ADC_ReadIntFlag                          0x08001dcd   Thumb Code    38  apm32f0xx_adc.o(i.ADC_ReadIntFlag)
    APM_EVAL_DelayInit                       0x08001df9   Thumb Code    40  bsp_delay.o(i.APM_EVAL_DelayInit)
    APM_EVAL_DelayUs                         0x08001e31   Thumb Code    72  bsp_delay.o(i.APM_EVAL_DelayUs)
    APM_EVAL_Init                            0x08001e81   Thumb Code    40  main.o(i.APM_EVAL_Init)
    DIV_Disp_Alphabet                        0x08001ead   Thumb Code   644  user_disp_div.o(i.DIV_Disp_Alphabet)
    DIV_Disp_ByString                        0x08002131   Thumb Code   914  user_disp_div.o(i.DIV_Disp_ByString)
    DIV_Disp_ClearPoint                      0x080024c5   Thumb Code    28  user_disp_div.o(i.DIV_Disp_ClearPoint)
    DIV_Disp_FloatByString                   0x080024e5   Thumb Code  1062  user_disp_div.o(i.DIV_Disp_FloatByString)
    DIV_Disp_Init                            0x0800290b   Thumb Code     8  user_disp_div.o(i.DIV_Disp_Init)
    DIV_Disp_Num                             0x08002913   Thumb Code   266  user_disp_div.o(i.DIV_Disp_Num)
    DIV_Disp_OneFrame                        0x08002a1d   Thumb Code    68  user_disp_div.o(i.DIV_Disp_OneFrame)
    DIV_Disp_SecondDispSetnum                0x08002a6d   Thumb Code   218  user_disp_div.o(i.DIV_Disp_SecondDispSetnum)
    DIV_Disp_Snprintf                        0x08002b79   Thumb Code    52  user_disp_div.o(i.DIV_Disp_Snprintf)
    DIV_Disp_Symbol                          0x08002bad   Thumb Code   246  user_disp_div.o(i.DIV_Disp_Symbol)
    DIV_Disp_Uint16Num                       0x08002ca5   Thumb Code   304  user_disp_div.o(i.DIV_Disp_Uint16Num)
    DIV_Disp_floatNum                        0x08002dd9   Thumb Code    44  user_disp_div.o(i.DIV_Disp_floatNum)
    DIV_Key_Init                             0x08002e0d   Thumb Code     8  user_key_div.o(i.DIV_Key_Init)
    DIV_Pwm_Init                             0x08002e15   Thumb Code    56  user_pwm_div.o(i.DIV_Pwm_Init)
    DIV_Pwn_Control                          0x08002e61   Thumb Code   176  user_pwm_div.o(i.DIV_Pwn_Control)
    DIV_Pwn_Set                              0x08002f11   Thumb Code    52  user_pwm_div.o(i.DIV_Pwn_Set)
    Div_Key_Respon                           0x08002f49   Thumb Code  5384  main.o(i.Div_Key_Respon)
    Div_Key_Scan                             0x080044b5   Thumb Code   538  user_key_div.o(i.Div_Key_Scan)
    GPIO_ClearBit                            0x080046d9   Thumb Code     4  apm32f0xx_gpio.o(i.GPIO_ClearBit)
    GPIO_Config                              0x080046dd   Thumb Code   138  apm32f0xx_gpio.o(i.GPIO_Config)
    GPIO_ReadInputBit                        0x08004767   Thumb Code    20  apm32f0xx_gpio.o(i.GPIO_ReadInputBit)
    GPIO_SetBit                              0x0800477b   Thumb Code     4  apm32f0xx_gpio.o(i.GPIO_SetBit)
    HAL_Disp_ClearALL                        0x0800477f   Thumb Code    26  user_disp_hal.o(i.HAL_Disp_ClearALL)
    HAL_Disp_Config                          0x08004799   Thumb Code    32  user_disp_hal.o(i.HAL_Disp_Config)
    HAL_Disp_DelayUs                         0x080047b9   Thumb Code    12  user_disp_hal.o(i.HAL_Disp_DelayUs)
    HAL_Disp_Init                            0x080047c5   Thumb Code    46  user_disp_hal.o(i.HAL_Disp_Init)
    HAL_Disp_W_Cmd                           0x080047f9   Thumb Code   140  user_disp_hal.o(i.HAL_Disp_W_Cmd)
    HAL_Disp_W_Data                          0x08004885   Thumb Code   212  user_disp_hal.o(i.HAL_Disp_W_Data)
    HAL_Disp_WrSeriesData                    0x08004959   Thumb Code   218  user_disp_hal.o(i.HAL_Disp_WrSeriesData)
    HAL_Disp_Write_Pin                       0x08004a35   Thumb Code    96  user_disp_hal.o(i.HAL_Disp_Write_Pin)
    HAL_KEY_Init                             0x08004a99   Thumb Code    92  user_key_hal.o(i.HAL_KEY_Init)
    HAL_KEY_Read                             0x08004af9   Thumb Code    16  user_key_hal.o(i.HAL_KEY_Read)
    HAL_PWM_SetOutPut                        0x08004b09   Thumb Code    32  user_pwm_hal.o(i.HAL_PWM_SetOutPut)
    HAL_Pwm_Init                             0x08004b29   Thumb Code    44  user_pwm_hal.o(i.HAL_Pwm_Init)
    HAL_System_Init                          0x08004b59   Thumb Code   308  main.o(i.HAL_System_Init)
    HAL_TMR_Init                             0x08004c9d   Thumb Code    82  user_tmr_hal.o(i.HAL_TMR_Init)
    HardFault_Handler                        0x08004cf5   Thumb Code     2  apm32f0xx_int.o(i.HardFault_Handler)
    NMI_Handler                              0x08004cf7   Thumb Code     2  apm32f0xx_int.o(i.NMI_Handler)
    NVIC_EnableIRQRequest                    0x08004cf9   Thumb Code    32  apm32f0xx_misc.o(i.NVIC_EnableIRQRequest)
    PendSV_Handler                           0x08004d95   Thumb Code     2  apm32f0xx_int.o(i.PendSV_Handler)
    Perform_numerical_Edition                0x08004d99   Thumb Code   378  main.o(i.Perform_numerical_Edition)
    Perform_numerical_Edition_ShortPress     0x08004f2d   Thumb Code   128  main.o(i.Perform_numerical_Edition_ShortPress)
    RCM_EnableAHBPeriphClock                 0x08004fb5   Thumb Code    12  apm32f0xx_rcm.o(i.RCM_EnableAHBPeriphClock)
    RCM_EnableAPB1PeriphClock                0x08004fc5   Thumb Code    12  apm32f0xx_rcm.o(i.RCM_EnableAPB1PeriphClock)
    Runstate_Disp_runset                     0x08004fd5   Thumb Code   340  main.o(i.Runstate_Disp_runset)
    SVC_Handler                              0x0800514d   Thumb Code     2  apm32f0xx_int.o(i.SVC_Handler)
    Set_corresponding_option                 0x08005151   Thumb Code   108  main.o(i.Set_corresponding_option)
    Show_Presets                             0x080051d5   Thumb Code  1298  main.o(i.Show_Presets)
    SysTick_ConfigCLKSource                  0x080056e9   Thumb Code    32  apm32f0xx_misc.o(i.SysTick_ConfigCLKSource)
    SysTick_Handler                          0x0800570d   Thumb Code     2  apm32f0xx_int.o(i.SysTick_Handler)
    SystemInit                               0x080057f5   Thumb Code   120  system_apm32f0xx.o(i.SystemInit)
    TMR14_IRQHandler                         0x0800587d   Thumb Code     2  apm32f0xx_int.o(i.TMR14_IRQHandler)
    TMR2Isr                                  0x08005881   Thumb Code   358  main.o(i.TMR2Isr)
    TMR2_IRQHandler                          0x08005a2d   Thumb Code     8  user_tmr_hal.o(i.TMR2_IRQHandler)
    TMR_ClearIntFlag                         0x08005a35   Thumb Code     6  apm32f0xx_tmr.o(i.TMR_ClearIntFlag)
    TMR_ClearStatusFlag                      0x08005a3b   Thumb Code     6  apm32f0xx_tmr.o(i.TMR_ClearStatusFlag)
    TMR_ConfigInternalClock                  0x08005a41   Thumb Code    10  apm32f0xx_tmr.o(i.TMR_ConfigInternalClock)
    TMR_ConfigTimeBase                       0x08005a4d   Thumb Code   128  apm32f0xx_tmr.o(i.TMR_ConfigTimeBase)
    TMR_Enable                               0x08005ae5   Thumb Code    12  apm32f0xx_tmr.o(i.TMR_Enable)
    TMR_EnableInterrupt                      0x08005af1   Thumb Code     8  apm32f0xx_tmr.o(i.TMR_EnableInterrupt)
    TMR_ReadIntFlag                          0x08005af9   Thumb Code    26  apm32f0xx_tmr.o(i.TMR_ReadIntFlag)
    __ARM_common_ll_muluu                    0x08005b13   Thumb Code    48  btod.o(i.__ARM_common_ll_muluu)
    __ARM_common_switch8                     0x08005b43   Thumb Code    28  apm32f0xx_rtc.o(i.__ARM_common_switch8)
    __ARM_fpclassify                         0x08005b61   Thumb Code    40  fpclassify.o(i.__ARM_fpclassify)
    _is_digit                                0x08005b8d   Thumb Code    14  __printf_wp.o(i._is_digit)
    main                                     0x08005b9d   Thumb Code    50  main.o(i.main)
    mainTask                                 0x08005be5   Thumb Code   256  main.o(i.mainTask)
    t10ms_isr                                0x08005d31   Thumb Code    16  main.o(i.t10ms_isr)
    _get_lc_numeric                          0x08005d41   Thumb Code    44  lc_numeric_c.o(locale$$code)
    _get_lc_ctype                            0x08005d6d   Thumb Code    44  lc_ctype_c.o(locale$$code)
    __aeabi_fmul                             0x08005d99   Thumb Code     0  fmul.o(x$fpl$fmul)
    _fmul                                    0x08005d99   Thumb Code   172  fmul.o(x$fpl$fmul)
    _printf_fp_dec                           0x08005e49   Thumb Code    16  printf1.o(x$fpl$printf1)
    _printf_fp_hex                           0x08005e59   Thumb Code    16  printf2.o(x$fpl$printf2)
    __I$use$fp                               0x08005e68   Number         0  usenofp.o(x$fpl$usenofp)
    Region$$Table$$Base                      0x08005fa8   Number         0  anon$$obj.o(Region$$Table)
    Region$$Table$$Limit                     0x08005fc8   Number         0  anon$$obj.o(Region$$Table)
    __ctype                                  0x08005ff1   Data           0  lc_ctype_c.o(locale$$data)
    SystemCoreClock                          0x20000000   Data           4  system_apm32f0xx.o(.data)
    cntUs                                    0x20000004   Data           4  bsp_delay.o(.data)
    cntMs                                    0x20000008   Data           4  bsp_delay.o(.data)
    manu1_devicestate                        0x2000000c   Data           1  main.o(.data)
    manu2_normsetstatus                      0x2000000d   Data           1  main.o(.data)
    manu2_promodesetstatus                   0x2000000e   Data           1  main.o(.data)
    runstate                                 0x2000000f   Data           1  main.o(.data)
    compsestatus1                            0x20000010   Data           1  main.o(.data)
    compsestatus2                            0x20000011   Data           1  main.o(.data)
    noncstatus                               0x20000012   Data           1  main.o(.data)
    reactiontime                             0x20000014   Data           2  main.o(.data)
    mainscreencolor                          0x20000016   Data           1  main.o(.data)
    unitconversion                           0x20000017   Data           1  main.o(.data)
    secscreen                                0x20000018   Data           1  main.o(.data)
    dispeed                                  0x20000019   Data           1  main.o(.data)
    diflevel                                 0x2000001a   Data           1  main.o(.data)
    colorreaction                            0x2000001b   Data           1  main.o(.data)
    ecomode                                  0x2000001c   Data           1  main.o(.data)
    facrecover                               0x2000001d   Data           1  main.o(.data)
    threered_pwmval                          0x2000001e   Data           1  main.o(.data)
    onered_pwmval                            0x2000001f   Data           1  main.o(.data)
    doubleged_pwmval                         0x20000020   Data           1  main.o(.data)
    oneged_pwmval                            0x20000021   Data           1  main.o(.data)
    DIV_10MS                                 0x20000022   Data           1  main.o(.data)
    P1_Value                                 0x20000024   Data           2  main.o(.data)
    P2_Value                                 0x20000026   Data           2  main.o(.data)
    Hi1_Value                                0x20000028   Data           2  main.o(.data)
    Lo1_Value                                0x2000002a   Data           2  main.o(.data)
    Hi2_Value                                0x2000002c   Data           2  main.o(.data)
    Lo2_Value                                0x2000002e   Data           2  main.o(.data)
    testvalue                                0x20000030   Data           2  main.o(.data)
    Currentairpressure                       0x20000034   Data           4  main.o(.data)
    Set_sign                                 0x20000038   Data           1  main.o(.data)
    Set_2sLongPressEv                        0x20000039   Data           1  main.o(.data)
    runsetdisplay                            0x2000003a   Data           1  main.o(.data)
    runsetwhich                              0x2000003b   Data           1  main.o(.data)
    runsetwhich1                             0x2000003c   Data           1  main.o(.data)
    runsetwhich2                             0x2000003d   Data           1  main.o(.data)
    runsetwhich3                             0x2000003e   Data           1  main.o(.data)
    runsetwhich4                             0x2000003f   Data           1  main.o(.data)
    runsetwhich5                             0x20000040   Data           1  main.o(.data)
    runsetwhich6                             0x20000041   Data           1  main.o(.data)
    runsetwhich7                             0x20000042   Data           1  main.o(.data)
    runsetwhich8                             0x20000043   Data           1  main.o(.data)
    runsetwhich9                             0x20000044   Data           1  main.o(.data)
    Current_Unit                             0x20000045   Data           1  main.o(.data)
    addordownflag                            0x20000046   Data           1  main.o(.data)
    addtime                                  0x20000048   Data           2  main.o(.data)
    presstime                                0x2000004a   Data           2  main.o(.data)
    addcount                                 0x2000004c   Data           2  main.o(.data)
    addflag                                  0x2000004e   Data           1  main.o(.data)
    addamount                                0x2000004f   Data           1  main.o(.data)
    nowvalue                                 0x20000050   Data           2  main.o(.data)
    RunInit_FrameFont                        0x20000058   Data          26  user_disp_div.o(.data)
    NormSet_FrameFont                        0x20000072   Data          26  user_disp_div.o(.data)
    encheck_delay                            0x2000008c   Data          12  main.o(.bss)
    key_management                           0x20000098   Data          16  user_key_div.o(.bss)
    pwm0_management                          0x200000a8   Data          16  user_pwm_div.o(.bss)
    pwm1_management                          0x200000b8   Data          16  user_pwm_div.o(.bss)
    pwm2_management                          0x200000c8   Data          16  user_pwm_div.o(.bss)
    pwm3_management                          0x200000d8   Data          16  user_pwm_div.o(.bss)
    disp_management                          0x200000e8   Data          40  user_disp_div.o(.bss)
    __libspace_start                         0x20000110   Data          96  libspace.o(.bss)
    __temporary_stack_top$libspace           0x20000170   Data           0  libspace.o(.bss)



==============================================================================

Memory Map of the image

  Image Entry point : 0x080000bd

  Load Region LR_IROM1 (Base: 0x08000000, Size: 0x00006180, Max: 0x00010000, ABSOLUTE)

    Execution Region ER_IROM1 (Base: 0x08000000, Size: 0x000060f4, Max: 0x00010000, ABSOLUTE)

    Base Addr    Size         Type   Attr      Idx    E Section Name        Object

    0x08000000   0x000000bc   Data   RO            3    RESET               startup_apm32f051.o
    0x080000bc   0x00000008   Code   RO         5872  * !!!main             c_p.l(__main.o)
    0x080000c4   0x0000003c   Code   RO         6372    !!!scatter          c_p.l(__scatter.o)
    0x08000100   0x0000001a   Code   RO         6374    !!handler_copy      c_p.l(__scatter_copy.o)
    0x0800011a   0x00000002   PAD
    0x0800011c   0x0000001c   Code   RO         6376    !!handler_zi        c_p.l(__scatter_zi.o)
    0x08000138   0x00000002   Code   RO         5861    .ARM.Collect$$_printf_percent$$00000000  c_p.l(_printf_percent.o)
    0x0800013a   0x0000000a   Code   RO         5957    .ARM.Collect$$_printf_percent$$00000001  c_p.l(_printf_n.o)
    0x08000144   0x0000000a   Code   RO         5959    .ARM.Collect$$_printf_percent$$00000002  c_p.l(_printf_p.o)
    0x0800014e   0x0000000a   Code   RO         5860    .ARM.Collect$$_printf_percent$$00000003  c_p.l(_printf_f.o)
    0x08000158   0x0000000a   Code   RO         5963    .ARM.Collect$$_printf_percent$$00000004  c_p.l(_printf_e.o)
    0x08000162   0x0000000a   Code   RO         5964    .ARM.Collect$$_printf_percent$$00000005  c_p.l(_printf_g.o)
    0x0800016c   0x0000000a   Code   RO         5965    .ARM.Collect$$_printf_percent$$00000006  c_p.l(_printf_a.o)
    0x08000176   0x0000000a   Code   RO         5970    .ARM.Collect$$_printf_percent$$00000007  c_p.l(_printf_ll.o)
    0x08000180   0x0000000a   Code   RO         5961    .ARM.Collect$$_printf_percent$$00000008  c_p.l(_printf_i.o)
    0x0800018a   0x0000000a   Code   RO         5859    .ARM.Collect$$_printf_percent$$00000009  c_p.l(_printf_d.o)
    0x08000194   0x0000000a   Code   RO         5962    .ARM.Collect$$_printf_percent$$0000000A  c_p.l(_printf_u.o)
    0x0800019e   0x0000000a   Code   RO         5960    .ARM.Collect$$_printf_percent$$0000000B  c_p.l(_printf_o.o)
    0x080001a8   0x0000000a   Code   RO         5958    .ARM.Collect$$_printf_percent$$0000000C  c_p.l(_printf_x.o)
    0x080001b2   0x0000000a   Code   RO         5967    .ARM.Collect$$_printf_percent$$0000000D  c_p.l(_printf_lli.o)
    0x080001bc   0x0000000a   Code   RO         5968    .ARM.Collect$$_printf_percent$$0000000E  c_p.l(_printf_lld.o)
    0x080001c6   0x0000000a   Code   RO         5969    .ARM.Collect$$_printf_percent$$0000000F  c_p.l(_printf_llu.o)
    0x080001d0   0x0000000a   Code   RO         5974    .ARM.Collect$$_printf_percent$$00000010  c_p.l(_printf_llo.o)
    0x080001da   0x0000000a   Code   RO         5975    .ARM.Collect$$_printf_percent$$00000011  c_p.l(_printf_llx.o)
    0x080001e4   0x0000000a   Code   RO         5971    .ARM.Collect$$_printf_percent$$00000012  c_p.l(_printf_l.o)
    0x080001ee   0x0000000a   Code   RO         5955    .ARM.Collect$$_printf_percent$$00000013  c_p.l(_printf_c.o)
    0x080001f8   0x0000000a   Code   RO         5956    .ARM.Collect$$_printf_percent$$00000014  c_p.l(_printf_s.o)
    0x08000202   0x0000000a   Code   RO         5972    .ARM.Collect$$_printf_percent$$00000015  c_p.l(_printf_lc.o)
    0x0800020c   0x0000000a   Code   RO         5973    .ARM.Collect$$_printf_percent$$00000016  c_p.l(_printf_ls.o)
    0x08000216   0x00000004   Code   RO         5966    .ARM.Collect$$_printf_percent$$00000017  c_p.l(_printf_percent_end.o)
    0x0800021a   0x00000002   Code   RO         6168    .ARM.Collect$$libinit$$00000000  c_p.l(libinit.o)
    0x0800021c   0x00000000   Code   RO         6170    .ARM.Collect$$libinit$$00000002  c_p.l(libinit2.o)
    0x0800021c   0x00000000   Code   RO         6172    .ARM.Collect$$libinit$$00000004  c_p.l(libinit2.o)
    0x0800021c   0x00000000   Code   RO         6175    .ARM.Collect$$libinit$$0000000A  c_p.l(libinit2.o)
    0x0800021c   0x00000000   Code   RO         6177    .ARM.Collect$$libinit$$0000000C  c_p.l(libinit2.o)
    0x0800021c   0x00000000   Code   RO         6179    .ARM.Collect$$libinit$$0000000E  c_p.l(libinit2.o)
    0x0800021c   0x00000006   Code   RO         6180    .ARM.Collect$$libinit$$0000000F  c_p.l(libinit2.o)
    0x08000222   0x00000000   Code   RO         6182    .ARM.Collect$$libinit$$00000011  c_p.l(libinit2.o)
    0x08000222   0x0000000c   Code   RO         6183    .ARM.Collect$$libinit$$00000012  c_p.l(libinit2.o)
    0x0800022e   0x00000000   Code   RO         6184    .ARM.Collect$$libinit$$00000013  c_p.l(libinit2.o)
    0x0800022e   0x00000000   Code   RO         6186    .ARM.Collect$$libinit$$00000015  c_p.l(libinit2.o)
    0x0800022e   0x0000000a   Code   RO         6187    .ARM.Collect$$libinit$$00000016  c_p.l(libinit2.o)
    0x08000238   0x00000000   Code   RO         6188    .ARM.Collect$$libinit$$00000017  c_p.l(libinit2.o)
    0x08000238   0x00000000   Code   RO         6190    .ARM.Collect$$libinit$$00000019  c_p.l(libinit2.o)
    0x08000238   0x00000000   Code   RO         6192    .ARM.Collect$$libinit$$0000001B  c_p.l(libinit2.o)
    0x08000238   0x00000000   Code   RO         6194    .ARM.Collect$$libinit$$0000001D  c_p.l(libinit2.o)
    0x08000238   0x00000000   Code   RO         6196    .ARM.Collect$$libinit$$0000001F  c_p.l(libinit2.o)
    0x08000238   0x00000000   Code   RO         6198    .ARM.Collect$$libinit$$00000021  c_p.l(libinit2.o)
    0x08000238   0x00000000   Code   RO         6200    .ARM.Collect$$libinit$$00000023  c_p.l(libinit2.o)
    0x08000238   0x00000000   Code   RO         6202    .ARM.Collect$$libinit$$00000025  c_p.l(libinit2.o)
    0x08000238   0x00000000   Code   RO         6206    .ARM.Collect$$libinit$$0000002C  c_p.l(libinit2.o)
    0x08000238   0x00000000   Code   RO         6208    .ARM.Collect$$libinit$$0000002E  c_p.l(libinit2.o)
    0x08000238   0x00000000   Code   RO         6210    .ARM.Collect$$libinit$$00000030  c_p.l(libinit2.o)
    0x08000238   0x00000000   Code   RO         6212    .ARM.Collect$$libinit$$00000032  c_p.l(libinit2.o)
    0x08000238   0x00000002   Code   RO         6213    .ARM.Collect$$libinit$$00000033  c_p.l(libinit2.o)
    0x0800023a   0x00000002   Code   RO         6353    .ARM.Collect$$libshutdown$$00000000  c_p.l(libshutdown.o)
    0x0800023c   0x00000000   Code   RO         6215    .ARM.Collect$$libshutdown$$00000002  c_p.l(libshutdown2.o)
    0x0800023c   0x00000000   Code   RO         6217    .ARM.Collect$$libshutdown$$00000004  c_p.l(libshutdown2.o)
    0x0800023c   0x00000000   Code   RO         6220    .ARM.Collect$$libshutdown$$00000007  c_p.l(libshutdown2.o)
    0x0800023c   0x00000000   Code   RO         6223    .ARM.Collect$$libshutdown$$0000000A  c_p.l(libshutdown2.o)
    0x0800023c   0x00000000   Code   RO         6225    .ARM.Collect$$libshutdown$$0000000C  c_p.l(libshutdown2.o)
    0x0800023c   0x00000000   Code   RO         6228    .ARM.Collect$$libshutdown$$0000000F  c_p.l(libshutdown2.o)
    0x0800023c   0x00000002   Code   RO         6229    .ARM.Collect$$libshutdown$$00000010  c_p.l(libshutdown2.o)
    0x0800023e   0x00000000   Code   RO         5893    .ARM.Collect$$rtentry$$00000000  c_p.l(__rtentry.o)
    0x0800023e   0x00000000   Code   RO         5997    .ARM.Collect$$rtentry$$00000002  c_p.l(__rtentry2.o)
    0x0800023e   0x00000006   Code   RO         6009    .ARM.Collect$$rtentry$$00000004  c_p.l(__rtentry4.o)
    0x08000244   0x00000000   Code   RO         5999    .ARM.Collect$$rtentry$$00000009  c_p.l(__rtentry2.o)
    0x08000244   0x00000004   Code   RO         6000    .ARM.Collect$$rtentry$$0000000A  c_p.l(__rtentry2.o)
    0x08000248   0x00000000   Code   RO         6002    .ARM.Collect$$rtentry$$0000000C  c_p.l(__rtentry2.o)
    0x08000248   0x00000008   Code   RO         6003    .ARM.Collect$$rtentry$$0000000D  c_p.l(__rtentry2.o)
    0x08000250   0x00000002   Code   RO         6236    .ARM.Collect$$rtexit$$00000000  c_p.l(rtexit.o)
    0x08000252   0x00000000   Code   RO         6296    .ARM.Collect$$rtexit$$00000002  c_p.l(rtexit2.o)
    0x08000252   0x00000004   Code   RO         6297    .ARM.Collect$$rtexit$$00000003  c_p.l(rtexit2.o)
    0x08000256   0x00000006   Code   RO         6298    .ARM.Collect$$rtexit$$00000004  c_p.l(rtexit2.o)
    0x0800025c   0x00000038   Code   RO            4    .text               startup_apm32f051.o
    0x08000294   0x00000038   Code   RO         5825    .text               c_p.l(vsnprintf.o)
    0x080002cc   0x0000003c   Code   RO         5829    .text               c_p.l(__2snprintf.o)
    0x08000308   0x0000006c   Code   RO         5837    .text               c_p.l(_printf_dec.o)
    0x08000374   0x00000188   Code   RO         5856    .text               c_p.l(__printf_flags_ss_wp.o)
    0x080004fc   0x0000001a   Code   RO         5862    .text               c_p.l(atoi.o)
    0x08000516   0x00000002   PAD
    0x08000518   0x00000044   Code   RO         5864    .text               c_p.l(strlen.o)
    0x0800055c   0x0000015a   Code   RO         5866    .text               c_p.l(aeabi_sdiv.o)
    0x080006b6   0x00000006   Code   RO         5870    .text               c_p.l(heapauxi.o)
    0x080006bc   0x00000054   Code   RO         5874    .text               fz_ps.l(f2d.o)
    0x08000710   0x00000160   Code   RO         5882    .text               fz_ps.l(fdiv.o)
    0x08000870   0x00000030   Code   RO         5885    .text               fz_ps.l(ffixui.o)
    0x080008a0   0x0000005e   Code   RO         5887    .text               fz_ps.l(fflti.o)
    0x080008fe   0x00000002   PAD
    0x08000900   0x00000008   Code   RO         5901    .text               c_p.l(rt_errno_addr_intlibspace.o)
    0x08000908   0x0000004e   Code   RO         5903    .text               c_p.l(_printf_pad.o)
    0x08000956   0x00000024   Code   RO         5905    .text               c_p.l(_printf_truncate.o)
    0x0800097a   0x00000052   Code   RO         5907    .text               c_p.l(_printf_str.o)
    0x080009cc   0x000000b0   Code   RO         5909    .text               c_p.l(_printf_intcommon.o)
    0x08000a7c   0x00000026   Code   RO         5911    .text               c_p.l(_printf_charcount.o)
    0x08000aa2   0x00000002   PAD
    0x08000aa4   0x00000414   Code   RO         5913    .text               c_p.l(_printf_fp_dec.o)
    0x08000eb8   0x00000030   Code   RO         5915    .text               c_p.l(_printf_char_common.o)
    0x08000ee8   0x0000000a   Code   RO         5917    .text               c_p.l(_sputc.o)
    0x08000ef2   0x00000010   Code   RO         5919    .text               c_p.l(_snputc.o)
    0x08000f02   0x00000002   PAD
    0x08000f04   0x000000bc   Code   RO         5923    .text               c_p.l(_printf_wctomb.o)
    0x08000fc0   0x00000070   Code   RO         5926    .text               c_p.l(_printf_longlong_dec.o)
    0x08001030   0x00000070   Code   RO         5932    .text               c_p.l(_printf_oct_int_ll.o)
    0x080010a0   0x00000098   Code   RO         5952    .text               c_p.l(_printf_hex_int_ll_ptr.o)
    0x08001138   0x00000070   Code   RO         5976    .text               c_p.l(strtol.o)
    0x080011a8   0x00000028   Code   RO         5984    .text               c_p.l(rtudiv10.o)
    0x080011d0   0x00000008   Code   RO         5993    .text               c_p.l(libspace.o)
    0x080011d8   0x00000010   Code   RO         6011    .text               c_p.l(rt_ctype_table.o)
    0x080011e8   0x00000008   Code   RO         6018    .text               c_p.l(rt_locale_intlibspace.o)
    0x080011f0   0x0000007a   Code   RO         6020    .text               c_p.l(lludiv10.o)
    0x0800126a   0x00000002   PAD
    0x0800126c   0x000002d8   Code   RO         6022    .text               c_p.l(_printf_fp_hex.o)
    0x08001544   0x00000088   Code   RO         6025    .text               c_p.l(_printf_fp_infnan.o)
    0x080015cc   0x0000002e   Code   RO         6029    .text               c_p.l(_printf_char.o)
    0x080015fa   0x0000002e   Code   RO         6031    .text               c_p.l(_printf_wchar.o)
    0x08001628   0x000000a6   Code   RO         6033    .text               c_p.l(_strtoul.o)
    0x080016ce   0x00000002   PAD
    0x080016d0   0x000000c8   Code   RO         6035    .text               c_p.l(bigflt0.o)
    0x08001798   0x000004c8   Code   RO         6038    .text               c_p.l(btod.o)
    0x08001c60   0x00000040   Code   RO         6056    .text               c_p.l(_wcrtomb.o)
    0x08001ca0   0x0000003e   Code   RO         6072    .text               c_p.l(sys_stackheap_outer.o)
    0x08001cde   0x0000001e   Code   RO         6131    .text               c_p.l(_chval.o)
    0x08001cfc   0x00000010   Code   RO         6149    .text               c_p.l(exit.o)
    0x08001d0c   0x00000088   Code   RO         6161    .text               c_p.l(strcmp.o)
    0x08001d94   0x00000002   Code   RO         6232    .text               c_p.l(use_no_semi.o)
    0x08001d96   0x00000000   Code   RO         6234    .text               c_p.l(indicate_semi.o)
    0x08001d96   0x00000002   PAD
    0x08001d98   0x0000000c   Code   RO         6293    .text               c_p.l(sys_exit.o)
    0x08001da4   0x00000008   Code   RO         5387    i.ADC1_COMP_IRQHandler  user_adc_hal.o
    0x08001dac   0x0000000c   Code   RO           73    i.ADC_ClearIntFlag  apm32f0xx_adc.o
    0x08001db8   0x00000014   Code   RO         5388    i.ADC_Isr           user_adc_hal.o
    0x08001dcc   0x0000002c   Code   RO          110    i.ADC_ReadIntFlag   apm32f0xx_adc.o
    0x08001df8   0x00000038   Code   RO         4832    i.APM_EVAL_DelayInit  bsp_delay.o
    0x08001e30   0x00000050   Code   RO         4834    i.APM_EVAL_DelayUs  bsp_delay.o
    0x08001e80   0x0000002c   Code   RO         5149    i.APM_EVAL_Init     main.o
    0x08001eac   0x00000284   Code   RO         5706    i.DIV_Disp_Alphabet  user_disp_div.o
    0x08002130   0x00000392   Code   RO         5707    i.DIV_Disp_ByString  user_disp_div.o
    0x080024c2   0x00000002   PAD
    0x080024c4   0x00000020   Code   RO         5708    i.DIV_Disp_ClearPoint  user_disp_div.o
    0x080024e4   0x00000426   Code   RO         5709    i.DIV_Disp_FloatByString  user_disp_div.o
    0x0800290a   0x00000008   Code   RO         5710    i.DIV_Disp_Init     user_disp_div.o
    0x08002912   0x0000010a   Code   RO         5711    i.DIV_Disp_Num      user_disp_div.o
    0x08002a1c   0x00000050   Code   RO         5712    i.DIV_Disp_OneFrame  user_disp_div.o
    0x08002a6c   0x0000010c   Code   RO         5713    i.DIV_Disp_SecondDispSetnum  user_disp_div.o
    0x08002b78   0x00000034   Code   RO         5715    i.DIV_Disp_Snprintf  user_disp_div.o
    0x08002bac   0x000000f6   Code   RO         5716    i.DIV_Disp_Symbol   user_disp_div.o
    0x08002ca2   0x00000002   PAD
    0x08002ca4   0x00000134   Code   RO         5717    i.DIV_Disp_Uint16Num  user_disp_div.o
    0x08002dd8   0x00000034   Code   RO         5718    i.DIV_Disp_floatNum  user_disp_div.o
    0x08002e0c   0x00000008   Code   RO         5592    i.DIV_Key_Init      user_key_div.o
    0x08002e14   0x0000004c   Code   RO         5624    i.DIV_Pwm_Init      user_pwm_div.o
    0x08002e60   0x000000b0   Code   RO         5625    i.DIV_Pwn_Control   user_pwm_div.o
    0x08002f10   0x00000038   Code   RO         5626    i.DIV_Pwn_Set       user_pwm_div.o
    0x08002f48   0x0000156c   Code   RO         5150    i.Div_Key_Respon    main.o
    0x080044b4   0x00000224   Code   RO         5593    i.Div_Key_Scan      user_key_div.o
    0x080046d8   0x00000004   Code   RO         1233    i.GPIO_ClearBit     apm32f0xx_gpio.o
    0x080046dc   0x0000008a   Code   RO         1234    i.GPIO_Config       apm32f0xx_gpio.o
    0x08004766   0x00000014   Code   RO         1238    i.GPIO_ReadInputBit  apm32f0xx_gpio.o
    0x0800477a   0x00000004   Code   RO         1243    i.GPIO_SetBit       apm32f0xx_gpio.o
    0x0800477e   0x0000001a   Code   RO         5419    i.HAL_Disp_ClearALL  user_disp_hal.o
    0x08004798   0x00000020   Code   RO         5420    i.HAL_Disp_Config   user_disp_hal.o
    0x080047b8   0x0000000c   Code   RO         5421    i.HAL_Disp_DelayUs  user_disp_hal.o
    0x080047c4   0x00000034   Code   RO         5423    i.HAL_Disp_Init     user_disp_hal.o
    0x080047f8   0x0000008c   Code   RO         5424    i.HAL_Disp_W_Cmd    user_disp_hal.o
    0x08004884   0x000000d4   Code   RO         5425    i.HAL_Disp_W_Data   user_disp_hal.o
    0x08004958   0x000000da   Code   RO         5426    i.HAL_Disp_WrSeriesData  user_disp_hal.o
    0x08004a32   0x00000002   PAD
    0x08004a34   0x00000064   Code   RO         5427    i.HAL_Disp_Write_Pin  user_disp_hal.o
    0x08004a98   0x00000060   Code   RO         5361    i.HAL_KEY_Init      user_key_hal.o
    0x08004af8   0x00000010   Code   RO         5362    i.HAL_KEY_Read      user_key_hal.o
    0x08004b08   0x00000020   Code   RO         5487    i.HAL_PWM_SetOutPut  user_pwm_hal.o
    0x08004b28   0x00000030   Code   RO         5488    i.HAL_Pwm_Init      user_pwm_hal.o
    0x08004b58   0x00000144   Code   RO         5151    i.HAL_System_Init   main.o
    0x08004c9c   0x00000058   Code   RO         5335    i.HAL_TMR_Init      user_tmr_hal.o
    0x08004cf4   0x00000002   Code   RO         5096    i.HardFault_Handler  apm32f0xx_int.o
    0x08004cf6   0x00000002   Code   RO         5097    i.NMI_Handler       apm32f0xx_int.o
    0x08004cf8   0x00000024   Code   RO         2201    i.NVIC_EnableIRQRequest  apm32f0xx_misc.o
    0x08004d1c   0x00000078   Code   RO         2203    i.NVIC_SetPriority  apm32f0xx_misc.o
    0x08004d94   0x00000002   Code   RO         5098    i.PendSV_Handler    apm32f0xx_int.o
    0x08004d96   0x00000002   PAD
    0x08004d98   0x00000194   Code   RO         5152    i.Perform_numerical_Edition  main.o
    0x08004f2c   0x00000088   Code   RO         5153    i.Perform_numerical_Edition_ShortPress  main.o
    0x08004fb4   0x00000010   Code   RO         2458    i.RCM_EnableAHBPeriphClock  apm32f0xx_rcm.o
    0x08004fc4   0x00000010   Code   RO         2460    i.RCM_EnableAPB1PeriphClock  apm32f0xx_rcm.o
    0x08004fd4   0x00000178   Code   RO         5154    i.Runstate_Disp_runset  main.o
    0x0800514c   0x00000002   Code   RO         5099    i.SVC_Handler       apm32f0xx_int.o
    0x0800514e   0x00000002   PAD
    0x08005150   0x00000084   Code   RO         5155    i.Set_corresponding_option  main.o
    0x080051d4   0x00000512   Code   RO         5156    i.Show_Presets      main.o
    0x080056e6   0x00000002   PAD
    0x080056e8   0x00000024   Code   RO         2207    i.SysTick_ConfigCLKSource  apm32f0xx_misc.o
    0x0800570c   0x00000002   Code   RO         5100    i.SysTick_Handler   apm32f0xx_int.o
    0x0800570e   0x00000002   PAD
    0x08005710   0x000000dc   Code   RO           12    i.SystemClock48M    system_apm32f0xx.o
    0x080057ec   0x00000008   Code   RO           13    i.SystemClockConfig  system_apm32f0xx.o
    0x080057f4   0x00000088   Code   RO           15    i.SystemInit        system_apm32f0xx.o
    0x0800587c   0x00000002   Code   RO         5101    i.TMR14_IRQHandler  apm32f0xx_int.o
    0x0800587e   0x00000002   PAD
    0x08005880   0x000001ac   Code   RO         5157    i.TMR2Isr           main.o
    0x08005a2c   0x00000008   Code   RO         5336    i.TMR2_IRQHandler   user_tmr_hal.o
    0x08005a34   0x00000006   Code   RO         3599    i.TMR_ClearIntFlag  apm32f0xx_tmr.o
    0x08005a3a   0x00000006   Code   RO         3604    i.TMR_ClearStatusFlag  apm32f0xx_tmr.o
    0x08005a40   0x0000000a   Code   RO         3615    i.TMR_ConfigInternalClock  apm32f0xx_tmr.o
    0x08005a4a   0x00000002   PAD
    0x08005a4c   0x00000098   Code   RO         3618    i.TMR_ConfigTimeBase  apm32f0xx_tmr.o
    0x08005ae4   0x0000000c   Code   RO         3634    i.TMR_Enable        apm32f0xx_tmr.o
    0x08005af0   0x00000008   Code   RO         3642    i.TMR_EnableInterrupt  apm32f0xx_tmr.o
    0x08005af8   0x0000001a   Code   RO         3681    i.TMR_ReadIntFlag   apm32f0xx_tmr.o
    0x08005b12   0x00000030   Code   RO         6040    i.__ARM_common_ll_muluu  c_p.l(btod.o)
    0x08005b42   0x0000001c   Code   RO         3221    i.__ARM_common_switch8  apm32f0xx_rtc.o
    0x08005b5e   0x00000002   PAD
    0x08005b60   0x0000002c   Code   RO         6063    i.__ARM_fpclassify  m_ps.l(fpclassify.o)
    0x08005b8c   0x0000000e   Code   RO         5849    i._is_digit         c_p.l(__printf_wp.o)
    0x08005b9a   0x00000002   PAD
    0x08005b9c   0x00000048   Code   RO         5158    i.main              main.o
    0x08005be4   0x0000014c   Code   RO         5159    i.mainTask          main.o
    0x08005d30   0x00000010   Code   RO         5160    i.t10ms_isr         main.o
    0x08005d40   0x0000002c   Code   RO         6059    locale$$code        c_p.l(lc_numeric_c.o)
    0x08005d6c   0x0000002c   Code   RO         6147    locale$$code        c_p.l(lc_ctype_c.o)
    0x08005d98   0x000000b0   Code   RO         5889    x$fpl$fmul          fz_ps.l(fmul.o)
    0x08005e48   0x00000010   Code   RO         5891    x$fpl$printf1       fz_ps.l(printf1.o)
    0x08005e58   0x00000010   Code   RO         5986    x$fpl$printf2       fz_ps.l(printf2.o)
    0x08005e68   0x00000000   Code   RO         5992    x$fpl$usenofp       fz_ps.l(usenofp.o)
    0x08005e68   0x00000011   Data   RO         5857    .constdata          c_p.l(__printf_flags_ss_wp.o)
    0x08005e79   0x00000040   Data   RO         5883    .constdata          fz_ps.l(fdiv.o)
    0x08005eb9   0x00000003   PAD
    0x08005ebc   0x00000008   Data   RO         5924    .constdata          c_p.l(_printf_wctomb.o)
    0x08005ec4   0x00000028   Data   RO         5953    .constdata          c_p.l(_printf_hex_int_ll_ptr.o)
    0x08005eec   0x00000026   Data   RO         6023    .constdata          c_p.l(_printf_fp_hex.o)
    0x08005f12   0x00000002   PAD
    0x08005f14   0x00000094   Data   RO         6036    .constdata          c_p.l(bigflt0.o)
    0x08005fa8   0x00000020   Data   RO         6370    Region$$Table       anon$$obj.o
    0x08005fc8   0x0000001c   Data   RO         6058    locale$$data        c_p.l(lc_numeric_c.o)
    0x08005fe4   0x00000110   Data   RO         6146    locale$$data        c_p.l(lc_ctype_c.o)


    Execution Region RW_IRAM1 (Base: 0x20000000, Size: 0x00000770, Max: 0x00002000, ABSOLUTE)

    Base Addr    Size         Type   Attr      Idx    E Section Name        Object

    0x20000000   0x00000004   Data   RW           16    .data               system_apm32f0xx.o
    0x20000004   0x00000008   Data   RW         4835    .data               bsp_delay.o
    0x2000000c   0x0000004c   Data   RW         5163    .data               main.o
    0x20000058   0x00000034   Data   RW         5720    .data               user_disp_div.o
    0x2000008c   0x0000000c   Zero   RW         5161    .bss                main.o
    0x20000098   0x00000010   Zero   RW         5594    .bss                user_key_div.o
    0x200000a8   0x00000040   Zero   RW         5629    .bss                user_pwm_div.o
    0x200000e8   0x00000028   Zero   RW         5719    .bss                user_disp_div.o
    0x20000110   0x00000060   Zero   RW         5994    .bss                c_p.l(libspace.o)
    0x20000170   0x00000200   Zero   RW            2    HEAP                startup_apm32f051.o
    0x20000370   0x00000400   Zero   RW            1    STACK               startup_apm32f051.o


==============================================================================

Image component sizes


      Code (inc. data)   RO Data    RW Data    ZI Data      Debug   Object Name

        56         12          0          0          0       4405   apm32f0xx_adc.o
       166          0          0          0          0       4212   apm32f0xx_gpio.o
        12          0          0          0          0       2658   apm32f0xx_int.o
       192         18          0          0          0       7470   apm32f0xx_misc.o
        32          8          0          0          0       1019   apm32f0xx_rcm.o
        28          0          0          0          0         76   apm32f0xx_rtc.o
       220         24          0          0          0      10569   apm32f0xx_tmr.o
       136         24          0          8          0       1798   bsp_delay.o
      9046       1280          0         76         12      17283   main.o
        56         26        188          0       1536        664   startup_apm32f051.o
       364         26          0          4          0      65467   system_apm32f0xx.o
        28          0          0          0          0        997   user_adc_hal.o
      3932        258          0         52         40      15387   user_disp_div.o
       792         10          0          0          0       5633   user_disp_hal.o
       556         18          0          0         16       2599   user_key_div.o
       112          4          0          0          0       1522   user_key_hal.o
       308         24          0          0         64       3633   user_pwm_div.o
        80          4          0          0          0       1547   user_pwm_hal.o
        96          6          0          0          0       1049   user_tmr_hal.o

    ----------------------------------------------------------------------
     16232       1742        220        140       1668     147988   Object Totals
         0          0         32          0          0          0   (incl. Generated)
        20          0          0          0          0          0   (incl. Padding)

    ----------------------------------------------------------------------

      Code (inc. data)   RO Data    RW Data    ZI Data      Debug   Library Member Name

        60          6          0          0          0         92   __2snprintf.o
         8          0          0          0          0         68   __main.o
       392          6         17          0          0         76   __printf_flags_ss_wp.o
        14          0          0          0          0         60   __printf_wp.o
         0          0          0          0          0          0   __rtentry.o
        12          0          0          0          0          0   __rtentry2.o
         6          0          0          0          0          0   __rtentry4.o
        60          8          0          0          0          0   __scatter.o
        26          0          0          0          0          0   __scatter_copy.o
        28          0          0          0          0          0   __scatter_zi.o
        30          0          0          0          0         60   _chval.o
        10          0          0          0          0          0   _printf_a.o
        10          0          0          0          0          0   _printf_c.o
        46          0          0          0          0        100   _printf_char.o
        48          6          0          0          0         88   _printf_char_common.o
        38          0          0          0          0         60   _printf_charcount.o
        10          0          0          0          0          0   _printf_d.o
       108         18          0          0          0         76   _printf_dec.o
        10          0          0          0          0          0   _printf_e.o
        10          0          0          0          0          0   _printf_f.o
      1044         14          0          0          0        176   _printf_fp_dec.o
       728         10         38          0          0         84   _printf_fp_hex.o
       136         16          0          0          0         76   _printf_fp_infnan.o
        10          0          0          0          0          0   _printf_g.o
       152          4         40          0          0        148   _printf_hex_int_ll_ptr.o
        10          0          0          0          0          0   _printf_i.o
       176          0          0          0          0         84   _printf_intcommon.o
        10          0          0          0          0          0   _printf_l.o
        10          0          0          0          0          0   _printf_lc.o
        10          0          0          0          0          0   _printf_ll.o
        10          0          0          0          0          0   _printf_lld.o
        10          0          0          0          0          0   _printf_lli.o
        10          0          0          0          0          0   _printf_llo.o
        10          0          0          0          0          0   _printf_llu.o
        10          0          0          0          0          0   _printf_llx.o
       112         18          0          0          0         76   _printf_longlong_dec.o
        10          0          0          0          0          0   _printf_ls.o
        10          0          0          0          0          0   _printf_n.o
        10          0          0          0          0          0   _printf_o.o
       112         10          0          0          0        112   _printf_oct_int_ll.o
        10          0          0          0          0          0   _printf_p.o
        78          0          0          0          0        100   _printf_pad.o
         2          0          0          0          0          0   _printf_percent.o
         4          0          0          0          0          0   _printf_percent_end.o
        10          0          0          0          0          0   _printf_s.o
        82          0          0          0          0         72   _printf_str.o
        36          0          0          0          0         76   _printf_truncate.o
        10          0          0          0          0          0   _printf_u.o
        46          0          0          0          0        100   _printf_wchar.o
       188          6          8          0          0         80   _printf_wctomb.o
        10          0          0          0          0          0   _printf_x.o
        16          0          0          0          0         60   _snputc.o
        10          0          0          0          0         60   _sputc.o
       166          0          0          0          0         84   _strtoul.o
        64          0          0          0          0         72   _wcrtomb.o
       346          0          0          0          0         92   aeabi_sdiv.o
        26          0          0          0          0         72   atoi.o
       200          4        148          0          0         80   bigflt0.o
      1272         16          0          0          0        328   btod.o
        16          0          0          0          0         68   exit.o
         6          0          0          0          0        136   heapauxi.o
         0          0          0          0          0          0   indicate_semi.o
        44         10        272          0          0         76   lc_ctype_c.o
        44         10         28          0          0         76   lc_numeric_c.o
         2          0          0          0          0          0   libinit.o
        30          0          0          0          0          0   libinit2.o
         2          0          0          0          0          0   libshutdown.o
         2          0          0          0          0          0   libshutdown2.o
         8          4          0          0         96         68   libspace.o
       122          0          0          0          0         72   lludiv10.o
        16          4          0          0          0         76   rt_ctype_table.o
         8          4          0          0          0         68   rt_errno_addr_intlibspace.o
         8          4          0          0          0         68   rt_locale_intlibspace.o
         2          0          0          0          0          0   rtexit.o
        10          0          0          0          0          0   rtexit2.o
        40          0          0          0          0         60   rtudiv10.o
       136          4          0          0          0         72   strcmp.o
        68          6          0          0          0         72   strlen.o
       112          4          0          0          0         76   strtol.o
        12          4          0          0          0         60   sys_exit.o
        62          0          0          0          0         80   sys_stackheap_outer.o
         2          0          0          0          0         68   use_no_semi.o
        56          6          0          0          0         72   vsnprintf.o
        84          4          0          0          0         60   f2d.o
       352         10         64          0          0         92   fdiv.o
        48          0          0          0          0         60   ffixui.o
        94          0          0          0          0         92   fflti.o
       176          4          0          0          0         80   fmul.o
        16          4          0          0          0         76   printf1.o
        16          4          0          0          0         76   printf2.o
         0          0          0          0          0          0   usenofp.o
        44          4          0          0          0         60   fpclassify.o

    ----------------------------------------------------------------------
      7748        232        620          0         96       4576   Library Totals
        18          0          5          0          0          0   (incl. Padding)

    ----------------------------------------------------------------------

      Code (inc. data)   RO Data    RW Data    ZI Data      Debug   Library Name

      6900        202        551          0         96       3980   c_p.l
       786         26         64          0          0        536   fz_ps.l
        44          4          0          0          0         60   m_ps.l

    ----------------------------------------------------------------------
      7748        232        620          0         96       4576   Library Totals

    ----------------------------------------------------------------------

==============================================================================


      Code (inc. data)   RO Data    RW Data    ZI Data      Debug   

     23980       1974        840        140       1764     147076   Grand Totals
     23980       1974        840        140       1764     147076   ELF Image Totals
     23980       1974        840        140          0          0   ROM Totals

==============================================================================

    Total RO  Size (Code + RO Data)                24820 (  24.24kB)
    Total RW  Size (RW Data + ZI Data)              1904 (   1.86kB)
    Total ROM Size (Code + RO Data + RW Data)      24960 (  24.38kB)

==============================================================================

