<!doctype html public "-//w3c//dtd html 4.0 transitional//en">
<html><head>
<title>Static Call Graph - [..\Output\Ddps.axf]</title></head>
<body><HR>
<H1>Static Call Graph for image ..\Output\Ddps.axf</H1><HR>
<BR><P>#&#060CALLGRAPH&#062# ARM Linker, 5060422: Last Updated: Thu Aug 14 17:15:14 2025
<BR><P>
<H3>Maximum Stack Usage =         24 bytes + Unknown(Functions without stacksize, Cycles, Untraceable Function Pointers)</H3><H3>
Call chain for Maximum Stack Depth:</H3>
EINT0_1_IRQHandler &rArr; KEY2_Isr &rArr; APM_EVAL_DelayMs
<P>
<H3>
Functions with no stack information
</H3><UL>
 <LI><a href="#[3c]">__user_initial_stackheap</a>
</UL>
</UL>
<P>
<H3>
Mutually Recursive functions
</H3> <LI><a href="#[28]">CEC_IRQHandler</a>&nbsp;&nbsp;&nbsp;&rArr;&nbsp;&nbsp;&nbsp;<a href="#[28]">CEC_IRQHandler</a><BR>
</UL>
<P>
<H3>
Function Pointers
</H3><UL>
 <LI><a href="#[18]">ADC1_COMP_IRQHandler</a> from user_adc_hal.o(i.ADC1_COMP_IRQHandler) referenced from startup_apm32f051.o(RESET)
 <LI><a href="#[28]">CEC_IRQHandler</a> from startup_apm32f051.o(.text) referenced from startup_apm32f051.o(RESET)
 <LI><a href="#[15]">DMA1_CH1_IRQHandler</a> from startup_apm32f051.o(.text) referenced from startup_apm32f051.o(RESET)
 <LI><a href="#[16]">DMA1_CH2_3_IRQHandler</a> from startup_apm32f051.o(.text) referenced from startup_apm32f051.o(RESET)
 <LI><a href="#[17]">DMA1_CH4_5_IRQHandler</a> from startup_apm32f051.o(.text) referenced from startup_apm32f051.o(RESET)
 <LI><a href="#[11]">EINT0_1_IRQHandler</a> from user_key_hal.o(i.EINT0_1_IRQHandler) referenced from startup_apm32f051.o(RESET)
 <LI><a href="#[12]">EINT2_3_IRQHandler</a> from startup_apm32f051.o(.text) referenced from startup_apm32f051.o(RESET)
 <LI><a href="#[13]">EINT4_15_IRQHandler</a> from user_key_hal.o(i.EINT4_15_IRQHandler) referenced from startup_apm32f051.o(RESET)
 <LI><a href="#[f]">FLASH_IRQHandler</a> from startup_apm32f051.o(.text) referenced from startup_apm32f051.o(RESET)
 <LI><a href="#[8]">HardFault_Handler</a> from apm32f0xx_int.o(i.HardFault_Handler) referenced from startup_apm32f051.o(RESET)
 <LI><a href="#[22]">I2C1_IRQHandler</a> from startup_apm32f051.o(.text) referenced from startup_apm32f051.o(RESET)
 <LI><a href="#[23]">I2C2_IRQHandler</a> from startup_apm32f051.o(.text) referenced from startup_apm32f051.o(RESET)
 <LI><a href="#[7]">NMI_Handler</a> from apm32f0xx_int.o(i.NMI_Handler) referenced from startup_apm32f051.o(RESET)
 <LI><a href="#[d]">PVD_IRQHandler</a> from startup_apm32f051.o(.text) referenced from startup_apm32f051.o(RESET)
 <LI><a href="#[a]">PendSV_Handler</a> from apm32f0xx_int.o(i.PendSV_Handler) referenced from startup_apm32f051.o(RESET)
 <LI><a href="#[10]">RCM_IRQHandler</a> from startup_apm32f051.o(.text) referenced from startup_apm32f051.o(RESET)
 <LI><a href="#[e]">RTC_IRQHandler</a> from startup_apm32f051.o(.text) referenced from startup_apm32f051.o(RESET)
 <LI><a href="#[6]">Reset_Handler</a> from startup_apm32f051.o(.text) referenced from startup_apm32f051.o(RESET)
 <LI><a href="#[24]">SPI1_IRQHandler</a> from startup_apm32f051.o(.text) referenced from startup_apm32f051.o(RESET)
 <LI><a href="#[25]">SPI2_IRQHandler</a> from startup_apm32f051.o(.text) referenced from startup_apm32f051.o(RESET)
 <LI><a href="#[9]">SVC_Handler</a> from apm32f0xx_int.o(i.SVC_Handler) referenced from startup_apm32f051.o(RESET)
 <LI><a href="#[b]">SysTick_Handler</a> from apm32f0xx_int.o(i.SysTick_Handler) referenced from startup_apm32f051.o(RESET)
 <LI><a href="#[29]">SystemInit</a> from system_apm32f0xx.o(i.SystemInit) referenced from startup_apm32f051.o(.text)
 <LI><a href="#[1e]">TMR14_IRQHandler</a> from apm32f0xx_int.o(i.TMR14_IRQHandler) referenced from startup_apm32f051.o(RESET)
 <LI><a href="#[1f]">TMR15_IRQHandler</a> from startup_apm32f051.o(.text) referenced from startup_apm32f051.o(RESET)
 <LI><a href="#[20]">TMR16_IRQHandler</a> from startup_apm32f051.o(.text) referenced from startup_apm32f051.o(RESET)
 <LI><a href="#[21]">TMR17_IRQHandler</a> from startup_apm32f051.o(.text) referenced from startup_apm32f051.o(RESET)
 <LI><a href="#[19]">TMR1_BRK_UP_TRG_COM_IRQHandler</a> from startup_apm32f051.o(.text) referenced from startup_apm32f051.o(RESET)
 <LI><a href="#[1a]">TMR1_CC_IRQHandler</a> from startup_apm32f051.o(.text) referenced from startup_apm32f051.o(RESET)
 <LI><a href="#[1b]">TMR2_IRQHandler</a> from user_tmr_hal.o(i.TMR2_IRQHandler) referenced from startup_apm32f051.o(RESET)
 <LI><a href="#[1c]">TMR3_IRQHandler</a> from user_tmr_hal.o(i.TMR3_IRQHandler) referenced from startup_apm32f051.o(RESET)
 <LI><a href="#[1d]">TMR6_DAC_IRQHandler</a> from startup_apm32f051.o(.text) referenced from startup_apm32f051.o(RESET)
 <LI><a href="#[14]">TSC_IRQHandler</a> from startup_apm32f051.o(.text) referenced from startup_apm32f051.o(RESET)
 <LI><a href="#[26]">USART1_IRQHandler</a> from user_usart_hal.o(i.USART1_IRQHandler) referenced from startup_apm32f051.o(RESET)
 <LI><a href="#[27]">USART2_IRQHandler</a> from startup_apm32f051.o(.text) referenced from startup_apm32f051.o(RESET)
 <LI><a href="#[c]">WWDT_IRQHandler</a> from startup_apm32f051.o(.text) referenced from startup_apm32f051.o(RESET)
 <LI><a href="#[2b]">__main</a> from __main.o(!!!main) referenced from startup_apm32f051.o(.text)
</UL>
<P>
<H3>
Global Symbols
</H3>
<P><STRONG><a name="[2b]"></a>__main</STRONG> (Thumb, 8 bytes, Stack size 0 bytes, __main.o(!!!main))
<BR><BR>[Calls]<UL><LI><a href="#[2d]">&gt;&gt;</a>&nbsp;&nbsp;&nbsp;__rt_entry
<LI><a href="#[2c]">&gt;&gt;</a>&nbsp;&nbsp;&nbsp;__scatterload
</UL>

<P><STRONG><a name="[2c]"></a>__scatterload</STRONG> (Thumb, 0 bytes, Stack size unknown bytes, __scatter.o(!!!scatter))
<BR><BR>[Called By]<UL><LI><a href="#[2b]">&gt;&gt;</a>&nbsp;&nbsp;&nbsp;__main
</UL>

<P><STRONG><a name="[2e]"></a>__scatterload_rt2</STRONG> (Thumb, 52 bytes, Stack size unknown bytes, __scatter.o(!!!scatter), UNUSED)
<BR><BR>[Calls]<UL><LI><a href="#[2d]">&gt;&gt;</a>&nbsp;&nbsp;&nbsp;__rt_entry
</UL>

<P><STRONG><a name="[51]"></a>__scatterload_rt2_thumb_only</STRONG> (Thumb, 0 bytes, Stack size unknown bytes, __scatter.o(!!!scatter), UNUSED)

<P><STRONG><a name="[52]"></a>__scatterload_null</STRONG> (Thumb, 0 bytes, Stack size unknown bytes, __scatter.o(!!!scatter), UNUSED)

<P><STRONG><a name="[2f]"></a>__scatterload_copy</STRONG> (Thumb, 26 bytes, Stack size unknown bytes, __scatter_copy.o(!!handler_copy), UNUSED)
<BR><BR>[Calls]<UL><LI><a href="#[2f]">&gt;&gt;</a>&nbsp;&nbsp;&nbsp;__scatterload_copy
</UL>
<BR>[Called By]<UL><LI><a href="#[2f]">&gt;&gt;</a>&nbsp;&nbsp;&nbsp;__scatterload_copy
</UL>

<P><STRONG><a name="[53]"></a>__scatterload_zeroinit</STRONG> (Thumb, 28 bytes, Stack size unknown bytes, __scatter_zi.o(!!handler_zi), UNUSED)

<P><STRONG><a name="[33]"></a>__rt_lib_init</STRONG> (Thumb, 0 bytes, Stack size unknown bytes, libinit.o(.ARM.Collect$$libinit$$00000000))
<BR><BR>[Called By]<UL><LI><a href="#[32]">&gt;&gt;</a>&nbsp;&nbsp;&nbsp;__rt_entry_li
</UL>

<P><STRONG><a name="[54]"></a>__rt_lib_init_alloca_1</STRONG> (Thumb, 0 bytes, Stack size unknown bytes, libinit2.o(.ARM.Collect$$libinit$$0000002E))

<P><STRONG><a name="[55]"></a>__rt_lib_init_argv_1</STRONG> (Thumb, 0 bytes, Stack size unknown bytes, libinit2.o(.ARM.Collect$$libinit$$0000002C))

<P><STRONG><a name="[56]"></a>__rt_lib_init_atexit_1</STRONG> (Thumb, 0 bytes, Stack size unknown bytes, libinit2.o(.ARM.Collect$$libinit$$0000001B))

<P><STRONG><a name="[57]"></a>__rt_lib_init_clock_1</STRONG> (Thumb, 0 bytes, Stack size unknown bytes, libinit2.o(.ARM.Collect$$libinit$$00000021))

<P><STRONG><a name="[58]"></a>__rt_lib_init_cpp_1</STRONG> (Thumb, 0 bytes, Stack size unknown bytes, libinit2.o(.ARM.Collect$$libinit$$00000032))

<P><STRONG><a name="[59]"></a>__rt_lib_init_exceptions_1</STRONG> (Thumb, 0 bytes, Stack size unknown bytes, libinit2.o(.ARM.Collect$$libinit$$00000030))

<P><STRONG><a name="[5a]"></a>__rt_lib_init_fp_1</STRONG> (Thumb, 0 bytes, Stack size unknown bytes, libinit2.o(.ARM.Collect$$libinit$$00000002))

<P><STRONG><a name="[5b]"></a>__rt_lib_init_fp_trap_1</STRONG> (Thumb, 0 bytes, Stack size unknown bytes, libinit2.o(.ARM.Collect$$libinit$$0000001F))

<P><STRONG><a name="[5c]"></a>__rt_lib_init_getenv_1</STRONG> (Thumb, 0 bytes, Stack size unknown bytes, libinit2.o(.ARM.Collect$$libinit$$00000023))

<P><STRONG><a name="[5d]"></a>__rt_lib_init_heap_1</STRONG> (Thumb, 0 bytes, Stack size unknown bytes, libinit2.o(.ARM.Collect$$libinit$$0000000A))

<P><STRONG><a name="[5e]"></a>__rt_lib_init_lc_collate_1</STRONG> (Thumb, 0 bytes, Stack size unknown bytes, libinit2.o(.ARM.Collect$$libinit$$00000011))

<P><STRONG><a name="[5f]"></a>__rt_lib_init_lc_ctype_1</STRONG> (Thumb, 0 bytes, Stack size unknown bytes, libinit2.o(.ARM.Collect$$libinit$$00000013))

<P><STRONG><a name="[60]"></a>__rt_lib_init_lc_monetary_1</STRONG> (Thumb, 0 bytes, Stack size unknown bytes, libinit2.o(.ARM.Collect$$libinit$$00000015))

<P><STRONG><a name="[61]"></a>__rt_lib_init_lc_numeric_1</STRONG> (Thumb, 0 bytes, Stack size unknown bytes, libinit2.o(.ARM.Collect$$libinit$$00000017))

<P><STRONG><a name="[62]"></a>__rt_lib_init_lc_time_1</STRONG> (Thumb, 0 bytes, Stack size unknown bytes, libinit2.o(.ARM.Collect$$libinit$$00000019))

<P><STRONG><a name="[63]"></a>__rt_lib_init_preinit_1</STRONG> (Thumb, 0 bytes, Stack size unknown bytes, libinit2.o(.ARM.Collect$$libinit$$00000004))

<P><STRONG><a name="[64]"></a>__rt_lib_init_rand_1</STRONG> (Thumb, 0 bytes, Stack size unknown bytes, libinit2.o(.ARM.Collect$$libinit$$0000000E))

<P><STRONG><a name="[65]"></a>__rt_lib_init_return</STRONG> (Thumb, 0 bytes, Stack size unknown bytes, libinit2.o(.ARM.Collect$$libinit$$00000033))

<P><STRONG><a name="[66]"></a>__rt_lib_init_signal_1</STRONG> (Thumb, 0 bytes, Stack size unknown bytes, libinit2.o(.ARM.Collect$$libinit$$0000001D))

<P><STRONG><a name="[67]"></a>__rt_lib_init_stdio_1</STRONG> (Thumb, 0 bytes, Stack size unknown bytes, libinit2.o(.ARM.Collect$$libinit$$00000025))

<P><STRONG><a name="[68]"></a>__rt_lib_init_user_alloc_1</STRONG> (Thumb, 0 bytes, Stack size unknown bytes, libinit2.o(.ARM.Collect$$libinit$$0000000C))

<P><STRONG><a name="[38]"></a>__rt_lib_shutdown</STRONG> (Thumb, 0 bytes, Stack size unknown bytes, libshutdown.o(.ARM.Collect$$libshutdown$$00000000))
<BR><BR>[Called By]<UL><LI><a href="#[37]">&gt;&gt;</a>&nbsp;&nbsp;&nbsp;__rt_exit_ls
</UL>

<P><STRONG><a name="[69]"></a>__rt_lib_shutdown_cpp_1</STRONG> (Thumb, 0 bytes, Stack size unknown bytes, libshutdown2.o(.ARM.Collect$$libshutdown$$00000002))

<P><STRONG><a name="[6a]"></a>__rt_lib_shutdown_fp_trap_1</STRONG> (Thumb, 0 bytes, Stack size unknown bytes, libshutdown2.o(.ARM.Collect$$libshutdown$$00000007))

<P><STRONG><a name="[6b]"></a>__rt_lib_shutdown_heap_1</STRONG> (Thumb, 0 bytes, Stack size unknown bytes, libshutdown2.o(.ARM.Collect$$libshutdown$$0000000F))

<P><STRONG><a name="[6c]"></a>__rt_lib_shutdown_return</STRONG> (Thumb, 0 bytes, Stack size unknown bytes, libshutdown2.o(.ARM.Collect$$libshutdown$$00000010))

<P><STRONG><a name="[6d]"></a>__rt_lib_shutdown_signal_1</STRONG> (Thumb, 0 bytes, Stack size unknown bytes, libshutdown2.o(.ARM.Collect$$libshutdown$$0000000A))

<P><STRONG><a name="[6e]"></a>__rt_lib_shutdown_stdio_1</STRONG> (Thumb, 0 bytes, Stack size unknown bytes, libshutdown2.o(.ARM.Collect$$libshutdown$$00000004))

<P><STRONG><a name="[6f]"></a>__rt_lib_shutdown_user_alloc_1</STRONG> (Thumb, 0 bytes, Stack size unknown bytes, libshutdown2.o(.ARM.Collect$$libshutdown$$0000000C))

<P><STRONG><a name="[2d]"></a>__rt_entry</STRONG> (Thumb, 0 bytes, Stack size unknown bytes, __rtentry.o(.ARM.Collect$$rtentry$$00000000))
<BR><BR>[Called By]<UL><LI><a href="#[2b]">&gt;&gt;</a>&nbsp;&nbsp;&nbsp;__main
<LI><a href="#[2e]">&gt;&gt;</a>&nbsp;&nbsp;&nbsp;__scatterload_rt2
</UL>

<P><STRONG><a name="[70]"></a>__rt_entry_presh_1</STRONG> (Thumb, 0 bytes, Stack size unknown bytes, __rtentry2.o(.ARM.Collect$$rtentry$$00000002))

<P><STRONG><a name="[30]"></a>__rt_entry_sh</STRONG> (Thumb, 0 bytes, Stack size unknown bytes, __rtentry4.o(.ARM.Collect$$rtentry$$00000004))
<BR><BR>[Stack]<UL><LI>Max Depth = 8 + Unknown Stack Size
<LI>Call Chain = __rt_entry_sh &rArr; __user_setup_stackheap
</UL>
<BR>[Calls]<UL><LI><a href="#[31]">&gt;&gt;</a>&nbsp;&nbsp;&nbsp;__user_setup_stackheap
</UL>

<P><STRONG><a name="[32]"></a>__rt_entry_li</STRONG> (Thumb, 0 bytes, Stack size unknown bytes, __rtentry2.o(.ARM.Collect$$rtentry$$0000000A))
<BR><BR>[Calls]<UL><LI><a href="#[33]">&gt;&gt;</a>&nbsp;&nbsp;&nbsp;__rt_lib_init
</UL>

<P><STRONG><a name="[71]"></a>__rt_entry_postsh_1</STRONG> (Thumb, 0 bytes, Stack size unknown bytes, __rtentry2.o(.ARM.Collect$$rtentry$$00000009))

<P><STRONG><a name="[34]"></a>__rt_entry_main</STRONG> (Thumb, 0 bytes, Stack size unknown bytes, __rtentry2.o(.ARM.Collect$$rtentry$$0000000D))
<BR><BR>[Stack]<UL><LI>Max Depth = 8 + Unknown Stack Size
<LI>Call Chain = __rt_entry_main &rArr; main &rArr; APM_EVAL_DelayInit
</UL>
<BR>[Calls]<UL><LI><a href="#[35]">&gt;&gt;</a>&nbsp;&nbsp;&nbsp;main
<LI><a href="#[36]">&gt;&gt;</a>&nbsp;&nbsp;&nbsp;exit
</UL>

<P><STRONG><a name="[72]"></a>__rt_entry_postli_1</STRONG> (Thumb, 0 bytes, Stack size unknown bytes, __rtentry2.o(.ARM.Collect$$rtentry$$0000000C))

<P><STRONG><a name="[3e]"></a>__rt_exit</STRONG> (Thumb, 0 bytes, Stack size unknown bytes, rtexit.o(.ARM.Collect$$rtexit$$00000000))
<BR><BR>[Called By]<UL><LI><a href="#[36]">&gt;&gt;</a>&nbsp;&nbsp;&nbsp;exit
</UL>

<P><STRONG><a name="[37]"></a>__rt_exit_ls</STRONG> (Thumb, 0 bytes, Stack size unknown bytes, rtexit2.o(.ARM.Collect$$rtexit$$00000003))
<BR><BR>[Calls]<UL><LI><a href="#[38]">&gt;&gt;</a>&nbsp;&nbsp;&nbsp;__rt_lib_shutdown
</UL>

<P><STRONG><a name="[73]"></a>__rt_exit_prels_1</STRONG> (Thumb, 0 bytes, Stack size unknown bytes, rtexit2.o(.ARM.Collect$$rtexit$$00000002))

<P><STRONG><a name="[39]"></a>__rt_exit_exit</STRONG> (Thumb, 0 bytes, Stack size unknown bytes, rtexit2.o(.ARM.Collect$$rtexit$$00000004))
<BR><BR>[Calls]<UL><LI><a href="#[3a]">&gt;&gt;</a>&nbsp;&nbsp;&nbsp;_sys_exit
</UL>

<P><STRONG><a name="[6]"></a>Reset_Handler</STRONG> (Thumb, 8 bytes, Stack size 0 bytes, startup_apm32f051.o(.text))
<BR>[Address Reference Count : 1]<UL><LI> startup_apm32f051.o(RESET)
</UL>
<P><STRONG><a name="[28]"></a>CEC_IRQHandler</STRONG> (Thumb, 0 bytes, Stack size 0 bytes, startup_apm32f051.o(.text))
<BR><BR>[Calls]<UL><LI><a href="#[28]">&gt;&gt;</a>&nbsp;&nbsp;&nbsp;CEC_IRQHandler
</UL>
<BR>[Called By]<UL><LI><a href="#[28]">&gt;&gt;</a>&nbsp;&nbsp;&nbsp;CEC_IRQHandler
</UL>
<BR>[Address Reference Count : 1]<UL><LI> startup_apm32f051.o(RESET)
</UL>
<P><STRONG><a name="[15]"></a>DMA1_CH1_IRQHandler</STRONG> (Thumb, 0 bytes, Stack size 0 bytes, startup_apm32f051.o(.text))
<BR>[Address Reference Count : 1]<UL><LI> startup_apm32f051.o(RESET)
</UL>
<P><STRONG><a name="[16]"></a>DMA1_CH2_3_IRQHandler</STRONG> (Thumb, 0 bytes, Stack size 0 bytes, startup_apm32f051.o(.text))
<BR>[Address Reference Count : 1]<UL><LI> startup_apm32f051.o(RESET)
</UL>
<P><STRONG><a name="[17]"></a>DMA1_CH4_5_IRQHandler</STRONG> (Thumb, 0 bytes, Stack size 0 bytes, startup_apm32f051.o(.text))
<BR>[Address Reference Count : 1]<UL><LI> startup_apm32f051.o(RESET)
</UL>
<P><STRONG><a name="[12]"></a>EINT2_3_IRQHandler</STRONG> (Thumb, 0 bytes, Stack size 0 bytes, startup_apm32f051.o(.text))
<BR>[Address Reference Count : 1]<UL><LI> startup_apm32f051.o(RESET)
</UL>
<P><STRONG><a name="[f]"></a>FLASH_IRQHandler</STRONG> (Thumb, 0 bytes, Stack size 0 bytes, startup_apm32f051.o(.text))
<BR>[Address Reference Count : 1]<UL><LI> startup_apm32f051.o(RESET)
</UL>
<P><STRONG><a name="[22]"></a>I2C1_IRQHandler</STRONG> (Thumb, 0 bytes, Stack size 0 bytes, startup_apm32f051.o(.text))
<BR>[Address Reference Count : 1]<UL><LI> startup_apm32f051.o(RESET)
</UL>
<P><STRONG><a name="[23]"></a>I2C2_IRQHandler</STRONG> (Thumb, 0 bytes, Stack size 0 bytes, startup_apm32f051.o(.text))
<BR>[Address Reference Count : 1]<UL><LI> startup_apm32f051.o(RESET)
</UL>
<P><STRONG><a name="[d]"></a>PVD_IRQHandler</STRONG> (Thumb, 0 bytes, Stack size 0 bytes, startup_apm32f051.o(.text))
<BR>[Address Reference Count : 1]<UL><LI> startup_apm32f051.o(RESET)
</UL>
<P><STRONG><a name="[10]"></a>RCM_IRQHandler</STRONG> (Thumb, 0 bytes, Stack size 0 bytes, startup_apm32f051.o(.text))
<BR>[Address Reference Count : 1]<UL><LI> startup_apm32f051.o(RESET)
</UL>
<P><STRONG><a name="[e]"></a>RTC_IRQHandler</STRONG> (Thumb, 0 bytes, Stack size 0 bytes, startup_apm32f051.o(.text))
<BR>[Address Reference Count : 1]<UL><LI> startup_apm32f051.o(RESET)
</UL>
<P><STRONG><a name="[24]"></a>SPI1_IRQHandler</STRONG> (Thumb, 0 bytes, Stack size 0 bytes, startup_apm32f051.o(.text))
<BR>[Address Reference Count : 1]<UL><LI> startup_apm32f051.o(RESET)
</UL>
<P><STRONG><a name="[25]"></a>SPI2_IRQHandler</STRONG> (Thumb, 0 bytes, Stack size 0 bytes, startup_apm32f051.o(.text))
<BR>[Address Reference Count : 1]<UL><LI> startup_apm32f051.o(RESET)
</UL>
<P><STRONG><a name="[1f]"></a>TMR15_IRQHandler</STRONG> (Thumb, 0 bytes, Stack size 0 bytes, startup_apm32f051.o(.text))
<BR>[Address Reference Count : 1]<UL><LI> startup_apm32f051.o(RESET)
</UL>
<P><STRONG><a name="[20]"></a>TMR16_IRQHandler</STRONG> (Thumb, 0 bytes, Stack size 0 bytes, startup_apm32f051.o(.text))
<BR>[Address Reference Count : 1]<UL><LI> startup_apm32f051.o(RESET)
</UL>
<P><STRONG><a name="[21]"></a>TMR17_IRQHandler</STRONG> (Thumb, 0 bytes, Stack size 0 bytes, startup_apm32f051.o(.text))
<BR>[Address Reference Count : 1]<UL><LI> startup_apm32f051.o(RESET)
</UL>
<P><STRONG><a name="[19]"></a>TMR1_BRK_UP_TRG_COM_IRQHandler</STRONG> (Thumb, 0 bytes, Stack size 0 bytes, startup_apm32f051.o(.text))
<BR>[Address Reference Count : 1]<UL><LI> startup_apm32f051.o(RESET)
</UL>
<P><STRONG><a name="[1a]"></a>TMR1_CC_IRQHandler</STRONG> (Thumb, 0 bytes, Stack size 0 bytes, startup_apm32f051.o(.text))
<BR>[Address Reference Count : 1]<UL><LI> startup_apm32f051.o(RESET)
</UL>
<P><STRONG><a name="[1d]"></a>TMR6_DAC_IRQHandler</STRONG> (Thumb, 0 bytes, Stack size 0 bytes, startup_apm32f051.o(.text))
<BR>[Address Reference Count : 1]<UL><LI> startup_apm32f051.o(RESET)
</UL>
<P><STRONG><a name="[14]"></a>TSC_IRQHandler</STRONG> (Thumb, 0 bytes, Stack size 0 bytes, startup_apm32f051.o(.text))
<BR>[Address Reference Count : 1]<UL><LI> startup_apm32f051.o(RESET)
</UL>
<P><STRONG><a name="[27]"></a>USART2_IRQHandler</STRONG> (Thumb, 0 bytes, Stack size 0 bytes, startup_apm32f051.o(.text))
<BR>[Address Reference Count : 1]<UL><LI> startup_apm32f051.o(RESET)
</UL>
<P><STRONG><a name="[c]"></a>WWDT_IRQHandler</STRONG> (Thumb, 0 bytes, Stack size 0 bytes, startup_apm32f051.o(.text))
<BR>[Address Reference Count : 1]<UL><LI> startup_apm32f051.o(RESET)
</UL>
<P><STRONG><a name="[3c]"></a>__user_initial_stackheap</STRONG> (Thumb, 0 bytes, Stack size unknown bytes, startup_apm32f051.o(.text))
<BR><BR>[Called By]<UL><LI><a href="#[31]">&gt;&gt;</a>&nbsp;&nbsp;&nbsp;__user_setup_stackheap
</UL>

<P><STRONG><a name="[74]"></a>__use_no_semihosting</STRONG> (Thumb, 2 bytes, Stack size 0 bytes, use_no_semi_2.o(.text), UNUSED)

<P><STRONG><a name="[75]"></a>__aeabi_uidiv</STRONG> (Thumb, 0 bytes, Stack size 0 bytes, aeabi_sdiv.o(.text), UNUSED)

<P><STRONG><a name="[41]"></a>__aeabi_uidivmod</STRONG> (Thumb, 20 bytes, Stack size 0 bytes, aeabi_sdiv.o(.text))
<BR><BR>[Called By]<UL><LI><a href="#[3f]">&gt;&gt;</a>&nbsp;&nbsp;&nbsp;APM_EVAL_DelayInit
</UL>

<P><STRONG><a name="[76]"></a>__aeabi_idiv</STRONG> (Thumb, 0 bytes, Stack size 8 bytes, aeabi_sdiv.o(.text), UNUSED)

<P><STRONG><a name="[77]"></a>__aeabi_idivmod</STRONG> (Thumb, 326 bytes, Stack size 8 bytes, aeabi_sdiv.o(.text), UNUSED)

<P><STRONG><a name="[78]"></a>__use_two_region_memory</STRONG> (Thumb, 2 bytes, Stack size 0 bytes, heapauxi.o(.text), UNUSED)

<P><STRONG><a name="[79]"></a>__rt_heap_escrow$2region</STRONG> (Thumb, 2 bytes, Stack size 0 bytes, heapauxi.o(.text), UNUSED)

<P><STRONG><a name="[7a]"></a>__rt_heap_expand$2region</STRONG> (Thumb, 2 bytes, Stack size 0 bytes, heapauxi.o(.text), UNUSED)

<P><STRONG><a name="[7b]"></a>__I$use$semihosting</STRONG> (Thumb, 0 bytes, Stack size 0 bytes, use_no_semi.o(.text), UNUSED)

<P><STRONG><a name="[7c]"></a>__use_no_semihosting_swi</STRONG> (Thumb, 2 bytes, Stack size 0 bytes, use_no_semi.o(.text), UNUSED)

<P><STRONG><a name="[7d]"></a>__user_libspace</STRONG> (Thumb, 8 bytes, Stack size 0 bytes, libspace.o(.text), UNUSED)

<P><STRONG><a name="[3b]"></a>__user_perproc_libspace</STRONG> (Thumb, 0 bytes, Stack size 0 bytes, libspace.o(.text))
<BR><BR>[Called By]<UL><LI><a href="#[31]">&gt;&gt;</a>&nbsp;&nbsp;&nbsp;__user_setup_stackheap
</UL>

<P><STRONG><a name="[7e]"></a>__user_perthread_libspace</STRONG> (Thumb, 0 bytes, Stack size 0 bytes, libspace.o(.text), UNUSED)

<P><STRONG><a name="[31]"></a>__user_setup_stackheap</STRONG> (Thumb, 62 bytes, Stack size 8 bytes, sys_stackheap_outer.o(.text))
<BR><BR>[Stack]<UL><LI>Max Depth = 8 + Unknown Stack Size
<LI>Call Chain = __user_setup_stackheap
</UL>
<BR>[Calls]<UL><LI><a href="#[3c]">&gt;&gt;</a>&nbsp;&nbsp;&nbsp;__user_initial_stackheap
<LI><a href="#[3b]">&gt;&gt;</a>&nbsp;&nbsp;&nbsp;__user_perproc_libspace
</UL>
<BR>[Called By]<UL><LI><a href="#[30]">&gt;&gt;</a>&nbsp;&nbsp;&nbsp;__rt_entry_sh
</UL>

<P><STRONG><a name="[36]"></a>exit</STRONG> (Thumb, 16 bytes, Stack size 8 bytes, exit.o(.text))
<BR><BR>[Stack]<UL><LI>Max Depth = 8 + Unknown Stack Size
<LI>Call Chain = exit
</UL>
<BR>[Calls]<UL><LI><a href="#[3e]">&gt;&gt;</a>&nbsp;&nbsp;&nbsp;__rt_exit
<LI><a href="#[3d]">&gt;&gt;</a>&nbsp;&nbsp;&nbsp;_call_atexit_fns (Weak Reference)
</UL>
<BR>[Called By]<UL><LI><a href="#[34]">&gt;&gt;</a>&nbsp;&nbsp;&nbsp;__rt_entry_main
</UL>

<P><STRONG><a name="[18]"></a>ADC1_COMP_IRQHandler</STRONG> (Thumb, 2 bytes, Stack size 0 bytes, user_adc_hal.o(i.ADC1_COMP_IRQHandler))
<BR>[Address Reference Count : 1]<UL><LI> startup_apm32f051.o(RESET)
</UL>
<P><STRONG><a name="[3f]"></a>APM_EVAL_DelayInit</STRONG> (Thumb, 36 bytes, Stack size 8 bytes, bsp_delay.o(i.APM_EVAL_DelayInit))
<BR><BR>[Stack]<UL><LI>Max Depth = 8<LI>Call Chain = APM_EVAL_DelayInit
</UL>
<BR>[Calls]<UL><LI><a href="#[40]">&gt;&gt;</a>&nbsp;&nbsp;&nbsp;SysTick_ConfigCLKSource
<LI><a href="#[41]">&gt;&gt;</a>&nbsp;&nbsp;&nbsp;__aeabi_uidivmod
</UL>
<BR>[Called By]<UL><LI><a href="#[35]">&gt;&gt;</a>&nbsp;&nbsp;&nbsp;main
</UL>

<P><STRONG><a name="[49]"></a>APM_EVAL_DelayMs</STRONG> (Thumb, 48 bytes, Stack size 8 bytes, bsp_delay.o(i.APM_EVAL_DelayMs))
<BR><BR>[Stack]<UL><LI>Max Depth = 8<LI>Call Chain = APM_EVAL_DelayMs
</UL>
<BR>[Called By]<UL><LI><a href="#[46]">&gt;&gt;</a>&nbsp;&nbsp;&nbsp;KEY3_Isr
<LI><a href="#[45]">&gt;&gt;</a>&nbsp;&nbsp;&nbsp;KEY2_Isr
<LI><a href="#[43]">&gt;&gt;</a>&nbsp;&nbsp;&nbsp;KEY1_Isr
</UL>

<P><STRONG><a name="[4e]"></a>DIV_Usart_ISR</STRONG> (Thumb, 28 bytes, Stack size 8 bytes, user_usart_div.o(i.DIV_Usart_ISR))
<BR><BR>[Stack]<UL><LI>Max Depth = 8<LI>Call Chain = DIV_Usart_ISR
</UL>
<BR>[Called By]<UL><LI><a href="#[4b]">&gt;&gt;</a>&nbsp;&nbsp;&nbsp;USART_Receive_Isr
</UL>

<P><STRONG><a name="[11]"></a>EINT0_1_IRQHandler</STRONG> (Thumb, 44 bytes, Stack size 8 bytes, user_key_hal.o(i.EINT0_1_IRQHandler))
<BR><BR>[Stack]<UL><LI>Max Depth = 24<LI>Call Chain = EINT0_1_IRQHandler &rArr; KEY2_Isr &rArr; APM_EVAL_DelayMs
</UL>
<BR>[Calls]<UL><LI><a href="#[42]">&gt;&gt;</a>&nbsp;&nbsp;&nbsp;EINT_ReadStatusFlag
<LI><a href="#[44]">&gt;&gt;</a>&nbsp;&nbsp;&nbsp;EINT_ClearStatusFlag
<LI><a href="#[45]">&gt;&gt;</a>&nbsp;&nbsp;&nbsp;KEY2_Isr
<LI><a href="#[43]">&gt;&gt;</a>&nbsp;&nbsp;&nbsp;KEY1_Isr
</UL>
<BR>[Address Reference Count : 1]<UL><LI> startup_apm32f051.o(RESET)
</UL>
<P><STRONG><a name="[13]"></a>EINT4_15_IRQHandler</STRONG> (Thumb, 28 bytes, Stack size 8 bytes, user_key_hal.o(i.EINT4_15_IRQHandler))
<BR><BR>[Stack]<UL><LI>Max Depth = 24<LI>Call Chain = EINT4_15_IRQHandler &rArr; KEY3_Isr &rArr; APM_EVAL_DelayMs
</UL>
<BR>[Calls]<UL><LI><a href="#[42]">&gt;&gt;</a>&nbsp;&nbsp;&nbsp;EINT_ReadStatusFlag
<LI><a href="#[44]">&gt;&gt;</a>&nbsp;&nbsp;&nbsp;EINT_ClearStatusFlag
<LI><a href="#[46]">&gt;&gt;</a>&nbsp;&nbsp;&nbsp;KEY3_Isr
</UL>
<BR>[Address Reference Count : 1]<UL><LI> startup_apm32f051.o(RESET)
</UL>
<P><STRONG><a name="[44]"></a>EINT_ClearStatusFlag</STRONG> (Thumb, 6 bytes, Stack size 0 bytes, apm32f0xx_eint.o(i.EINT_ClearStatusFlag))
<BR><BR>[Called By]<UL><LI><a href="#[13]">&gt;&gt;</a>&nbsp;&nbsp;&nbsp;EINT4_15_IRQHandler
<LI><a href="#[11]">&gt;&gt;</a>&nbsp;&nbsp;&nbsp;EINT0_1_IRQHandler
</UL>

<P><STRONG><a name="[42]"></a>EINT_ReadStatusFlag</STRONG> (Thumb, 16 bytes, Stack size 0 bytes, apm32f0xx_eint.o(i.EINT_ReadStatusFlag))
<BR><BR>[Called By]<UL><LI><a href="#[13]">&gt;&gt;</a>&nbsp;&nbsp;&nbsp;EINT4_15_IRQHandler
<LI><a href="#[11]">&gt;&gt;</a>&nbsp;&nbsp;&nbsp;EINT0_1_IRQHandler
</UL>

<P><STRONG><a name="[48]"></a>GPIO_ReadInputBit</STRONG> (Thumb, 10 bytes, Stack size 0 bytes, apm32f0xx_gpio.o(i.GPIO_ReadInputBit))
<BR><BR>[Called By]<UL><LI><a href="#[47]">&gt;&gt;</a>&nbsp;&nbsp;&nbsp;HAL_KEY_Read
</UL>

<P><STRONG><a name="[47]"></a>HAL_KEY_Read</STRONG> (Thumb, 8 bytes, Stack size 8 bytes, user_key_hal.o(i.HAL_KEY_Read))
<BR><BR>[Stack]<UL><LI>Max Depth = 8<LI>Call Chain = HAL_KEY_Read
</UL>
<BR>[Calls]<UL><LI><a href="#[48]">&gt;&gt;</a>&nbsp;&nbsp;&nbsp;GPIO_ReadInputBit
</UL>
<BR>[Called By]<UL><LI><a href="#[46]">&gt;&gt;</a>&nbsp;&nbsp;&nbsp;KEY3_Isr
<LI><a href="#[45]">&gt;&gt;</a>&nbsp;&nbsp;&nbsp;KEY2_Isr
<LI><a href="#[43]">&gt;&gt;</a>&nbsp;&nbsp;&nbsp;KEY1_Isr
</UL>

<P><STRONG><a name="[50]"></a>HAL_System_Init</STRONG> (Thumb, 210 bytes, Stack size 0 bytes, mainfunction.o(i.HAL_System_Init))
<BR><BR>[Called By]<UL><LI><a href="#[35]">&gt;&gt;</a>&nbsp;&nbsp;&nbsp;main
</UL>

<P><STRONG><a name="[8]"></a>HardFault_Handler</STRONG> (Thumb, 2 bytes, Stack size 0 bytes, apm32f0xx_int.o(i.HardFault_Handler))
<BR>[Address Reference Count : 1]<UL><LI> startup_apm32f051.o(RESET)
</UL>
<P><STRONG><a name="[43]"></a>KEY1_Isr</STRONG> (Thumb, 54 bytes, Stack size 8 bytes, user_key_div.o(i.KEY1_Isr))
<BR><BR>[Stack]<UL><LI>Max Depth = 16<LI>Call Chain = KEY1_Isr &rArr; APM_EVAL_DelayMs
</UL>
<BR>[Calls]<UL><LI><a href="#[49]">&gt;&gt;</a>&nbsp;&nbsp;&nbsp;APM_EVAL_DelayMs
<LI><a href="#[47]">&gt;&gt;</a>&nbsp;&nbsp;&nbsp;HAL_KEY_Read
</UL>
<BR>[Called By]<UL><LI><a href="#[11]">&gt;&gt;</a>&nbsp;&nbsp;&nbsp;EINT0_1_IRQHandler
</UL>

<P><STRONG><a name="[45]"></a>KEY2_Isr</STRONG> (Thumb, 56 bytes, Stack size 8 bytes, user_key_div.o(i.KEY2_Isr))
<BR><BR>[Stack]<UL><LI>Max Depth = 16<LI>Call Chain = KEY2_Isr &rArr; APM_EVAL_DelayMs
</UL>
<BR>[Calls]<UL><LI><a href="#[49]">&gt;&gt;</a>&nbsp;&nbsp;&nbsp;APM_EVAL_DelayMs
<LI><a href="#[47]">&gt;&gt;</a>&nbsp;&nbsp;&nbsp;HAL_KEY_Read
</UL>
<BR>[Called By]<UL><LI><a href="#[11]">&gt;&gt;</a>&nbsp;&nbsp;&nbsp;EINT0_1_IRQHandler
</UL>

<P><STRONG><a name="[46]"></a>KEY3_Isr</STRONG> (Thumb, 56 bytes, Stack size 8 bytes, user_key_div.o(i.KEY3_Isr))
<BR><BR>[Stack]<UL><LI>Max Depth = 16<LI>Call Chain = KEY3_Isr &rArr; APM_EVAL_DelayMs
</UL>
<BR>[Calls]<UL><LI><a href="#[49]">&gt;&gt;</a>&nbsp;&nbsp;&nbsp;APM_EVAL_DelayMs
<LI><a href="#[47]">&gt;&gt;</a>&nbsp;&nbsp;&nbsp;HAL_KEY_Read
</UL>
<BR>[Called By]<UL><LI><a href="#[13]">&gt;&gt;</a>&nbsp;&nbsp;&nbsp;EINT4_15_IRQHandler
</UL>

<P><STRONG><a name="[7]"></a>NMI_Handler</STRONG> (Thumb, 2 bytes, Stack size 0 bytes, apm32f0xx_int.o(i.NMI_Handler))
<BR>[Address Reference Count : 1]<UL><LI> startup_apm32f051.o(RESET)
</UL>
<P><STRONG><a name="[a]"></a>PendSV_Handler</STRONG> (Thumb, 2 bytes, Stack size 0 bytes, apm32f0xx_int.o(i.PendSV_Handler))
<BR>[Address Reference Count : 1]<UL><LI> startup_apm32f051.o(RESET)
</UL>
<P><STRONG><a name="[9]"></a>SVC_Handler</STRONG> (Thumb, 2 bytes, Stack size 0 bytes, apm32f0xx_int.o(i.SVC_Handler))
<BR>[Address Reference Count : 1]<UL><LI> startup_apm32f051.o(RESET)
</UL>
<P><STRONG><a name="[40]"></a>SysTick_ConfigCLKSource</STRONG> (Thumb, 20 bytes, Stack size 0 bytes, apm32f0xx_misc.o(i.SysTick_ConfigCLKSource))
<BR><BR>[Called By]<UL><LI><a href="#[3f]">&gt;&gt;</a>&nbsp;&nbsp;&nbsp;APM_EVAL_DelayInit
</UL>

<P><STRONG><a name="[b]"></a>SysTick_Handler</STRONG> (Thumb, 2 bytes, Stack size 0 bytes, apm32f0xx_int.o(i.SysTick_Handler))
<BR>[Address Reference Count : 1]<UL><LI> startup_apm32f051.o(RESET)
</UL>
<P><STRONG><a name="[29]"></a>SystemInit</STRONG> (Thumb, 92 bytes, Stack size 8 bytes, system_apm32f0xx.o(i.SystemInit))
<BR><BR>[Stack]<UL><LI>Max Depth = 16<LI>Call Chain = SystemInit &rArr; SystemClock48M
</UL>
<BR>[Calls]<UL><LI><a href="#[4a]">&gt;&gt;</a>&nbsp;&nbsp;&nbsp;SystemClock48M
</UL>
<BR>[Address Reference Count : 1]<UL><LI> startup_apm32f051.o(.text)
</UL>
<P><STRONG><a name="[1e]"></a>TMR14_IRQHandler</STRONG> (Thumb, 2 bytes, Stack size 0 bytes, apm32f0xx_int.o(i.TMR14_IRQHandler))
<BR>[Address Reference Count : 1]<UL><LI> startup_apm32f051.o(RESET)
</UL>
<P><STRONG><a name="[1b]"></a>TMR2_IRQHandler</STRONG> (Thumb, 2 bytes, Stack size 0 bytes, user_tmr_hal.o(i.TMR2_IRQHandler))
<BR>[Address Reference Count : 1]<UL><LI> startup_apm32f051.o(RESET)
</UL>
<P><STRONG><a name="[1c]"></a>TMR3_IRQHandler</STRONG> (Thumb, 2 bytes, Stack size 0 bytes, user_tmr_hal.o(i.TMR3_IRQHandler))
<BR>[Address Reference Count : 1]<UL><LI> startup_apm32f051.o(RESET)
</UL>
<P><STRONG><a name="[26]"></a>USART1_IRQHandler</STRONG> (Thumb, 8 bytes, Stack size 8 bytes, user_usart_hal.o(i.USART1_IRQHandler))
<BR><BR>[Stack]<UL><LI>Max Depth = 24<LI>Call Chain = USART1_IRQHandler &rArr; USART_Receive_Isr &rArr; DIV_Usart_ISR
</UL>
<BR>[Calls]<UL><LI><a href="#[4b]">&gt;&gt;</a>&nbsp;&nbsp;&nbsp;USART_Receive_Isr
</UL>
<BR>[Address Reference Count : 1]<UL><LI> startup_apm32f051.o(RESET)
</UL>
<P><STRONG><a name="[4f]"></a>USART_ClearStatusFlag</STRONG> (Thumb, 4 bytes, Stack size 0 bytes, apm32f0xx_usart.o(i.USART_ClearStatusFlag))
<BR><BR>[Called By]<UL><LI><a href="#[4b]">&gt;&gt;</a>&nbsp;&nbsp;&nbsp;USART_Receive_Isr
</UL>

<P><STRONG><a name="[4c]"></a>USART_ReadStatusFlag</STRONG> (Thumb, 10 bytes, Stack size 0 bytes, apm32f0xx_usart.o(i.USART_ReadStatusFlag))
<BR><BR>[Called By]<UL><LI><a href="#[4b]">&gt;&gt;</a>&nbsp;&nbsp;&nbsp;USART_Receive_Isr
</UL>

<P><STRONG><a name="[4b]"></a>USART_Receive_Isr</STRONG> (Thumb, 64 bytes, Stack size 8 bytes, user_usart_hal.o(i.USART_Receive_Isr))
<BR><BR>[Stack]<UL><LI>Max Depth = 16<LI>Call Chain = USART_Receive_Isr &rArr; DIV_Usart_ISR
</UL>
<BR>[Calls]<UL><LI><a href="#[4d]">&gt;&gt;</a>&nbsp;&nbsp;&nbsp;USART_RxData
<LI><a href="#[4c]">&gt;&gt;</a>&nbsp;&nbsp;&nbsp;USART_ReadStatusFlag
<LI><a href="#[4f]">&gt;&gt;</a>&nbsp;&nbsp;&nbsp;USART_ClearStatusFlag
<LI><a href="#[4e]">&gt;&gt;</a>&nbsp;&nbsp;&nbsp;DIV_Usart_ISR
</UL>
<BR>[Called By]<UL><LI><a href="#[26]">&gt;&gt;</a>&nbsp;&nbsp;&nbsp;USART1_IRQHandler
</UL>

<P><STRONG><a name="[4d]"></a>USART_RxData</STRONG> (Thumb, 8 bytes, Stack size 0 bytes, apm32f0xx_usart.o(i.USART_RxData))
<BR><BR>[Called By]<UL><LI><a href="#[4b]">&gt;&gt;</a>&nbsp;&nbsp;&nbsp;USART_Receive_Isr
</UL>

<P><STRONG><a name="[3a]"></a>_sys_exit</STRONG> (Thumb, 2 bytes, Stack size 0 bytes, user_usart_hal.o(i._sys_exit))
<BR><BR>[Called By]<UL><LI><a href="#[39]">&gt;&gt;</a>&nbsp;&nbsp;&nbsp;__rt_exit_exit
</UL>

<P><STRONG><a name="[35]"></a>main</STRONG> (Thumb, 10 bytes, Stack size 0 bytes, main.o(i.main))
<BR><BR>[Stack]<UL><LI>Max Depth = 8<LI>Call Chain = main &rArr; APM_EVAL_DelayInit
</UL>
<BR>[Calls]<UL><LI><a href="#[3f]">&gt;&gt;</a>&nbsp;&nbsp;&nbsp;APM_EVAL_DelayInit
<LI><a href="#[50]">&gt;&gt;</a>&nbsp;&nbsp;&nbsp;HAL_System_Init
</UL>
<BR>[Called By]<UL><LI><a href="#[34]">&gt;&gt;</a>&nbsp;&nbsp;&nbsp;__rt_entry_main
</UL>
<P>
<H3>
Local Symbols
</H3>
<P><STRONG><a name="[4a]"></a>SystemClock48M</STRONG> (Thumb, 134 bytes, Stack size 8 bytes, system_apm32f0xx.o(i.SystemClock48M))
<BR><BR>[Stack]<UL><LI>Max Depth = 8<LI>Call Chain = SystemClock48M
</UL>
<BR>[Called By]<UL><LI><a href="#[29]">&gt;&gt;</a>&nbsp;&nbsp;&nbsp;SystemInit
</UL>
<P>
<H3>
Undefined Global Symbols
</H3>
<P><STRONG><a name="[3d]"></a>_call_atexit_fns</STRONG> (ARM, 0 bytes, Stack size 0 bytes, UNDEFINED)
<BR><BR>[Called By]<UL><LI><a href="#[36]">&gt;&gt;</a>&nbsp;&nbsp;&nbsp;exit
</UL>
<HR></body></html>
