<html>
<body>
<pre>
<h1>�Vision Build Log</h1>
<h2>Tool Versions:</h2>
IDE-Version: µVision V5.23.0.0
Copyright (C) 2017 ARM Ltd and ARM Germany GmbH. All rights reserved.
License Information: long long, long, LIC=65ISZ-J72RS-JJT6S-LZH1U-18VHP-RCFZN
 
Tool Versions:
Toolchain:       MDK-ARM Plus  Version: 5.23
Toolchain Path:  D:\keil5\ARM\ARMCC\Bin
C Compiler:      Armcc.exe V5.06 update 4 (build 422)
Assembler:       Armasm.exe V5.06 update 4 (build 422)
Linker/Locator:  ArmLink.exe V5.06 update 4 (build 422)
Library Manager: ArmAr.exe V5.06 update 4 (build 422)
Hex Converter:   FromElf.exe V5.06 update 4 (build 422)
CPU DLL:         SARMCM3.DLL V5.23
Dialog DLL:      DARMCM1.DLL V1.17.0.0
Target DLL:      UL2CM3.DLL V1.159.7.0
Dialog DLL:      TARMCM1.DLL V1.12.0.0
 
<h2>Project:</h2>
C:\Users\long\Desktop\压力传感器\软件包&SDK\APM32\APM32F0xx_SDK_v1.7\Examples\ADC\ADC_ContinuousConversion\Project\MDK\ADC_ContinuousConversion.uvprojx
Project File Date:  07/09/2025

<h2>Output:</h2>
*** Using Compiler 'V5.06 update 4 (build 422)', folder: 'D:\keil5\ARM\ARMCC\Bin'
Build target 'APM32F030'
assembling startup_apm32f030.s...
compiling system_apm32f0xx.c...
compiling apm32f0xx_cec.c...
compiling apm32f0xx_crc.c...
compiling apm32f0xx_crs.c...
compiling apm32f0xx_comp.c...
compiling apm32f0xx_dbg.c...
compiling apm32f0xx_adc.c...
compiling apm32f0xx_can.c...
compiling apm32f0xx_dma.c...
compiling apm32f0xx_dac.c...
compiling apm32f0xx_eint.c...
compiling apm32f0xx_fmc.c...
compiling apm32f0xx_gpio.c...
compiling apm32f0xx_iwdt.c...
compiling apm32f0xx_i2c.c...
compiling apm32f0xx_misc.c...
compiling apm32f0xx_ob.c...
compiling apm32f0xx_pmu.c...
compiling apm32f0xx_rcm.c...
compiling apm32f0xx_spi.c...
compiling apm32f0xx_rtc.c...
compiling apm32f0xx_syscfg.c...
compiling apm32f0xx_usart.c...
compiling apm32f0xx_tmr.c...
compiling apm32f0xx_wwdt.c...
compiling main.c...
compiling apm32f0xx_int.c...
compiling Board.c...
linking...
Program Size: Code=3056 RO-data=280 RW-data=44 ZI-data=1028  
".\Out\APM32F030\ADC_ContinuousConversion.axf" - 0 Error(s), 0 Warning(s).

<h2>Collection of Component include folders:</h2>
  .\RTE\_APM32F030
  D:\keil5\C51\Geehy\APM32F0xx_DFP\1.0.9\Device\Device\Geehy\APM32F0xx\Include

<h2>Collection of Component Files used:</h2>
Build Time Elapsed:  00:00:04
</pre>
</body>
</html>
