<html>
<body>
<pre>
<h1>µVision Build Log</h1>
<h2>Tool Versions:</h2>
IDE-Version: ¦ÌVision V5.40.0.0
Copyright (C) 2024 ARM Ltd and ARM Germany GmbH. All rights reserved.
License Information: l bc, l, LIC=ATTQ1-CT188-NNKAF-6Q0S0-UBXKA-JUED0
 
Tool Versions:
Toolchain:       MDK-ARM Plus  Version: 5.40.0.3
Toolchain Path:  D:\long\Keil_v5\ARM\ARMCC\Bin
C Compiler:      Armcc.exe V5.06 update 7 (build 960)
Assembler:       Armasm.exe V5.06 update 7 (build 960)
Linker/Locator:  ArmLink.exe V5.06 update 7 (build 960)
Library Manager: ArmAr.exe V5.06 update 7 (build 960)
Hex Converter:   FromElf.exe V5.06 update 7 (build 960)
CPU DLL:         SARMCM3.DLL V5.40.0.3
Dialog DLL:      DARMCM1.DLL V1.19.6.0
Target DLL:      STLink\ST-LINKIII-KEIL_SWO.dll V3.3.0.0
Dialog DLL:      TARMCM1.DLL V1.14.6.0
 
<h2>Project:</h2>
\\192.168.137.1\Users\long\Desktop\barometer\code\barometer_osal\keil_apm_barometer\apm_barometer.uvprojx
Project File Date:  12/11/2025

<h2>Output:</h2>
*** Using Compiler 'V5.06 update 7 (build 960)', folder: 'D:\long\Keil_v5\ARM\ARMCC\Bin'
Build target 'Target 1'
compiling main.c...
compiling OnBoard.c...
compiling iot_app_common_data.c...
compiling iot_app_osal.c...
compiling iot_app_menu_item.c...
compiling iot_app_barometer_disp.c...
compiling iot_app_data_processing_and_output_control.c...
compiling apm32f0xx_int.c...
compiling OSAL_Clock.c...
compiling OSAL_Timers.c...
compiling OSAL_Memory.c...
compiling OSAL_PwrMgr.c...
compiling OSAL.c...
compiling OSAL_Nv.c...
compiling apm32f0xx_adc.c...
compiling apm32f0xx_cec.c...
compiling apm32f0xx_crc.c...
compiling apm32f0xx_comp.c...
compiling apm32f0xx_can.c...
compiling apm32f0xx_crs.c...
compiling apm32f0xx_dac.c...
compiling apm32f0xx_dbg.c...
compiling apm32f0xx_dma.c...
compiling apm32f0xx_eint.c...
compiling apm32f0xx_gpio.c...
compiling apm32f0xx_fmc.c...
compiling apm32f0xx_iwdt.c...
compiling apm32f0xx_i2c.c...
compiling apm32f0xx_misc.c...
compiling apm32f0xx_pmu.c...
compiling apm32f0xx_ob.c...
compiling apm32f0xx_rcm.c...
compiling apm32f0xx_syscfg.c...
compiling apm32f0xx_rtc.c...
compiling apm32f0xx_spi.c...
compiling apm32f0xx_wwdt.c...
compiling apm32f0xx_tmr.c...
compiling iot_driver_gpio.c...
compiling apm32f0xx_usart.c...
compiling iot_driver_clock.c...
compiling board.c...
compiling bsp_lcd.c...
compiling bsp_delay.c...
compiling hal_assert.c...
compiling hal_drivers.c...
compiling hal_key.c...
assembling startup_apm32f051.s...
compiling hal_timer.c...
compiling hal_led.c...
compiling hal_segment.c...
compiling system_apm32f0xx.c...
compiling hal_flash.c...
compiling hal_adc.c...
compiling hal_usart.c...
linking...
Program Size: Code=53360 RO-data=1136 RW-data=2676 ZI-data=4716  
FromELF: creating hex file...
".\Objects\optical-fiber.axf" - 0 Error(s), 0 Warning(s).

<h2>Software Packages used:</h2>

Package Vendor: Geehy
                https://www.geehy.com/uploads/tool/Geehy.APM32F0xx_DFP.1.0.9.pack
                Geehy::APM32F0xx_DFP@1.0.9
                Geehy Semiconductor APM32F0xx Series Device Support

<h2>Collection of Component include folders:</h2>
  D:/long/Arm/Packs/Geehy/APM32F0xx_DFP/1.0.9/Device/Device/Geehy/APM32F0xx/Include

<h2>Collection of Component Files used:</h2>
Build Time Elapsed:  00:01:00
</pre>
</body>
</html>
