Component: ARM Compiler 5.06 update 4 (build 422) Tool: armlink [4d35d2]

==============================================================================

Section Cross References

    startup_apm32f051.o(STACK) refers (Special) to heapauxi.o(.text) for __use_two_region_memory
    startup_apm32f051.o(HEAP) refers (Special) to heapauxi.o(.text) for __use_two_region_memory
    startup_apm32f051.o(RESET) refers (Special) to heapauxi.o(.text) for __use_two_region_memory
    startup_apm32f051.o(RESET) refers to startup_apm32f051.o(STACK) for __initial_sp
    startup_apm32f051.o(RESET) refers to startup_apm32f051.o(.text) for Reset_Handler
    startup_apm32f051.o(RESET) refers to apm32f0xx_int.o(i.NMI_Handler) for NMI_Handler
    startup_apm32f051.o(RESET) refers to apm32f0xx_int.o(i.HardFault_Handler) for HardFault_Handler
    startup_apm32f051.o(RESET) refers to apm32f0xx_int.o(i.SVC_Handler) for SVC_Handler
    startup_apm32f051.o(RESET) refers to apm32f0xx_int.o(i.PendSV_Handler) for PendSV_Handler
    startup_apm32f051.o(RESET) refers to apm32f0xx_int.o(i.SysTick_Handler) for SysTick_Handler
    startup_apm32f051.o(RESET) refers to user_key_hal.o(i.EINT0_1_IRQHandler) for EINT0_1_IRQHandler
    startup_apm32f051.o(RESET) refers to user_key_hal.o(i.EINT4_15_IRQHandler) for EINT4_15_IRQHandler
    startup_apm32f051.o(RESET) refers to user_adc_hal.o(i.ADC1_COMP_IRQHandler) for ADC1_COMP_IRQHandler
    startup_apm32f051.o(RESET) refers to user_tmr_hal.o(i.TMR2_IRQHandler) for TMR2_IRQHandler
    startup_apm32f051.o(RESET) refers to apm32f0xx_int.o(i.TMR14_IRQHandler) for TMR14_IRQHandler
    startup_apm32f051.o(.text) refers (Special) to heapauxi.o(.text) for __use_two_region_memory
    startup_apm32f051.o(.text) refers to system_apm32f0xx.o(i.SystemInit) for SystemInit
    startup_apm32f051.o(.text) refers to __main.o(!!!main) for __main
    startup_apm32f051.o(.text) refers to startup_apm32f051.o(HEAP) for Heap_Mem
    startup_apm32f051.o(.text) refers to startup_apm32f051.o(STACK) for Stack_Mem
    system_apm32f0xx.o(i.SystemCoreClockUpdate) refers to system_apm32f0xx.o(.data) for .data
    system_apm32f0xx.o(i.SystemInit) refers to system_apm32f0xx.o(i.SystemClock48M) for SystemClock48M
    apm32f0xx_adc.o(i.ADC_Reset) refers to apm32f0xx_rcm.o(i.RCM_EnableAPB2PeriphReset) for RCM_EnableAPB2PeriphReset
    apm32f0xx_adc.o(i.ADC_Reset) refers to apm32f0xx_rcm.o(i.RCM_DisableAPB2PeriphReset) for RCM_DisableAPB2PeriphReset
    apm32f0xx_can.o(i.CAN_ConfigFilter) refers to uread4.o(.text) for __aeabi_uread4
    apm32f0xx_can.o(i.CAN_Reset) refers to apm32f0xx_rcm.o(i.RCM_EnableAPB1PeriphReset) for RCM_EnableAPB1PeriphReset
    apm32f0xx_can.o(i.CAN_Reset) refers to apm32f0xx_rcm.o(i.RCM_DisableAPB1PeriphReset) for RCM_DisableAPB1PeriphReset
    apm32f0xx_cec.o(i.CEC_Reset) refers to apm32f0xx_rcm.o(i.RCM_EnableAPB1PeriphClock) for RCM_EnableAPB1PeriphClock
    apm32f0xx_cec.o(i.CEC_Reset) refers to apm32f0xx_rcm.o(i.RCM_DisableAPB1PeriphReset) for RCM_DisableAPB1PeriphReset
    apm32f0xx_crs.o(i.CRS_Reset) refers to apm32f0xx_rcm.o(i.RCM_EnableAPB1PeriphReset) for RCM_EnableAPB1PeriphReset
    apm32f0xx_crs.o(i.CRS_Reset) refers to apm32f0xx_rcm.o(i.RCM_DisableAPB1PeriphReset) for RCM_DisableAPB1PeriphReset
    apm32f0xx_dac.o(i.DAC_Reset) refers to apm32f0xx_rcm.o(i.RCM_EnableAPB1PeriphReset) for RCM_EnableAPB1PeriphReset
    apm32f0xx_dac.o(i.DAC_Reset) refers to apm32f0xx_rcm.o(i.RCM_DisableAPB1PeriphReset) for RCM_DisableAPB1PeriphReset
    apm32f0xx_gpio.o(i.GPIO_Reset) refers to apm32f0xx_rcm.o(i.RCM_EnableAHBPeriphReset) for RCM_EnableAHBPeriphReset
    apm32f0xx_gpio.o(i.GPIO_Reset) refers to apm32f0xx_rcm.o(i.RCM_DisableAHBPeriphReset) for RCM_DisableAHBPeriphReset
    apm32f0xx_fmc.o(i.FMC_ConfigOptionByteUser) refers to apm32f0xx_fmc.o(i.FMC_WaitForReady) for FMC_WaitForReady
    apm32f0xx_fmc.o(i.FMC_ConfigReadOutProtection) refers to apm32f0xx_fmc.o(i.FMC_WaitForReady) for FMC_WaitForReady
    apm32f0xx_fmc.o(i.FMC_DisableOptionByteBOOT) refers to apm32f0xx_fmc.o(i.FMC_WaitForReady) for FMC_WaitForReady
    apm32f0xx_fmc.o(i.FMC_DisableOptionByteSRAMParity) refers to apm32f0xx_fmc.o(i.FMC_WaitForReady) for FMC_WaitForReady
    apm32f0xx_fmc.o(i.FMC_DisableOptionByteVDDA) refers to apm32f0xx_fmc.o(i.FMC_WaitForReady) for FMC_WaitForReady
    apm32f0xx_fmc.o(i.FMC_EnableOptionByteBOOT) refers to apm32f0xx_fmc.o(i.FMC_WaitForReady) for FMC_WaitForReady
    apm32f0xx_fmc.o(i.FMC_EnableOptionByteSRAMParity) refers to apm32f0xx_fmc.o(i.FMC_WaitForReady) for FMC_WaitForReady
    apm32f0xx_fmc.o(i.FMC_EnableOptionByteVDDA) refers to apm32f0xx_fmc.o(i.FMC_WaitForReady) for FMC_WaitForReady
    apm32f0xx_fmc.o(i.FMC_EnableWriteProtection) refers to apm32f0xx_fmc.o(i.FMC_WaitForReady) for FMC_WaitForReady
    apm32f0xx_fmc.o(i.FMC_EraseAllPages) refers to apm32f0xx_fmc.o(i.FMC_WaitForReady) for FMC_WaitForReady
[...]
    _printf_x                                0x080001a9   Thumb Code     0  _printf_x.o(.ARM.Collect$$_printf_percent$$0000000C)
    _printf_lli                              0x080001b3   Thumb Code     0  _printf_lli.o(.ARM.Collect$$_printf_percent$$0000000D)
    _printf_lld                              0x080001bd   Thumb Code     0  _printf_lld.o(.ARM.Collect$$_printf_percent$$0000000E)
    _printf_llu                              0x080001c7   Thumb Code     0  _printf_llu.o(.ARM.Collect$$_printf_percent$$0000000F)
    _printf_llo                              0x080001d1   Thumb Code     0  _printf_llo.o(.ARM.Collect$$_printf_percent$$00000010)
    _printf_llx                              0x080001db   Thumb Code     0  _printf_llx.o(.ARM.Collect$$_printf_percent$$00000011)
    _printf_l                                0x080001e5   Thumb Code     0  _printf_l.o(.ARM.Collect$$_printf_percent$$00000012)
    _printf_c                                0x080001ef   Thumb Code     0  _printf_c.o(.ARM.Collect$$_printf_percent$$00000013)
    _printf_s                                0x080001f9   Thumb Code     0  _printf_s.o(.ARM.Collect$$_printf_percent$$00000014)
    _printf_lc                               0x08000203   Thumb Code     0  _printf_lc.o(.ARM.Collect$$_printf_percent$$00000015)
    _printf_ls                               0x0800020d   Thumb Code     0  _printf_ls.o(.ARM.Collect$$_printf_percent$$00000016)
    _printf_percent_end                      0x08000217   Thumb Code     0  _printf_percent_end.o(.ARM.Collect$$_printf_percent$$00000017)
    __rt_lib_init                            0x0800021b   Thumb Code     0  libinit.o(.ARM.Collect$$libinit$$00000000)
    __rt_lib_init_fp_1                       0x0800021d   Thumb Code     0  libinit2.o(.ARM.Collect$$libinit$$00000002)
    __rt_lib_init_heap_1                     0x0800021d   Thumb Code     0  libinit2.o(.ARM.Collect$$libinit$$0000000A)
    __rt_lib_init_lc_common                  0x0800021d   Thumb Code     0  libinit2.o(.ARM.Collect$$libinit$$0000000F)
    __rt_lib_init_preinit_1                  0x0800021d   Thumb Code     0  libinit2.o(.ARM.Collect$$libinit$$00000004)
    __rt_lib_init_rand_1                     0x0800021d   Thumb Code     0  libinit2.o(.ARM.Collect$$libinit$$0000000E)
    __rt_lib_init_user_alloc_1               0x0800021d   Thumb Code     0  libinit2.o(.ARM.Collect$$libinit$$0000000C)
    __rt_lib_init_lc_collate_1               0x08000223   Thumb Code     0  libinit2.o(.ARM.Collect$$libinit$$00000011)
    __rt_lib_init_lc_ctype_2                 0x08000223   Thumb Code     0  libinit2.o(.ARM.Collect$$libinit$$00000012)
    __rt_lib_init_lc_ctype_1                 0x0800022f   Thumb Code     0  libinit2.o(.ARM.Collect$$libinit$$00000013)
    __rt_lib_init_lc_monetary_1              0x0800022f   Thumb Code     0  libinit2.o(.ARM.Collect$$libinit$$00000015)
    __rt_lib_init_lc_numeric_2               0x0800022f   Thumb Code     0  libinit2.o(.ARM.Collect$$libinit$$00000016)
    __rt_lib_init_alloca_1                   0x08000239   Thumb Code     0  libinit2.o(.ARM.Collect$$libinit$$0000002E)
    __rt_lib_init_argv_1                     0x08000239   Thumb Code     0  libinit2.o(.ARM.Collect$$libinit$$0000002C)
    __rt_lib_init_atexit_1                   0x08000239   Thumb Code     0  libinit2.o(.ARM.Collect$$libinit$$0000001B)
    __rt_lib_init_clock_1                    0x08000239   Thumb Code     0  libinit2.o(.ARM.Collect$$libinit$$00000021)
    __rt_lib_init_cpp_1                      0x08000239   Thumb Code     0  libinit2.o(.ARM.Collect$$libinit$$00000032)
    __rt_lib_init_exceptions_1               0x08000239   Thumb Code     0  libinit2.o(.ARM.Collect$$libinit$$00000030)
    __rt_lib_init_fp_trap_1                  0x08000239   Thumb Code     0  libinit2.o(.ARM.Collect$$libinit$$0000001F)
    __rt_lib_init_getenv_1                   0x08000239   Thumb Code     0  libinit2.o(.ARM.Collect$$libinit$$00000023)
    __rt_lib_init_lc_numeric_1               0x08000239   Thumb Code     0  libinit2.o(.ARM.Collect$$libinit$$00000017)
    __rt_lib_init_lc_time_1                  0x08000239   Thumb Code     0  libinit2.o(.ARM.Collect$$libinit$$00000019)
    __rt_lib_init_return                     0x08000239   Thumb Code     0  libinit2.o(.ARM.Collect$$libinit$$00000033)
    __rt_lib_init_signal_1                   0x08000239   Thumb Code     0  libinit2.o(.ARM.Collect$$libinit$$0000001D)
    __rt_lib_init_stdio_1                    0x08000239   Thumb Code     0  libinit2.o(.ARM.Collect$$libinit$$00000025)
    __rt_lib_shutdown                        0x0800023b   Thumb Code     0  libshutdown.o(.ARM.Collect$$libshutdown$$00000000)
    __rt_lib_shutdown_cpp_1                  0x0800023d   Thumb Code     0  libshutdown2.o(.ARM.Collect$$libshutdown$$00000002)
    __rt_lib_shutdown_fp_trap_1              0x0800023d   Thumb Code     0  libshutdown2.o(.ARM.Collect$$libshutdown$$00000007)
    __rt_lib_shutdown_heap_1                 0x0800023d   Thumb Code     0  libshutdown2.o(.ARM.Collect$$libshutdown$$0000000F)
    __rt_lib_shutdown_return                 0x0800023d   Thumb Code     0  libshutdown2.o(.ARM.Collect$$libshutdown$$00000010)
    __rt_lib_shutdown_signal_1               0x0800023d   Thumb Code     0  libshutdown2.o(.ARM.Collect$$libshutdown$$0000000A)
    __rt_lib_shutdown_stdio_1                0x0800023d   Thumb Code     0  libshutdown2.o(.ARM.Collect$$libshutdown$$00000004)
    __rt_lib_shutdown_user_alloc_1           0x0800023d   Thumb Code     0  libshutdown2.o(.ARM.Collect$$libshutdown$$0000000C)
    __rt_entry                               0x0800023f   Thumb Code     0  __rtentry.o(.ARM.Collect$$rtentry$$00000000)
    __rt_entry_presh_1                       0x0800023f   Thumb Code     0  __rtentry2.o(.ARM.Collect$$rtentry$$00000002)
    __rt_entry_sh                            0x0800023f   Thumb Code     0  __rtentry4.o(.ARM.Collect$$rtentry$$00000004)
    __rt_entry_li                            0x08000245   Thumb Code     0  __rtentry2.o(.ARM.Collect$$rtentry$$0000000A)
    __rt_entry_postsh_1                      0x08000245   Thumb Code     0  __rtentry2.o(.ARM.Collect$$rtentry$$00000009)
    __rt_entry_main                          0x08000249   Thumb Code     0  __rtentry2.o(.ARM.Collect$$rtentry$$0000000D)
    __rt_entry_postli_1                      0x08000249   Thumb Code     0  __rtentry2.o(.ARM.Collect$$rtentry$$0000000C)
    __rt_exit                                0x08000251   Thumb Code     0  rtexit.o(.ARM.Collect$$rtexit$$00000000)
    __rt_exit_ls                             0x08000253   Thumb Code     0  rtexit2.o(.ARM.Collect$$rtexit$$00000003)
    __rt_exit_prels_1                        0x08000253   Thumb Code     0  rtexit2.o(.ARM.Collect$$rtexit$$00000002)
    __rt_exit_exit                           0x08000257   Thumb Code     0  rtexit2.o(.ARM.Collect$$rtexit$$00000004)
    Reset_Handler                            0x0800025d   Thumb Code     8  startup_apm32f051.o(.text)
    CEC_IRQHandler                           0x0800026f   Thumb Code     0  startup_apm32f051.o(.text)
    DMA1_CH1_IRQHandler                      0x0800026f   Thumb Code     0  startup_apm32f051.o(.text)
    DMA1_CH2_3_IRQHandler                    0x0800026f   Thumb Code     0  startup_apm32f051.o(.text)
    DMA1_CH4_5_IRQHandler                    0x0800026f   Thumb Code     0  startup_apm32f051.o(.text)
    EINT2_3_IRQHandler                       0x0800026f   Thumb Code     0  startup_apm32f051.o(.text)
    FLASH_IRQHandler                         0x0800026f   Thumb Code     0  startup_apm32f051.o(.text)
    I2C1_IRQHandler                          0x0800026f   Thumb Code     0  startup_apm32f051.o(.text)
    I2C2_IRQHandler                          0x0800026f   Thumb Code     0  startup_apm32f051.o(.text)
    PVD_IRQHandler                           0x0800026f   Thumb Code     0  startup_apm32f051.o(.text)
    RCM_IRQHandler                           0x0800026f   Thumb Code     0  startup_apm32f051.o(.text)
    RTC_IRQHandler                           0x0800026f   Thumb Code     0  startup_apm32f051.o(.text)
    SPI1_IRQHandler                          0x0800026f   Thumb Code     0  startup_apm32f051.o(.text)
    SPI2_IRQHandler                          0x0800026f   Thumb Code     0  startup_apm32f051.o(.text)
    TMR15_IRQHandler                         0x0800026f   Thumb Code     0  startup_apm32f051.o(.text)
    TMR16_IRQHandler                         0x0800026f   Thumb Code     0  startup_apm32f051.o(.text)
    TMR17_IRQHandler                         0x0800026f   Thumb Code     0  startup_apm32f051.o(.text)
    TMR1_BRK_UP_TRG_COM_IRQHandler           0x0800026f   Thumb Code     0  startup_apm32f051.o(.text)
    TMR1_CC_IRQHandler                       0x0800026f   Thumb Code     0  startup_apm32f051.o(.text)
    TMR3_IRQHandler                          0x0800026f   Thumb Code     0  startup_apm32f051.o(.text)
    TMR6_DAC_IRQHandler                      0x0800026f   Thumb Code     0  startup_apm32f051.o(.text)
    TSC_IRQHandler                           0x0800026f   Thumb Code     0  startup_apm32f051.o(.text)
    USART1_IRQHandler                        0x0800026f   Thumb Code     0  startup_apm32f051.o(.text)
    USART2_IRQHandler                        0x0800026f   Thumb Code     0  startup_apm32f051.o(.text)
    WWDT_IRQHandler                          0x0800026f   Thumb Code     0  startup_apm32f051.o(.text)
    __user_initial_stackheap                 0x08000271   Thumb Code     0  startup_apm32f051.o(.text)
    vsnprintf                                0x08000295   Thumb Code    50  vsnprintf.o(.text)
    __2snprintf                              0x080002cd   Thumb Code    54  __2snprintf.o(.text)
    _printf_int_dec                          0x08000309   Thumb Code    90  _printf_dec.o(.text)
    __printf                                 0x08000375   Thumb Code   386  __printf_flags_ss_wp.o(.text)
    atoi                                     0x080004fd   Thumb Code    26  atoi.o(.text)
    strlen                                   0x08000519   Thumb Code    62  strlen.o(.text)
    _memset_w                                0x0800055d   Thumb Code    26  rt_memclr.o(.text)
    _memset                                  0x08000577   Thumb Code    30  rt_memclr.o(.text)
    __aeabi_memclr                           0x08000595   Thumb Code     4  rt_memclr.o(.text)
    __rt_memclr                              0x08000595   Thumb Code     0  rt_memclr.o(.text)
    __aeabi_memclr4                          0x08000599   Thumb Code     0  rt_memclr.o(.text)
    __aeabi_memclr8                          0x08000599   Thumb Code     0  rt_memclr.o(.text)
    __rt_memclr_w                            0x08000599   Thumb Code     4  rt_memclr.o(.text)
    __aeabi_uidiv                            0x0800059d   Thumb Code     0  aeabi_sdiv.o(.text)
    __aeabi_uidivmod                         0x0800059d   Thumb Code    20  aeabi_sdiv.o(.text)
    __aeabi_idiv                             0x080005b1   Thumb Code     0  aeabi_sdiv.o(.text)
    __aeabi_idivmod                          0x080005b1   Thumb Code   326  aeabi_sdiv.o(.text)
    __use_two_region_memory                  0x080006f7   Thumb Code     2  heapauxi.o(.text)
    __rt_heap_escrow                         0x080006f9   Thumb Code     2  heapauxi.o(.text)
    __rt_heap_expand                         0x080006fb   Thumb Code     2  heapauxi.o(.text)
    __aeabi_d2f                              0x080006fd   Thumb Code     0  d2f.o(.text)
    _d2f                                     0x080006fd   Thumb Code   120  d2f.o(.text)
    __aeabi_ddiv                             0x08000779   Thumb Code     0  ddiv.o(.text)
    _ddiv                                    0x08000779   Thumb Code  1072  ddiv.o(.text)
    _drdiv                                   0x08000ba9   Thumb Code    20  ddiv.o(.text)
    __aeabi_dmul                             0x08000bc1   Thumb Code     0  dmul.o(.text)
    _dmul                                    0x08000bc1   Thumb Code   558  dmul.o(.text)
    __aeabi_f2d                              0x08000e09   Thumb Code     0  f2d.o(.text)
    _f2d                                     0x08000e09   Thumb Code    80  f2d.o(.text)
    __aeabi_fdiv                             0x08000e5d   Thumb Code     0  fdiv.o(.text)
    _fdiv                                    0x08000e5d   Thumb Code   334  fdiv.o(.text)
    _frdiv                                   0x08000fab   Thumb Code     8  fdiv.o(.text)
    __aeabi_f2uiz                            0x08000fbd   Thumb Code     0  ffixui.o(.text)
    _ffixu                                   0x08000fbd   Thumb Code    48  ffixui.o(.text)
    __aeabi_i2f_normalise                    0x08000fed   Thumb Code    72  fflti.o(.text)
    __aeabi_i2f                              0x08001035   Thumb Code    16  fflti.o(.text)
    _fflt                                    0x08001035   Thumb Code     0  fflti.o(.text)
    __aeabi_ui2f                             0x08001045   Thumb Code     6  fflti.o(.text)
    _ffltu                                   0x08001045   Thumb Code     0  fflti.o(.text)
    __aeabi_errno_addr                       0x0800104d   Thumb Code     8  rt_errno_addr_intlibspace.o(.text)
    __errno$intlibspace                      0x0800104d   Thumb Code     0  rt_errno_addr_intlibspace.o(.text)
    __rt_errno_addr$intlibspace              0x0800104d   Thumb Code     0  rt_errno_addr_intlibspace.o(.text)
    __read_errno                             0x08001055   Thumb Code    10  _rserrno.o(.text)
    __set_errno                              0x0800105f   Thumb Code    12  _rserrno.o(.text)
    _printf_pre_padding                      0x0800106b   Thumb Code    44  _printf_pad.o(.text)
    _printf_post_padding                     0x08001097   Thumb Code    34  _printf_pad.o(.text)
    _printf_truncate_signed                  0x080010b9   Thumb Code    18  _printf_truncate.o(.text)
    _printf_truncate_unsigned                0x080010cb   Thumb Code    18  _printf_truncate.o(.text)
    _printf_str                              0x080010dd   Thumb Code    82  _printf_str.o(.text)
    _printf_int_common                       0x0800112f   Thumb Code   176  _printf_intcommon.o(.text)
    _printf_charcount                        0x080011df   Thumb Code    38  _printf_charcount.o(.text)
    __lib_sel_fp_printf                      0x08001205   Thumb Code     2  _printf_fp_dec.o(.text)
    _printf_fp_dec_real                      0x0800139f   Thumb Code   620  _printf_fp_dec.o(.text)
    _printf_char_common                      0x08001623   Thumb Code    32  _printf_char_common.o(.text)
    _sputc                                   0x08001649   Thumb Code    10  _sputc.o(.text)
    _snputc                                  0x08001653   Thumb Code    16  _snputc.o(.text)
    _printf_wctomb                           0x08001665   Thumb Code   182  _printf_wctomb.o(.text)
    _printf_longlong_dec                     0x08001721   Thumb Code    94  _printf_longlong_dec.o(.text)
    _printf_longlong_oct                     0x08001791   Thumb Code    68  _printf_oct_int_ll.o(.text)
    _printf_int_oct                          0x080017d5   Thumb Code    24  _printf_oct_int_ll.o(.text)
    _printf_ll_oct                           0x080017ed   Thumb Code    10  _printf_oct_int_ll.o(.text)
    _printf_longlong_hex                     0x08001801   Thumb Code    88  _printf_hex_int_ll_ptr.o(.text)
    _printf_int_hex                          0x08001859   Thumb Code    28  _printf_hex_int_ll_ptr.o(.text)
    _printf_ll_hex                           0x08001875   Thumb Code    10  _printf_hex_int_ll_ptr.o(.text)
    _printf_hex_ptr                          0x0800187f   Thumb Code    22  _printf_hex_int_ll_ptr.o(.text)
    __strtod_int                             0x080018d5   Thumb Code    94  strtod.o(.text)
    strtol                                   0x08001945   Thumb Code   108  strtol.o(.text)
    __rt_udiv10                              0x080019b5   Thumb Code    40  rtudiv10.o(.text)
    __fpl_fcmp_InfNaN                        0x080019dd   Thumb Code    96  fcmpin.o(.text)
    __user_libspace                          0x08001a41   Thumb Code     8  libspace.o(.text)
    __user_perproc_libspace                  0x08001a41   Thumb Code     0  libspace.o(.text)
    __user_perthread_libspace                0x08001a41   Thumb Code     0  libspace.o(.text)
    __rt_ctype_table                         0x08001a49   Thumb Code    16  rt_ctype_table.o(.text)
    __rt_locale                              0x08001a59   Thumb Code     8  rt_locale_intlibspace.o(.text)
    _ll_udiv10                               0x08001a61   Thumb Code   122  lludiv10.o(.text)
    isspace                                  0x08001adb   Thumb Code    18  isspace.o(.text)
    _printf_fp_hex_real                      0x08001aed   Thumb Code   718  _printf_fp_hex.o(.text)
    _printf_fp_infnan                        0x08001dc5   Thumb Code   120  _printf_fp_infnan.o(.text)
    _printf_cs_common                        0x08001e4d   Thumb Code    22  _printf_char.o(.text)
    _printf_char                             0x08001e63   Thumb Code    16  _printf_char.o(.text)
    _printf_string                           0x08001e73   Thumb Code     8  _printf_char.o(.text)
    _printf_lcs_common                       0x08001e7b   Thumb Code    22  _printf_wchar.o(.text)
    _printf_wchar                            0x08001e91   Thumb Code    16  _printf_wchar.o(.text)
    _printf_wstring                          0x08001ea1   Thumb Code     8  _printf_wchar.o(.text)
    _sgetc                                   0x08001ea9   Thumb Code    32  _sgetc.o(.text)
    _sbackspace                              0x08001ec9   Thumb Code    36  _sgetc.o(.text)
    _strtoul                                 0x08001eed   Thumb Code   166  _strtoul.o(.text)
    _btod_etento                             0x08001f95   Thumb Code   196  bigflt0.o(.text)
    _btod_d2e                                0x0800205d   Thumb Code    64  btod.o(.text)
    _btod_emul                               0x08002453   Thumb Code    24  btod.o(.text)
    _btod_emuld                              0x0800246b   Thumb Code    88  btod.o(.text)
    _btod_ediv                               0x080024c3   Thumb Code    22  btod.o(.text)
    _btod_edivd                              0x080024d9   Thumb Code    60  btod.o(.text)
    _wcrtomb                                 0x08002525   Thumb Code    64  _wcrtomb.o(.text)
    __fpl_cmpreturn                          0x08002565   Thumb Code    46  cmpret.o(.text)
    __fpl_fcheck_NaN2                        0x08002595   Thumb Code    10  fnan2.o(.text)
    __user_setup_stackheap                   0x080025a5   Thumb Code    62  sys_stackheap_outer.o(.text)
    _chval                                   0x080025e3   Thumb Code    30  _chval.o(.text)
    _scanf_really_real                       0x0800280f   Thumb Code   706  scanf_fp.o(.text)
    exit                                     0x08002ad1   Thumb Code    16  exit.o(.text)
    strcmp                                   0x08002ae1   Thumb Code   132  strcmp.o(.text)
    __fpl_return_NaN                         0x08002b69   Thumb Code    94  retnan.o(.text)
    __I$use$semihosting                      0x08002bc7   Thumb Code     0  use_no_semi.o(.text)
    __use_no_semihosting_swi                 0x08002bc7   Thumb Code     2  use_no_semi.o(.text)
    __aeabi_lmul                             0x08002bc9   Thumb Code    48  llmul.o(.text)
    __semihosting_library_function           0x08002bc9   Thumb Code     0  indicate_semi.o(.text)
    _ll_mul                                  0x08002bc9   Thumb Code     0  llmul.o(.text)
    _sys_exit                                0x08002bf9   Thumb Code     8  sys_exit.o(.text)
    _scanf_really_hex_real                   0x08002c05   Thumb Code   806  scanf_hexfp.o(.text)
    _scanf_really_infnan                     0x08002f39   Thumb Code   300  scanf_infnan.o(.text)
    __aeabi_llsl                             0x08003075   Thumb Code    32  llshl.o(.text)
    _ll_shift_l                              0x08003075   Thumb Code     0  llshl.o(.text)
    __fpl_dcmp_InfNaN                        0x08003095   Thumb Code   140  dcmpin.o(.text)
    __ARM_scalbn                             0x08003125   Thumb Code    84  dscalbn.o(.text)
    __fpl_dcheck_NaN2                        0x08003185   Thumb Code    14  dnan2.o(.text)
    ADC1_COMP_IRQHandler                     0x08003199   Thumb Code     8  user_adc_hal.o(i.ADC1_COMP_IRQHandler)
    ADC_ClearIntFlag                         0x080031a1   Thumb Code     6  apm32f0xx_adc.o(i.ADC_ClearIntFlag)
    ADC_Config                               0x080031ad   Thumb Code   104  apm32f0xx_adc.o(i.ADC_Config)
    ADC_ConfigChannel                        0x08003219   Thumb Code    16  apm32f0xx_adc.o(i.ADC_ConfigChannel)
    ADC_ConfigStructInit                     0x0800322d   Thumb Code    16  apm32f0xx_adc.o(i.ADC_ConfigStructInit)
    ADC_Enable                               0x0800323d   Thumb Code    12  apm32f0xx_adc.o(i.ADC_Enable)
    ADC_EnableInterrupt                      0x0800324d   Thumb Code    10  apm32f0xx_adc.o(i.ADC_EnableInterrupt)
    ADC_Isr                                  0x0800325d   Thumb Code    60  main.o(i.ADC_Isr)
    ADC_ReadCalibrationFactor                0x080032a5   Thumb Code    48  apm32f0xx_adc.o(i.ADC_ReadCalibrationFactor)
    ADC_ReadConversionValue                  0x080032d9   Thumb Code     8  apm32f0xx_adc.o(i.ADC_ReadConversionValue)
    ADC_ReadIntFlag                          0x080032e5   Thumb Code    26  apm32f0xx_adc.o(i.ADC_ReadIntFlag)
    ADC_Reset                                0x08003305   Thumb Code    20  apm32f0xx_adc.o(i.ADC_Reset)
    ADC_StartConversion                      0x08003319   Thumb Code    12  apm32f0xx_adc.o(i.ADC_StartConversion)
    APM_EVAL_DelayInit                       0x08003329   Thumb Code    36  bsp_delay.o(i.APM_EVAL_DelayInit)
    APM_EVAL_DelayMs                         0x08003359   Thumb Code    48  bsp_delay.o(i.APM_EVAL_DelayMs)
    APM_EVAL_DelayUs                         0x08003391   Thumb Code    48  bsp_delay.o(i.APM_EVAL_DelayUs)
    APM_EVAL_Init                            0x080033c9   Thumb Code    52  main.o(i.APM_EVAL_Init)
    CLear_NowSetSHow                         0x08003401   Thumb Code   204  main.o(i.CLear_NowSetSHow)
    Config_reacttime_delay                   0x080034d9   Thumb Code    88  main.o(i.Config_reacttime_delay)
    DIV_Disp_Alphabet                        0x08003539   Thumb Code   398  user_disp_div.o(i.DIV_Disp_Alphabet)
    DIV_Disp_ByString                        0x080036c7   Thumb Code   600  user_disp_div.o(i.DIV_Disp_ByString)
    DIV_Disp_ClearAllPoint                   0x08003921   Thumb Code    24  user_disp_div.o(i.DIV_Disp_ClearAllPoint)
    DIV_Disp_ClearPoint                      0x0800393d   Thumb Code    24  user_disp_div.o(i.DIV_Disp_ClearPoint)
    DIV_Disp_FloatByString                   0x08003955   Thumb Code   868  user_disp_div.o(i.DIV_Disp_FloatByString)
    DIV_Disp_Init                            0x08003cb9   Thumb Code     8  user_disp_div.o(i.DIV_Disp_Init)
    DIV_Disp_MultiplefloatNum                0x08003cc1   Thumb Code   878  user_disp_div.o(i.DIV_Disp_MultiplefloatNum)
    DIV_Disp_Num                             0x08004069   Thumb Code   198  user_disp_div.o(i.DIV_Disp_Num)
    DIV_Disp_SetPoint                        0x08004131   Thumb Code    48  user_disp_div.o(i.DIV_Disp_SetPoint)
    DIV_Disp_Snprintf                        0x08004165   Thumb Code    42  user_disp_div.o(i.DIV_Disp_Snprintf)
    DIV_Disp_Symbol                          0x0800418f   Thumb Code   210  user_disp_div.o(i.DIV_Disp_Symbol)
    DIV_Disp_Uint16Num                       0x08004261   Thumb Code   228  user_disp_div.o(i.DIV_Disp_Uint16Num)
    DIV_Disp_UnSetPoint                      0x08004349   Thumb Code    38  user_disp_div.o(i.DIV_Disp_UnSetPoint)
    DIV_Disp_floatNum                        0x08004375   Thumb Code    42  user_disp_div.o(i.DIV_Disp_floatNum)
    DIV_Pwm_Init                             0x080043a9   Thumb Code    64  user_pwm_div.o(i.DIV_Pwm_Init)
    DIV_Pwn_Control                          0x080043f1   Thumb Code   152  user_pwm_div.o(i.DIV_Pwn_Control)
    DIV_Pwn_Set                              0x08004489   Thumb Code    46  user_pwm_div.o(i.DIV_Pwn_Set)
    DIV_ReadValue_Init                       0x080044bd   Thumb Code     8  user_readvalue_div.o(i.DIV_ReadValue_Init)
    DIV_disp_out12andpoint                   0x080044c5   Thumb Code    26  user_disp_div.o(i.DIV_disp_out12andpoint)
    Disp_Speed_Turn                          0x080044e5   Thumb Code    36  main.o(i.Disp_Speed_Turn)
    Display_airpressurevalwitunit            0x0800450d   Thumb Code    32  main.o(i.Display_airpressurevalwitunit)
    EINT0_1_IRQHandler                       0x08004531   Thumb Code    44  user_key_hal.o(i.EINT0_1_IRQHandler)
    EINT4_15_IRQHandler                      0x0800455d   Thumb Code    28  user_key_hal.o(i.EINT4_15_IRQHandler)
    EINT_ClearStatusFlag                     0x08004579   Thumb Code     6  apm32f0xx_eint.o(i.EINT_ClearStatusFlag)
    EINT_Config                              0x08004585   Thumb Code   104  apm32f0xx_eint.o(i.EINT_Config)
    EINT_ReadStatusFlag                      0x080045f1   Thumb Code    16  apm32f0xx_eint.o(i.EINT_ReadStatusFlag)
    FMC_ErasePage                            0x08004605   Thumb Code    52  apm32f0xx_fmc.o(i.FMC_ErasePage)
    FMC_Lock                                 0x0800463d   Thumb Code    12  apm32f0xx_fmc.o(i.FMC_Lock)
    FMC_ProgramWord                          0x0800464d   Thumb Code    62  apm32f0xx_fmc.o(i.FMC_ProgramWord)
    FMC_ReadState                            0x08004691   Thumb Code    30  apm32f0xx_fmc.o(i.FMC_ReadState)
    FMC_Unlock                               0x080046b5   Thumb Code    12  apm32f0xx_fmc.o(i.FMC_Unlock)
    FMC_WaitForReady                         0x080046cd   Thumb Code    28  apm32f0xx_fmc.o(i.FMC_WaitForReady)
    Flash_Read_SetValue                      0x080046e9   Thumb Code   150  main.o(i.Flash_Read_SetValue)
    Flash_Write_SetValue                     0x08004789   Thumb Code   288  main.o(i.Flash_Write_SetValue)
    GPIO_ClearBit                            0x080048b5   Thumb Code     4  apm32f0xx_gpio.o(i.GPIO_ClearBit)
    GPIO_Config                              0x080048b9   Thumb Code   116  apm32f0xx_gpio.o(i.GPIO_Config)
    GPIO_ReadInputBit                        0x0800492d   Thumb Code    10  apm32f0xx_gpio.o(i.GPIO_ReadInputBit)
    GPIO_SetBit                              0x08004937   Thumb Code     4  apm32f0xx_gpio.o(i.GPIO_SetBit)
    HAL_ADC_Init                             0x0800493b   Thumb Code   114  user_adc_hal.o(i.HAL_ADC_Init)
    HAL_Disp_ClearALL                        0x080049ad   Thumb Code    24  user_disp_hal.o(i.HAL_Disp_ClearALL)
    HAL_Disp_Config                          0x080049c5   Thumb Code    32  user_disp_hal.o(i.HAL_Disp_Config)
    HAL_Disp_Init                            0x080049e5   Thumb Code    44  user_disp_hal.o(i.HAL_Disp_Init)
    HAL_Disp_W_Cmd                           0x08004a15   Thumb Code   136  user_disp_hal.o(i.HAL_Disp_W_Cmd)
    HAL_Disp_W_Data                          0x08004a9d   Thumb Code   206  user_disp_hal.o(i.HAL_Disp_W_Data)
    HAL_Disp_Write_Pin                       0x08004b6d   Thumb Code    64  user_disp_hal.o(i.HAL_Disp_Write_Pin)
    HAL_KEY_Init                             0x08004bb1   Thumb Code   160  user_key_hal.o(i.HAL_KEY_Init)
    HAL_KEY_Read                             0x08004c55   Thumb Code     8  user_key_hal.o(i.HAL_KEY_Read)
    HAL_OutPut_Set                           0x08004c5d   Thumb Code    44  user_out_hal.o(i.HAL_OutPut_Set)
    HAL_PWM_SetOutPut                        0x08004c8d   Thumb Code    18  user_pwm_hal.o(i.HAL_PWM_SetOutPut)
    HAL_Pwm_Init                             0x08004ca1   Thumb Code    42  user_pwm_hal.o(i.HAL_Pwm_Init)
    HAL_System_Init                          0x08004cd1   Thumb Code   210  main.o(i.HAL_System_Init)
    HAL_TMR_Init                             0x08004db5   Thumb Code    76  user_tmr_hal.o(i.HAL_TMR_Init)
    Hal_Out_Init                             0x08004e05   Thumb Code    72  user_out_hal.o(i.Hal_Out_Init)
    HardFault_Handler                        0x08004e51   Thumb Code     2  apm32f0xx_int.o(i.HardFault_Handler)
    Init_PreSet                              0x08004e55   Thumb Code    92  main.o(i.Init_PreSet)
    KEY1_Isr                                 0x08004eb9   Thumb Code    54  user_key_div.o(i.KEY1_Isr)
    KEY2_Isr                                 0x08004ef5   Thumb Code    56  user_key_div.o(i.KEY2_Isr)
    KEY3_Isr                                 0x08004f31   Thumb Code    56  user_key_div.o(i.KEY3_Isr)
    MainColorCtr                             0x08004f71   Thumb Code   272  main.o(i.MainColorCtr)
    NMI_Handler                              0x08005095   Thumb Code     2  apm32f0xx_int.o(i.NMI_Handler)
    NVIC_EnableIRQRequest                    0x08005099   Thumb Code    74  apm32f0xx_misc.o(i.NVIC_EnableIRQRequest)
    NowSetWhich                              0x080050f1   Thumb Code   866  main.o(i.NowSetWhich)
    OutPutContrl                             0x08005481   Thumb Code   860  main.o(i.OutPutContrl)
    Overflow_protection                      0x080057e1   Thumb Code    82  main.o(i.Overflow_protection)
    PWM_CTR                                  0x08005841   Thumb Code    28  main.o(i.PWM_CTR)
    PWM_change                               0x0800586d   Thumb Code    78  main.o(i.PWM_change)
    PendSV_Handler                           0x080058d1   Thumb Code     2  apm32f0xx_int.o(i.PendSV_Handler)
    RCM_DisableAPB2PeriphReset               0x080058d5   Thumb Code    10  apm32f0xx_rcm.o(i.RCM_DisableAPB2PeriphReset)
    RCM_EnableAHBPeriphClock                 0x080058e5   Thumb Code    10  apm32f0xx_rcm.o(i.RCM_EnableAHBPeriphClock)
    RCM_EnableAPB1PeriphClock                0x080058f5   Thumb Code    10  apm32f0xx_rcm.o(i.RCM_EnableAPB1PeriphClock)
    RCM_EnableAPB2PeriphClock                0x08005905   Thumb Code    10  apm32f0xx_rcm.o(i.RCM_EnableAPB2PeriphClock)
    RCM_EnableAPB2PeriphReset                0x08005915   Thumb Code    10  apm32f0xx_rcm.o(i.RCM_EnableAPB2PeriphReset)
    ReadNowPressValue                        0x08005925   Thumb Code    42  main.o(i.ReadNowPressValue)
    SVC_Handler                              0x0800595d   Thumb Code     2  apm32f0xx_int.o(i.SVC_Handler)
    SYSCFG_EINTLine                          0x08005961   Thumb Code    68  apm32f0xx_syscfg.o(i.SYSCFG_EINTLine)
    SetByLongPress                           0x080059a9   Thumb Code   666  main.o(i.SetByLongPress)
    SetByShortPress                          0x08005c75   Thumb Code   372  main.o(i.SetByShortPress)
    Show_Presets                             0x08005e15   Thumb Code   922  main.o(i.Show_Presets)
    SysTick_ConfigCLKSource                  0x08006389   Thumb Code    20  apm32f0xx_misc.o(i.SysTick_ConfigCLKSource)
    SysTick_Handler                          0x080063a1   Thumb Code     2  apm32f0xx_int.o(i.SysTick_Handler)
    SystemInit                               0x08006435   Thumb Code    92  system_apm32f0xx.o(i.SystemInit)
    TMR14_IRQHandler                         0x080064a1   Thumb Code     2  apm32f0xx_int.o(i.TMR14_IRQHandler)
    TMR2Isr                                  0x080064a5   Thumb Code   470  main.o(i.TMR2Isr)
    TMR2_IRQHandler                          0x0800669d   Thumb Code     8  user_tmr_hal.o(i.TMR2_IRQHandler)
    TMR_ClearIntFlag                         0x080066a5   Thumb Code     6  apm32f0xx_tmr.o(i.TMR_ClearIntFlag)
    TMR_ClearStatusFlag                      0x080066ab   Thumb Code     6  apm32f0xx_tmr.o(i.TMR_ClearStatusFlag)
    TMR_ConfigInternalClock                  0x080066b1   Thumb Code    10  apm32f0xx_tmr.o(i.TMR_ConfigInternalClock)
    TMR_ConfigTimeBase                       0x080066bd   Thumb Code   116  apm32f0xx_tmr.o(i.TMR_ConfigTimeBase)
    TMR_Enable                               0x08006749   Thumb Code    10  apm32f0xx_tmr.o(i.TMR_Enable)
    TMR_EnableInterrupt                      0x08006753   Thumb Code     8  apm32f0xx_tmr.o(i.TMR_EnableInterrupt)
    TMR_ReadIntFlag                          0x0800675b   Thumb Code    20  apm32f0xx_tmr.o(i.TMR_ReadIntFlag)
    UnitChange                               0x08006771   Thumb Code   116  main.o(i.UnitChange)
    UnitChangeDisp                           0x08006815   Thumb Code   180  main.o(i.UnitChangeDisp)
    UnitDisp                                 0x080068f9   Thumb Code    72  main.o(i.UnitDisp)
    __ARM_common_ll_muluu                    0x08006949   Thumb Code    48  btod.o(i.__ARM_common_ll_muluu)
    __ARM_common_switch8                     0x08006979   Thumb Code    26  apm32f0xx_rtc.o(i.__ARM_common_switch8)
    __ARM_fpclassify                         0x08006995   Thumb Code    40  fpclassify.o(i.__ARM_fpclassify)
    __mathlib_dbl_overflow                   0x080069c1   Thumb Code    16  dunder.o(i.__mathlib_dbl_overflow)
    __mathlib_dbl_underflow                  0x080069d5   Thumb Code    14  dunder.o(i.__mathlib_dbl_underflow)
    __mathlib_narrow                         0x080069e9   Thumb Code    16  narrow.o(i.__mathlib_narrow)
    __mathlib_tofloat                        0x080069f9   Thumb Code   130  narrow.o(i.__mathlib_tofloat)
    __support_ldexp                          0x08006a85   Thumb Code    20  ldexp.o(i.__support_ldexp)
    _is_digit                                0x08006a99   Thumb Code    14  __printf_wp.o(i._is_digit)
    atof                                     0x08006aa7   Thumb Code    42  atof.o(i.atof)
    changesetunit                            0x08006ad1   Thumb Code   396  main.o(i.changesetunit)
    choise_unitautoincrement                 0x08006c95   Thumb Code    94  main.o(i.choise_unitautoincrement)
    diflevel_setctr                          0x08006d0d   Thumb Code   422  main.o(i.diflevel_setctr)
    disp_set_valueflash                      0x08006f29   Thumb Code    66  main.o(i.disp_set_valueflash)
    frexp                                    0x08006f71   Thumb Code    72  frexp.o(i.frexp)
    ldexp                                    0x08006fc9   Thumb Code   112  ldexp.o(i.ldexp)
    main                                     0x08007039   Thumb Code    26  main.o(i.main)
    mainTask                                 0x08007059   Thumb Code  2226  main.o(i.mainTask)
    second_disp                              0x0800790d   Thumb Code   194  main.o(i.second_disp)
    _get_lc_numeric                          0x08007a21   Thumb Code    44  lc_numeric_c.o(locale$$code)
    _get_lc_ctype                            0x08007a4d   Thumb Code    44  lc_ctype_c.o(locale$$code)
    __aeabi_cdcmpeq                          0x08007a79   Thumb Code     0  deqf.o(x$fpl$deqf)
    _dcmpeq                                  0x08007a79   Thumb Code    94  deqf.o(x$fpl$deqf)
    __aeabi_cdrcmple                         0x08007add   Thumb Code     0  drlef.o(x$fpl$drleqf)
    _drcmple                                 0x08007add   Thumb Code   100  drlef.o(x$fpl$drleqf)
    __aeabi_fadd                             0x08007b45   Thumb Code     0  faddsub.o(x$fpl$fadd)
    _fadd                                    0x08007b45   Thumb Code   134  faddsub.o(x$fpl$fadd)
    __aeabi_cfcmple                          0x08007bd1   Thumb Code     0  flef.o(x$fpl$fleqf)
    _fcmple                                  0x08007bd1   Thumb Code    78  flef.o(x$fpl$fleqf)
    __aeabi_fmul                             0x08007c25   Thumb Code     0  fmul.o(x$fpl$fmul)
    _fmul                                    0x08007c25   Thumb Code   172  fmul.o(x$fpl$fmul)
    __aeabi_cfrcmple                         0x08007cd5   Thumb Code     0  frlef.o(x$fpl$frleqf)
    _frcmple                                 0x08007cd5   Thumb Code    84  frlef.o(x$fpl$frleqf)
    __aeabi_fsub                             0x08007d2d   Thumb Code     0  faddsub.o(x$fpl$fsub)
    _fsub                                    0x08007d2d   Thumb Code   204  faddsub.o(x$fpl$fsub)
    _printf_fp_dec                           0x08007dfd   Thumb Code    16  printf1.o(x$fpl$printf1)
    _printf_fp_hex                           0x08007e0d   Thumb Code    16  printf2.o(x$fpl$printf2)
    _scanf_real                              0x08007e1d   Thumb Code    16  scanf1.o(x$fpl$scanf1)
    _scanf_hex_real                          0x08007e2d   Thumb Code    16  scanf2.o(x$fpl$scanf2)
    _scanf_infnan                            0x08007e3d   Thumb Code    16  scanf2.o(x$fpl$scanf2)
    __I$use$fp                               0x08007e4c   Number         0  usenofp.o(x$fpl$usenofp)
    Region$$Table$$Base                      0x0800800c   Number         0  anon$$obj.o(Region$$Table)
    Region$$Table$$Limit                     0x0800802c   Number         0  anon$$obj.o(Region$$Table)
    __aeabi_HUGE_VAL                         0x0800802c   Data           0  fpconst.o(c$$dinf)
    __aeabi_HUGE_VALL                        0x0800802c   Data           0  fpconst.o(c$$dinf)
    __aeabi_INFINITY                         0x0800802c   Data           0  fpconst.o(c$$dinf)
    __dInf                                   0x0800802c   Data           0  fpconst.o(c$$dinf)
    __huge_val                               0x0800802c   Data           0  fpconst.o(c$$dinf)
    __ctype                                  0x0800805d   Data           0  lc_ctype_c.o(locale$$data)
    SystemCoreClock                          0x20000000   Data           4  system_apm32f0xx.o(.data)
    cntUs                                    0x20000004   Data           4  bsp_delay.o(.data)
    cntMs                                    0x20000008   Data           4  bsp_delay.o(.data)
    manu1_devicestate                        0x2000000c   Data           1  main.o(.data)
    manu2_normsetstatus                      0x2000000d   Data           1  main.o(.data)
    manu2_promodesetstatus                   0x2000000e   Data           1  main.o(.data)
    runmode                                  0x2000000f   Data           1  main.o(.data)
    prosetcustom                             0x20000010   Data           1  main.o(.data)
    compsestatus1                            0x20000011   Data           1  main.o(.data)
    compsestatus2                            0x20000012   Data           1  main.o(.data)
    secscreen                                0x20000013   Data           1  main.o(.data)
    dispeed                                  0x20000014   Data           1  main.o(.data)
    runsetdisplay                            0x20000015   Data           1  main.o(.data)
    disp_delay_flag                          0x20000016   Data           1  main.o(.data)
    EASY1EASY2                               0x20000017   Data           1  main.o(.data)
    EASY1HSY2                                0x20000018   Data           1  main.o(.data)
    EASY1WCMP2                               0x20000019   Data           1  main.o(.data)
    HSY1EASY2                                0x2000001a   Data           1  main.o(.data)
    HSY1HSY2                                 0x2000001b   Data           1  main.o(.data)
    HSY1OFF2                                 0x2000001c   Data           1  main.o(.data)
    HSY1WCMP2                                0x2000001d   Data           1  main.o(.data)
    WCMP1EASY2                               0x2000001e   Data           1  main.o(.data)
    WCMP1HSY2                                0x2000001f   Data           1  main.o(.data)
    WCMP1WCMP2                               0x20000020   Data           1  main.o(.data)
    WCMP1OFF2                                0x20000021   Data           1  main.o(.data)
    NOWSETWICH                               0x20000022   Data           1  main.o(.data)
    speed                                    0x20000023   Data           1  main.o(.data)
    addcount                                 0x20000024   Data           1  main.o(.data)
    threered_pwmval                          0x20000025   Data           1  main.o(.data)
    onered_pwmval                            0x20000026   Data           1  main.o(.data)
    doubleged_pwmval                         0x20000027   Data           1  main.o(.data)
    oneged_pwmval                            0x20000028   Data           1  main.o(.data)
    disp_main_flag                           0x20000029   Data           1  main.o(.data)
    disp_main_flagEN                         0x2000002a   Data           1  main.o(.data)
    Zero_Key_release                         0x2000002b   Data           1  main.o(.data)
    Switch_peakvalley_flag                   0x2000002c   Data           1  main.o(.data)
    Key_Lock                                 0x2000002d   Data           1  main.o(.data)
    reactiontimestart1                       0x2000002e   Data           1  main.o(.data)
    reactiontimestart2                       0x2000002f   Data           1  main.o(.data)
    reactiontimestart3                       0x20000030   Data           1  main.o(.data)
    reactiontimestart4                       0x20000031   Data           1  main.o(.data)
    out1_state                               0x20000032   Data           1  main.o(.data)
    out2_state                               0x20000033   Data           1  main.o(.data)
    Achieve_delay                            0x20000034   Data           1  main.o(.data)
    Secondary_screendis_start                0x20000035   Data           1  main.o(.data)
    dispset                                  0x20000036   Data           1  main.o(.data)
    dispsetflag                              0x20000037   Data           1  main.o(.data)
    machine_identification                   0x20000038   Data           1  main.o(.data)
    flashbit                                 0x20000039   Data           1  main.o(.data)
    flashbit1                                0x2000003a   Data           1  main.o(.data)
    NOserialnum                              0x2000003b   Data           1  main.o(.data)
    tendigit                                 0x2000003c   Data           1  main.o(.data)
    unitsdigit                               0x2000003d   Data           1  main.o(.data)
    Customized_posbit1                       0x2000003e   Data           1  main.o(.data)
    Customized_posbit2                       0x2000003f   Data           1  main.o(.data)
    Customized_posbit3                       0x20000040   Data           1  main.o(.data)
    Customized_posbit4                       0x20000041   Data           1  main.o(.data)
    OUT1_NONCstate                           0x20000042   Data           1  main.o(.data)
    OUT2_NONCstate                           0x20000043   Data           1  main.o(.data)
    Display_linked_conversion                0x20000044   Data           1  main.o(.data)
    disupordown                              0x20000045   Data           1  main.o(.data)
    disupordownflag                          0x20000046   Data           1  main.o(.data)
    ot1state                                 0x20000047   Data           1  main.o(.data)
    ot2state                                 0x20000048   Data           1  main.o(.data)
    DIV_10MS                                 0x20000049   Data           1  main.o(.data)
    Encheck_Delay_Start                      0x2000004a   Data           1  main.o(.data)
    flash_flag                               0x2000004b   Data           1  main.o(.data)
    noncstatus                               0x2000004c   Data           2  main.o(.data)
    diflevel                                 0x2000004e   Data           2  main.o(.data)
    disp_delay_tick                          0x20000050   Data           2  main.o(.data)
    turntime                                 0x20000052   Data           2  main.o(.data)
    disp_main_parcount                       0x20000054   Data           2  main.o(.data)
    Peakvally_count                          0x20000056   Data           2  main.o(.data)
    reactiontimesetchannel1                  0x20000058   Data           2  main.o(.data)
    reactiontimesetchannel2                  0x2000005a   Data           2  main.o(.data)
    reactiontime_tickchannel1                0x2000005c   Data           2  main.o(.data)
    reactiontime_tickchannel2                0x2000005e   Data           2  main.o(.data)
    reactiontime_tickchannel3                0x20000060   Data           2  main.o(.data)
    reactiontime_tickchannel4                0x20000062   Data           2  main.o(.data)
    dispspeed_set                            0x20000064   Data           2  main.o(.data)
    Delay_secondary_screen_display           0x20000066   Data           2  main.o(.data)
    Periodic_refresh_setvaldisct             0x20000068   Data           2  main.o(.data)
    disupordowntick                          0x2000006a   Data           2  main.o(.data)
    flash_tick                               0x2000006c   Data           2  main.o(.data)
    reactiontime                             0x20000070   Data           4  main.o(.data)
    mainscreencolor                          0x20000074   Data           4  main.o(.data)
    unitconversion                           0x20000078   Data           4  main.o(.data)
    colorreaction                            0x2000007c   Data           4  main.o(.data)
    ecomode                                  0x20000080   Data           4  main.o(.data)
    facrecover                               0x20000084   Data           4  main.o(.data)
    NormolmodeSetValue                       0x20000088   Data           4  main.o(.data)
    PromodeSetValue                          0x2000008c   Data           4  main.o(.data)
    P1_Value                                 0x20000090   Data           4  main.o(.data)
    P2_Value                                 0x20000094   Data           4  main.o(.data)
    Hi1_Value                                0x20000098   Data           4  main.o(.data)
    Lo1_Value                                0x2000009c   Data           4  main.o(.data)
    Hi2_Value                                0x200000a0   Data           4  main.o(.data)
    Lo2_Value                                0x200000a4   Data           4  main.o(.data)
    press_time                               0x200000a8   Data           4  main.o(.data)
    adcData                                  0x200000ac   Data           4  main.o(.data)
    VOL_value                                0x200000b0   Data           4  main.o(.data)
    Current_pressure_value                   0x200000b4   Data           4  main.o(.data)
    adc_temp                                 0x200000b8   Data           4  main.o(.data)
    Zero_gap                                 0x200000bc   Data           4  main.o(.data)
    MAXairpress                              0x200000c0   Data           4  main.o(.data)
    MINarepress                              0x200000c4   Data           4  main.o(.data)
    diflevel_value                           0x200000c8   Data           4  main.o(.data)
    unitchange_pressure_value                0x200000cc   Data           4  main.o(.data)
    auto_increment_slow                      0x200000d0   Data           4  main.o(.data)
    auto_increment_fast                      0x200000d4   Data           4  main.o(.data)
    set_max                                  0x200000d8   Data           4  main.o(.data)
    Unitconv_statusrecord                    0x200000dc   Data           4  main.o(.data)
    Unitconv_statusnow                       0x200000e0   Data           4  main.o(.data)
    CustomSymbol                             0x200000e4   Data           4  main.o(.data)
    Encheck_Delay_Tick                       0x200000f0   Data           4  main.o(.data)
    Encheck_Delay_Starttime                  0x200000f4   Data           4  main.o(.data)
    Encheck_Delay_Nowtime                    0x200000f8   Data           4  main.o(.data)
    key_management                           0x200000fc   Data          16  user_key_div.o(.bss)
    pwm0_management                          0x2000010c   Data          16  user_pwm_div.o(.bss)
    pwm1_management                          0x2000011c   Data          16  user_pwm_div.o(.bss)
    pwm2_management                          0x2000012c   Data          16  user_pwm_div.o(.bss)
    pwm3_management                          0x2000013c   Data          16  user_pwm_div.o(.bss)
    disp_management                          0x2000014c   Data          40  user_disp_div.o(.bss)
    __libspace_start                         0x20000174   Data          96  libspace.o(.bss)
    __temporary_stack_top$libspace           0x200001d4   Data           0  libspace.o(.bss)



==============================================================================

Memory Map of the image

  Image Entry point : 0x080000bd

  Load Region LR_IROM1 (Base: 0x08000000, Size: 0x0000825c, Max: 0x00010000, ABSOLUTE)

    Execution Region ER_IROM1 (Base: 0x08000000, Size: 0x00008160, Max: 0x00010000, ABSOLUTE)

    Base Addr    Size         Type   Attr      Idx    E Section Name        Object

    0x08000000   0x000000bc   Data   RO            3    RESET               startup_apm32f051.o
    0x080000bc   0x00000008   Code   RO         6089  * !!!main             c_p.l(__main.o)
    0x080000c4   0x0000003c   Code   RO         6688    !!!scatter          c_p.l(__scatter.o)
    0x08000100   0x0000001a   Code   RO         6690    !!handler_copy      c_p.l(__scatter_copy.o)
    0x0800011a   0x00000002   PAD
    0x0800011c   0x0000001c   Code   RO         6692    !!handler_zi        c_p.l(__scatter_zi.o)
    0x08000138   0x00000002   Code   RO         6074    .ARM.Collect$$_printf_percent$$00000000  c_p.l(_printf_percent.o)
    0x0800013a   0x0000000a   Code   RO         6191    .ARM.Collect$$_printf_percent$$00000001  c_p.l(_printf_n.o)
    0x08000144   0x0000000a   Code   RO         6193    .ARM.Collect$$_printf_percent$$00000002  c_p.l(_printf_p.o)
    0x0800014e   0x0000000a   Code   RO         6073    .ARM.Collect$$_printf_percent$$00000003  c_p.l(_printf_f.o)
    0x08000158   0x0000000a   Code   RO         6197    .ARM.Collect$$_printf_percent$$00000004  c_p.l(_printf_e.o)
    0x08000162   0x0000000a   Code   RO         6198    .ARM.Collect$$_printf_percent$$00000005  c_p.l(_printf_g.o)
    0x0800016c   0x0000000a   Code   RO         6199    .ARM.Collect$$_printf_percent$$00000006  c_p.l(_printf_a.o)
    0x08000176   0x0000000a   Code   RO         6204    .ARM.Collect$$_printf_percent$$00000007  c_p.l(_printf_ll.o)
    0x08000180   0x0000000a   Code   RO         6195    .ARM.Collect$$_printf_percent$$00000008  c_p.l(_printf_i.o)
    0x0800018a   0x0000000a   Code   RO         6072    .ARM.Collect$$_printf_percent$$00000009  c_p.l(_printf_d.o)
    0x08000194   0x0000000a   Code   RO         6196    .ARM.Collect$$_printf_percent$$0000000A  c_p.l(_printf_u.o)
    0x0800019e   0x0000000a   Code   RO         6194    .ARM.Collect$$_printf_percent$$0000000B  c_p.l(_printf_o.o)
    0x080001a8   0x0000000a   Code   RO         6192    .ARM.Collect$$_printf_percent$$0000000C  c_p.l(_printf_x.o)
    0x080001b2   0x0000000a   Code   RO         6201    .ARM.Collect$$_printf_percent$$0000000D  c_p.l(_printf_lli.o)
    0x080001bc   0x0000000a   Code   RO         6202    .ARM.Collect$$_printf_percent$$0000000E  c_p.l(_printf_lld.o)
    0x080001c6   0x0000000a   Code   RO         6203    .ARM.Collect$$_printf_percent$$0000000F  c_p.l(_printf_llu.o)
    0x080001d0   0x0000000a   Code   RO         6208    .ARM.Collect$$_printf_percent$$00000010  c_p.l(_printf_llo.o)
    0x080001da   0x0000000a   Code   RO         6209    .ARM.Collect$$_printf_percent$$00000011  c_p.l(_printf_llx.o)
    0x080001e4   0x0000000a   Code   RO         6205    .ARM.Collect$$_printf_percent$$00000012  c_p.l(_printf_l.o)
    0x080001ee   0x0000000a   Code   RO         6189    .ARM.Collect$$_printf_percent$$00000013  c_p.l(_printf_c.o)
    0x080001f8   0x0000000a   Code   RO         6190    .ARM.Collect$$_printf_percent$$00000014  c_p.l(_printf_s.o)
    0x08000202   0x0000000a   Code   RO         6206    .ARM.Collect$$_printf_percent$$00000015  c_p.l(_printf_lc.o)
    0x0800020c   0x0000000a   Code   RO         6207    .ARM.Collect$$_printf_percent$$00000016  c_p.l(_printf_ls.o)
    0x08000216   0x00000004   Code   RO         6200    .ARM.Collect$$_printf_percent$$00000017  c_p.l(_printf_percent_end.o)
    0x0800021a   0x00000002   Code   RO         6416    .ARM.Collect$$libinit$$00000000  c_p.l(libinit.o)
    0x0800021c   0x00000000   Code   RO         6418    .ARM.Collect$$libinit$$00000002  c_p.l(libinit2.o)
    0x0800021c   0x00000000   Code   RO         6420    .ARM.Collect$$libinit$$00000004  c_p.l(libinit2.o)
    0x0800021c   0x00000000   Code   RO         6423    .ARM.Collect$$libinit$$0000000A  c_p.l(libinit2.o)
    0x0800021c   0x00000000   Code   RO         6425    .ARM.Collect$$libinit$$0000000C  c_p.l(libinit2.o)
    0x0800021c   0x00000000   Code   RO         6427    .ARM.Collect$$libinit$$0000000E  c_p.l(libinit2.o)
    0x0800021c   0x00000006   Code   RO         6428    .ARM.Collect$$libinit$$0000000F  c_p.l(libinit2.o)
    0x08000222   0x00000000   Code   RO         6430    .ARM.Collect$$libinit$$00000011  c_p.l(libinit2.o)
    0x08000222   0x0000000c   Code   RO         6431    .ARM.Collect$$libinit$$00000012  c_p.l(libinit2.o)
    0x0800022e   0x00000000   Code   RO         6432    .ARM.Collect$$libinit$$00000013  c_p.l(libinit2.o)
    0x0800022e   0x00000000   Code   RO         6434    .ARM.Collect$$libinit$$00000015  c_p.l(libinit2.o)
    0x0800022e   0x0000000a   Code   RO         6435    .ARM.Collect$$libinit$$00000016  c_p.l(libinit2.o)
    0x08000238   0x00000000   Code   RO         6436    .ARM.Collect$$libinit$$00000017  c_p.l(libinit2.o)
    0x08000238   0x00000000   Code   RO         6438    .ARM.Collect$$libinit$$00000019  c_p.l(libinit2.o)
    0x08000238   0x00000000   Code   RO         6440    .ARM.Collect$$libinit$$0000001B  c_p.l(libinit2.o)
    0x08000238   0x00000000   Code   RO         6442    .ARM.Collect$$libinit$$0000001D  c_p.l(libinit2.o)
    0x08000238   0x00000000   Code   RO         6444    .ARM.Collect$$libinit$$0000001F  c_p.l(libinit2.o)
    0x08000238   0x00000000   Code   RO         6446    .ARM.Collect$$libinit$$00000021  c_p.l(libinit2.o)
    0x08000238   0x00000000   Code   RO         6448    .ARM.Collect$$libinit$$00000023  c_p.l(libinit2.o)
    0x08000238   0x00000000   Code   RO         6450    .ARM.Collect$$libinit$$00000025  c_p.l(libinit2.o)
    0x08000238   0x00000000   Code   RO         6454    .ARM.Collect$$libinit$$0000002C  c_p.l(libinit2.o)
    0x08000238   0x00000000   Code   RO         6456    .ARM.Collect$$libinit$$0000002E  c_p.l(libinit2.o)
    0x08000238   0x00000000   Code   RO         6458    .ARM.Collect$$libinit$$00000030  c_p.l(libinit2.o)
    0x08000238   0x00000000   Code   RO         6460    .ARM.Collect$$libinit$$00000032  c_p.l(libinit2.o)
    0x08000238   0x00000002   Code   RO         6461    .ARM.Collect$$libinit$$00000033  c_p.l(libinit2.o)
    0x0800023a   0x00000002   Code   RO         6634    .ARM.Collect$$libshutdown$$00000000  c_p.l(libshutdown.o)
    0x0800023c   0x00000000   Code   RO         6463    .ARM.Collect$$libshutdown$$00000002  c_p.l(libshutdown2.o)
    0x0800023c   0x00000000   Code   RO         6465    .ARM.Collect$$libshutdown$$00000004  c_p.l(libshutdown2.o)
    0x0800023c   0x00000000   Code   RO         6468    .ARM.Collect$$libshutdown$$00000007  c_p.l(libshutdown2.o)
    0x0800023c   0x00000000   Code   RO         6471    .ARM.Collect$$libshutdown$$0000000A  c_p.l(libshutdown2.o)
    0x0800023c   0x00000000   Code   RO         6473    .ARM.Collect$$libshutdown$$0000000C  c_p.l(libshutdown2.o)
    0x0800023c   0x00000000   Code   RO         6476    .ARM.Collect$$libshutdown$$0000000F  c_p.l(libshutdown2.o)
    0x0800023c   0x00000002   Code   RO         6477    .ARM.Collect$$libshutdown$$00000010  c_p.l(libshutdown2.o)
    0x0800023e   0x00000000   Code   RO         6125    .ARM.Collect$$rtentry$$00000000  c_p.l(__rtentry.o)
    0x0800023e   0x00000000   Code   RO         6235    .ARM.Collect$$rtentry$$00000002  c_p.l(__rtentry2.o)
    0x0800023e   0x00000006   Code   RO         6247    .ARM.Collect$$rtentry$$00000004  c_p.l(__rtentry4.o)
    0x08000244   0x00000000   Code   RO         6237    .ARM.Collect$$rtentry$$00000009  c_p.l(__rtentry2.o)
    0x08000244   0x00000004   Code   RO         6238    .ARM.Collect$$rtentry$$0000000A  c_p.l(__rtentry2.o)
    0x08000248   0x00000000   Code   RO         6240    .ARM.Collect$$rtentry$$0000000C  c_p.l(__rtentry2.o)
    0x08000248   0x00000008   Code   RO         6241    .ARM.Collect$$rtentry$$0000000D  c_p.l(__rtentry2.o)
    0x08000250   0x00000002   Code   RO         6486    .ARM.Collect$$rtexit$$00000000  c_p.l(rtexit.o)
    0x08000252   0x00000000   Code   RO         6563    .ARM.Collect$$rtexit$$00000002  c_p.l(rtexit2.o)
    0x08000252   0x00000004   Code   RO         6564    .ARM.Collect$$rtexit$$00000003  c_p.l(rtexit2.o)
    0x08000256   0x00000006   Code   RO         6565    .ARM.Collect$$rtexit$$00000004  c_p.l(rtexit2.o)
    0x0800025c   0x00000038   Code   RO            4    .text               startup_apm32f051.o
    0x08000294   0x00000038   Code   RO         6038    .text               c_p.l(vsnprintf.o)
    0x080002cc   0x0000003c   Code   RO         6042    .text               c_p.l(__2snprintf.o)
    0x08000308   0x0000006c   Code   RO         6050    .text               c_p.l(_printf_dec.o)
    0x08000374   0x00000188   Code   RO         6069    .text               c_p.l(__printf_flags_ss_wp.o)
    0x080004fc   0x0000001a   Code   RO         6075    .text               c_p.l(atoi.o)
    0x08000516   0x00000002   PAD
    0x08000518   0x00000044   Code   RO         6077    .text               c_p.l(strlen.o)
    0x0800055c   0x00000040   Code   RO         6079    .text               c_p.l(rt_memclr.o)
    0x0800059c   0x0000015a   Code   RO         6083    .text               c_p.l(aeabi_sdiv.o)
    0x080006f6   0x00000006   Code   RO         6087    .text               c_p.l(heapauxi.o)
    0x080006fc   0x0000007c   Code   RO         6091    .text               fz_ps.l(d2f.o)
    0x08000778   0x00000448   Code   RO         6093    .text               fz_ps.l(ddiv.o)
    0x08000bc0   0x00000248   Code   RO         6096    .text               fz_ps.l(dmul.o)
    0x08000e08   0x00000054   Code   RO         6098    .text               fz_ps.l(f2d.o)
    0x08000e5c   0x00000160   Code   RO         6106    .text               fz_ps.l(fdiv.o)
    0x08000fbc   0x00000030   Code   RO         6109    .text               fz_ps.l(ffixui.o)
    0x08000fec   0x0000005e   Code   RO         6111    .text               fz_ps.l(fflti.o)
    0x0800104a   0x00000002   PAD
    0x0800104c   0x00000008   Code   RO         6133    .text               c_p.l(rt_errno_addr_intlibspace.o)
    0x08001054   0x00000016   Code   RO         6135    .text               c_p.l(_rserrno.o)
    0x0800106a   0x0000004e   Code   RO         6137    .text               c_p.l(_printf_pad.o)
    0x080010b8   0x00000024   Code   RO         6139    .text               c_p.l(_printf_truncate.o)
    0x080010dc   0x00000052   Code   RO         6141    .text               c_p.l(_printf_str.o)
    0x0800112e   0x000000b0   Code   RO         6143    .text               c_p.l(_printf_intcommon.o)
    0x080011de   0x00000026   Code   RO         6145    .text               c_p.l(_printf_charcount.o)
    0x08001204   0x00000414   Code   RO         6147    .text               c_p.l(_printf_fp_dec.o)
    0x08001618   0x00000030   Code   RO         6149    .text               c_p.l(_printf_char_common.o)
    0x08001648   0x0000000a   Code   RO         6151    .text               c_p.l(_sputc.o)
    0x08001652   0x00000010   Code   RO         6153    .text               c_p.l(_snputc.o)
    0x08001662   0x00000002   PAD
    0x08001664   0x000000bc   Code   RO         6157    .text               c_p.l(_printf_wctomb.o)
    0x08001720   0x00000070   Code   RO         6160    .text               c_p.l(_printf_longlong_dec.o)
    0x08001790   0x00000070   Code   RO         6166    .text               c_p.l(_printf_oct_int_ll.o)
    0x08001800   0x00000098   Code   RO         6186    .text               c_p.l(_printf_hex_int_ll_ptr.o)
    0x08001898   0x000000ac   Code   RO         6210    .text               c_p.l(strtod.o)
    0x08001944   0x00000070   Code   RO         6212    .text               c_p.l(strtol.o)
    0x080019b4   0x00000028   Code   RO         6220    .text               c_p.l(rtudiv10.o)
    0x080019dc   0x00000064   Code   RO         6222    .text               fz_ps.l(fcmpin.o)
    0x08001a40   0x00000008   Code   RO         6231    .text               c_p.l(libspace.o)
    0x08001a48   0x00000010   Code   RO         6249    .text               c_p.l(rt_ctype_table.o)
    0x08001a58   0x00000008   Code   RO         6256    .text               c_p.l(rt_locale_intlibspace.o)
    0x08001a60   0x0000007a   Code   RO         6258    .text               c_p.l(lludiv10.o)
    0x08001ada   0x00000012   Code   RO         6260    .text               c_p.l(isspace.o)
    0x08001aec   0x000002d8   Code   RO         6262    .text               c_p.l(_printf_fp_hex.o)
    0x08001dc4   0x00000088   Code   RO         6265    .text               c_p.l(_printf_fp_infnan.o)
    0x08001e4c   0x0000002e   Code   RO         6269    .text               c_p.l(_printf_char.o)
    0x08001e7a   0x0000002e   Code   RO         6271    .text               c_p.l(_printf_wchar.o)
    0x08001ea8   0x00000044   Code   RO         6273    .text               c_p.l(_sgetc.o)
    0x08001eec   0x000000a6   Code   RO         6275    .text               c_p.l(_strtoul.o)
    0x08001f92   0x00000002   PAD
    0x08001f94   0x000000c8   Code   RO         6277    .text               c_p.l(bigflt0.o)
    0x0800205c   0x000004c8   Code   RO         6280    .text               c_p.l(btod.o)
    0x08002524   0x00000040   Code   RO         6298    .text               c_p.l(_wcrtomb.o)
    0x08002564   0x0000002e   Code   RO         6303    .text               fz_ps.l(cmpret.o)
    0x08002592   0x00000002   PAD
    0x08002594   0x00000010   Code   RO         6305    .text               fz_ps.l(fnan2.o)
    0x080025a4   0x0000003e   Code   RO         6320    .text               c_p.l(sys_stackheap_outer.o)
    0x080025e2   0x0000001e   Code   RO         6379    .text               c_p.l(_chval.o)
    0x08002600   0x000004d0   Code   RO         6381    .text               c_p.l(scanf_fp.o)
    0x08002ad0   0x00000010   Code   RO         6399    .text               c_p.l(exit.o)
    0x08002ae0   0x00000088   Code   RO         6409    .text               c_p.l(strcmp.o)
    0x08002b68   0x0000005e   Code   RO         6480    .text               fz_ps.l(retnan.o)
    0x08002bc6   0x00000002   Code   RO         6482    .text               c_p.l(use_no_semi.o)
    0x08002bc8   0x00000000   Code   RO         6484    .text               c_p.l(indicate_semi.o)
    0x08002bc8   0x00000030   Code   RO         6517    .text               c_p.l(llmul.o)
    0x08002bf8   0x0000000c   Code   RO         6560    .text               c_p.l(sys_exit.o)
    0x08002c04   0x00000334   Code   RO         6579    .text               c_p.l(scanf_hexfp.o)
    0x08002f38   0x0000013c   Code   RO         6581    .text               c_p.l(scanf_infnan.o)
    0x08003074   0x00000020   Code   RO         6626    .text               c_p.l(llshl.o)
    0x08003094   0x00000090   Code   RO         6635    .text               fz_ps.l(dcmpin.o)
    0x08003124   0x00000060   Code   RO         6637    .text               fz_ps.l(dscalbn.o)
    0x08003184   0x00000014   Code   RO         6667    .text               fz_ps.l(dnan2.o)
    0x08003198   0x00000008   Code   RO         5532    i.ADC1_COMP_IRQHandler  user_adc_hal.o
    0x080031a0   0x0000000c   Code   RO           68    i.ADC_ClearIntFlag  apm32f0xx_adc.o
    0x080031ac   0x0000006c   Code   RO           71    i.ADC_Config        apm32f0xx_adc.o
    0x08003218   0x00000014   Code   RO           72    i.ADC_ConfigChannel  apm32f0xx_adc.o
    0x0800322c   0x00000010   Code   RO           73    i.ADC_ConfigStructInit  apm32f0xx_adc.o
    0x0800323c   0x00000010   Code   RO           89    i.ADC_Enable        apm32f0xx_adc.o
    0x0800324c   0x00000010   Code   RO           96    i.ADC_EnableInterrupt  apm32f0xx_adc.o
    0x0800325c   0x00000048   Code   RO         5117    i.ADC_Isr           main.o
    0x080032a4   0x00000034   Code   RO          103    i.ADC_ReadCalibrationFactor  apm32f0xx_adc.o
    0x080032d8   0x0000000c   Code   RO          104    i.ADC_ReadConversionValue  apm32f0xx_adc.o
    0x080032e4   0x00000020   Code   RO          105    i.ADC_ReadIntFlag   apm32f0xx_adc.o
    0x08003304   0x00000014   Code   RO          107    i.ADC_Reset         apm32f0xx_adc.o
    0x08003318   0x00000010   Code   RO          108    i.ADC_StartConversion  apm32f0xx_adc.o
    0x08003328   0x00000030   Code   RO         4805    i.APM_EVAL_DelayInit  bsp_delay.o
    0x08003358   0x00000038   Code   RO         4806    i.APM_EVAL_DelayMs  bsp_delay.o
    0x08003390   0x00000038   Code   RO         4807    i.APM_EVAL_DelayUs  bsp_delay.o
    0x080033c8   0x00000038   Code   RO         5118    i.APM_EVAL_Init     main.o
    0x08003400   0x000000d8   Code   RO         5119    i.CLear_NowSetSHow  main.o
    0x080034d8   0x00000060   Code   RO         5120    i.Config_reacttime_delay  main.o
    0x08003538   0x0000018e   Code   RO         5878    i.DIV_Disp_Alphabet  user_disp_div.o
    0x080036c6   0x00000258   Code   RO         5879    i.DIV_Disp_ByString  user_disp_div.o
    0x0800391e   0x00000002   PAD
    0x08003920   0x0000001c   Code   RO         5880    i.DIV_Disp_ClearAllPoint  user_disp_div.o
    0x0800393c   0x00000018   Code   RO         5881    i.DIV_Disp_ClearPoint  user_disp_div.o
    0x08003954   0x00000364   Code   RO         5882    i.DIV_Disp_FloatByString  user_disp_div.o
    0x08003cb8   0x00000008   Code   RO         5883    i.DIV_Disp_Init     user_disp_div.o
    0x08003cc0   0x000003a8   Code   RO         5884    i.DIV_Disp_MultiplefloatNum  user_disp_div.o
    0x08004068   0x000000c6   Code   RO         5885    i.DIV_Disp_Num      user_disp_div.o
    0x0800412e   0x00000002   PAD
    0x08004130   0x00000034   Code   RO         5887    i.DIV_Disp_SetPoint  user_disp_div.o
    0x08004164   0x0000002a   Code   RO         5888    i.DIV_Disp_Snprintf  user_disp_div.o
    0x0800418e   0x000000d2   Code   RO         5889    i.DIV_Disp_Symbol   user_disp_div.o
    0x08004260   0x000000e8   Code   RO         5890    i.DIV_Disp_Uint16Num  user_disp_div.o
    0x08004348   0x0000002c   Code   RO         5891    i.DIV_Disp_UnSetPoint  user_disp_div.o
    0x08004374   0x00000034   Code   RO         5892    i.DIV_Disp_floatNum  user_disp_div.o
    0x080043a8   0x00000048   Code   RO         5796    i.DIV_Pwm_Init      user_pwm_div.o
    0x080043f0   0x00000098   Code   RO         5797    i.DIV_Pwn_Control   user_pwm_div.o
    0x08004488   0x00000034   Code   RO         5798    i.DIV_Pwn_Set       user_pwm_div.o
    0x080044bc   0x00000008   Code   RO         6015    i.DIV_ReadValue_Init  user_readvalue_div.o
    0x080044c4   0x00000020   Code   RO         5893    i.DIV_disp_out12andpoint  user_disp_div.o
    0x080044e4   0x00000028   Code   RO         5121    i.Disp_Speed_Turn   main.o
    0x0800450c   0x00000024   Code   RO         5122    i.Display_airpressurevalwitunit  main.o
    0x08004530   0x0000002c   Code   RO         5494    i.EINT0_1_IRQHandler  user_key_hal.o
    0x0800455c   0x0000001c   Code   RO         5495    i.EINT4_15_IRQHandler  user_key_hal.o
    0x08004578   0x0000000c   Code   RO         1425    i.EINT_ClearStatusFlag  apm32f0xx_eint.o
    0x08004584   0x0000006c   Code   RO         1426    i.EINT_Config       apm32f0xx_eint.o
    0x080045f0   0x00000014   Code   RO         1429    i.EINT_ReadStatusFlag  apm32f0xx_eint.o
    0x08004604   0x00000038   Code   RO         1505    i.FMC_ErasePage     apm32f0xx_fmc.o
    0x0800463c   0x00000010   Code   RO         1508    i.FMC_Lock          apm32f0xx_fmc.o
    0x0800464c   0x00000044   Code   RO         1512    i.FMC_ProgramWord   apm32f0xx_fmc.o
    0x08004690   0x00000024   Code   RO         1516    i.FMC_ReadState     apm32f0xx_fmc.o
    0x080046b4   0x00000018   Code   RO         1519    i.FMC_Unlock        apm32f0xx_fmc.o
    0x080046cc   0x0000001c   Code   RO         1521    i.FMC_WaitForReady  apm32f0xx_fmc.o
    0x080046e8   0x000000a0   Code   RO         5123    i.Flash_Read_SetValue  main.o
    0x08004788   0x0000012c   Code   RO         5124    i.Flash_Write_SetValue  main.o
    0x080048b4   0x00000004   Code   RO         1228    i.GPIO_ClearBit     apm32f0xx_gpio.o
    0x080048b8   0x00000074   Code   RO         1229    i.GPIO_Config       apm32f0xx_gpio.o
    0x0800492c   0x0000000a   Code   RO         1233    i.GPIO_ReadInputBit  apm32f0xx_gpio.o
    0x08004936   0x00000004   Code   RO         1238    i.GPIO_SetBit       apm32f0xx_gpio.o
    0x0800493a   0x00000072   Code   RO         5533    i.HAL_ADC_Init      user_adc_hal.o
    0x080049ac   0x00000018   Code   RO         5558    i.HAL_Disp_ClearALL  user_disp_hal.o
    0x080049c4   0x00000020   Code   RO         5559    i.HAL_Disp_Config   user_disp_hal.o
    0x080049e4   0x00000030   Code   RO         5562    i.HAL_Disp_Init     user_disp_hal.o
    0x08004a14   0x00000088   Code   RO         5563    i.HAL_Disp_W_Cmd    user_disp_hal.o
    0x08004a9c   0x000000ce   Code   RO         5564    i.HAL_Disp_W_Data   user_disp_hal.o
    0x08004b6a   0x00000002   PAD
    0x08004b6c   0x00000044   Code   RO         5566    i.HAL_Disp_Write_Pin  user_disp_hal.o
    0x08004bb0   0x000000a4   Code   RO         5496    i.HAL_KEY_Init      user_key_hal.o
    0x08004c54   0x00000008   Code   RO         5497    i.HAL_KEY_Read      user_key_hal.o
    0x08004c5c   0x00000030   Code   RO         5689    i.HAL_OutPut_Set    user_out_hal.o
    0x08004c8c   0x00000012   Code   RO         5624    i.HAL_PWM_SetOutPut  user_pwm_hal.o
    0x08004c9e   0x00000002   PAD
    0x08004ca0   0x00000030   Code   RO         5625    i.HAL_Pwm_Init      user_pwm_hal.o
    0x08004cd0   0x000000e4   Code   RO         5125    i.HAL_System_Init   main.o
    0x08004db4   0x00000050   Code   RO         5468    i.HAL_TMR_Init      user_tmr_hal.o
    0x08004e04   0x0000004c   Code   RO         5690    i.Hal_Out_Init      user_out_hal.o
    0x08004e50   0x00000002   Code   RO         5064    i.HardFault_Handler  apm32f0xx_int.o
    0x08004e52   0x00000002   PAD
    0x08004e54   0x00000064   Code   RO         5126    i.Init_PreSet       main.o
    0x08004eb8   0x0000003c   Code   RO         5758    i.KEY1_Isr          user_key_div.o
    0x08004ef4   0x0000003c   Code   RO         5759    i.KEY2_Isr          user_key_div.o
    0x08004f30   0x00000040   Code   RO         5760    i.KEY3_Isr          user_key_div.o
    0x08004f70   0x00000124   Code   RO         5127    i.MainColorCtr      main.o
    0x08005094   0x00000002   Code   RO         5065    i.NMI_Handler       apm32f0xx_int.o
    0x08005096   0x00000002   PAD
    0x08005098   0x00000058   Code   RO         2195    i.NVIC_EnableIRQRequest  apm32f0xx_misc.o
    0x080050f0   0x00000390   Code   RO         5128    i.NowSetWhich       main.o
    0x08005480   0x00000360   Code   RO         5129    i.OutPutContrl      main.o
    0x080057e0   0x00000060   Code   RO         5130    i.Overflow_protection  main.o
    0x08005840   0x0000002c   Code   RO         5131    i.PWM_CTR           main.o
    0x0800586c   0x00000064   Code   RO         5132    i.PWM_change        main.o
    0x080058d0   0x00000002   Code   RO         5066    i.PendSV_Handler    apm32f0xx_int.o
    0x080058d2   0x00000002   PAD
    0x080058d4   0x00000010   Code   RO         2436    i.RCM_DisableAPB2PeriphReset  apm32f0xx_rcm.o
    0x080058e4   0x00000010   Code   RO         2447    i.RCM_EnableAHBPeriphClock  apm32f0xx_rcm.o
    0x080058f4   0x00000010   Code   RO         2449    i.RCM_EnableAPB1PeriphClock  apm32f0xx_rcm.o
    0x08005904   0x00000010   Code   RO         2451    i.RCM_EnableAPB2PeriphClock  apm32f0xx_rcm.o
    0x08005914   0x00000010   Code   RO         2452    i.RCM_EnableAPB2PeriphReset  apm32f0xx_rcm.o
    0x08005924   0x00000038   Code   RO         5133    i.ReadNowPressValue  main.o
    0x0800595c   0x00000002   Code   RO         5067    i.SVC_Handler       apm32f0xx_int.o
    0x0800595e   0x00000002   PAD
    0x08005960   0x00000048   Code   RO         3503    i.SYSCFG_EINTLine   apm32f0xx_syscfg.o
    0x080059a8   0x000002cc   Code   RO         5134    i.SetByLongPress    main.o
    0x08005c74   0x000001a0   Code   RO         5135    i.SetByShortPress   main.o
    0x08005e14   0x00000574   Code   RO         5136    i.Show_Presets      main.o
    0x08006388   0x00000018   Code   RO         2200    i.SysTick_ConfigCLKSource  apm32f0xx_misc.o
    0x080063a0   0x00000002   Code   RO         5068    i.SysTick_Handler   apm32f0xx_int.o
    0x080063a2   0x00000002   PAD
    0x080063a4   0x00000090   Code   RO           12    i.SystemClock48M    system_apm32f0xx.o
    0x08006434   0x0000006c   Code   RO           14    i.SystemInit        system_apm32f0xx.o
    0x080064a0   0x00000002   Code   RO         5069    i.TMR14_IRQHandler  apm32f0xx_int.o
    0x080064a2   0x00000002   PAD
    0x080064a4   0x000001f8   Code   RO         5137    i.TMR2Isr           main.o
    0x0800669c   0x00000008   Code   RO         5469    i.TMR2_IRQHandler   user_tmr_hal.o
    0x080066a4   0x00000006   Code   RO         3584    i.TMR_ClearIntFlag  apm32f0xx_tmr.o
    0x080066aa   0x00000006   Code   RO         3589    i.TMR_ClearStatusFlag  apm32f0xx_tmr.o
    0x080066b0   0x0000000a   Code   RO         3600    i.TMR_ConfigInternalClock  apm32f0xx_tmr.o
    0x080066ba   0x00000002   PAD
    0x080066bc   0x0000008c   Code   RO         3603    i.TMR_ConfigTimeBase  apm32f0xx_tmr.o
    0x08006748   0x0000000a   Code   RO         3619    i.TMR_Enable        apm32f0xx_tmr.o
    0x08006752   0x00000008   Code   RO         3627    i.TMR_EnableInterrupt  apm32f0xx_tmr.o
    0x0800675a   0x00000014   Code   RO         3666    i.TMR_ReadIntFlag   apm32f0xx_tmr.o
    0x0800676e   0x00000002   PAD
    0x08006770   0x000000a4   Code   RO         5138    i.UnitChange        main.o
    0x08006814   0x000000e4   Code   RO         5139    i.UnitChangeDisp    main.o
    0x080068f8   0x00000050   Code   RO         5141    i.UnitDisp          main.o
    0x08006948   0x00000030   Code   RO         6282    i.__ARM_common_ll_muluu  c_p.l(btod.o)
    0x08006978   0x0000001a   Code   RO         3207    i.__ARM_common_switch8  apm32f0xx_rtc.o
    0x08006992   0x00000002   PAD
    0x08006994   0x0000002c   Code   RO         6311    i.__ARM_fpclassify  m_ps.l(fpclassify.o)
    0x080069c0   0x00000014   Code   RO         6673    i.__mathlib_dbl_overflow  m_ps.l(dunder.o)
    0x080069d4   0x00000014   Code   RO         6675    i.__mathlib_dbl_underflow  m_ps.l(dunder.o)
    0x080069e8   0x00000010   Code   RO         6554    i.__mathlib_narrow  m_ps.l(narrow.o)
    0x080069f8   0x0000008c   Code   RO         6555    i.__mathlib_tofloat  m_ps.l(narrow.o)
    0x08006a84   0x00000014   Code   RO         6640    i.__support_ldexp   m_ps.l(ldexp.o)
    0x08006a98   0x0000000e   Code   RO         6062    i._is_digit         c_p.l(__printf_wp.o)
    0x08006aa6   0x0000002a   Code   RO         6122    i.atof              m_ps.l(atof.o)
    0x08006ad0   0x000001c4   Code   RO         5142    i.changesetunit     main.o
    0x08006c94   0x00000078   Code   RO         5143    i.choise_unitautoincrement  main.o
    0x08006d0c   0x0000021c   Code   RO         5145    i.diflevel_setctr   main.o
    0x08006f28   0x00000048   Code   RO         5146    i.disp_set_valueflash  main.o
    0x08006f70   0x00000058   Code   RO         6615    i.frexp             m_ps.l(frexp.o)
    0x08006fc8   0x00000070   Code   RO         6641    i.ldexp             m_ps.l(ldexp.o)
    0x08007038   0x00000020   Code   RO         5147    i.main              main.o
    0x08007058   0x000008b2   Code   RO         5148    i.mainTask          main.o
    0x0800790a   0x00000002   PAD
    0x0800790c   0x00000114   Code   RO         5149    i.second_disp       main.o
    0x08007a20   0x0000002c   Code   RO         6301    locale$$code        c_p.l(lc_numeric_c.o)
    0x08007a4c   0x0000002c   Code   RO         6397    locale$$code        c_p.l(lc_ctype_c.o)
    0x08007a78   0x00000064   Code   RO         6610    x$fpl$deqf          fz_ps.l(deqf.o)
    0x08007adc   0x00000068   Code   RO         6612    x$fpl$drleqf        fz_ps.l(drlef.o)
    0x08007b44   0x0000008c   Code   RO         6100    x$fpl$fadd          fz_ps.l(faddsub.o)
    0x08007bd0   0x00000054   Code   RO         6113    x$fpl$fleqf         fz_ps.l(flef.o)
    0x08007c24   0x000000b0   Code   RO         6115    x$fpl$fmul          fz_ps.l(fmul.o)
    0x08007cd4   0x00000058   Code   RO         6117    x$fpl$frleqf        fz_ps.l(frlef.o)
    0x08007d2c   0x000000d0   Code   RO         6102    x$fpl$fsub          fz_ps.l(faddsub.o)
    0x08007dfc   0x00000010   Code   RO         6119    x$fpl$printf1       fz_ps.l(printf1.o)
    0x08007e0c   0x00000010   Code   RO         6224    x$fpl$printf2       fz_ps.l(printf2.o)
    0x08007e1c   0x00000010   Code   RO         6309    x$fpl$scanf1        fz_ps.l(scanf1.o)
    0x08007e2c   0x00000020   Code   RO         6548    x$fpl$scanf2        fz_ps.l(scanf2.o)
    0x08007e4c   0x00000000   Code   RO         6230    x$fpl$usenofp       fz_ps.l(usenofp.o)
    0x08007e4c   0x00000011   Data   RO         6070    .constdata          c_p.l(__printf_flags_ss_wp.o)
    0x08007e5d   0x00000080   Data   RO         6094    .constdata          fz_ps.l(ddiv.o)
    0x08007edd   0x00000040   Data   RO         6107    .constdata          fz_ps.l(fdiv.o)
    0x08007f1d   0x00000003   PAD
    0x08007f20   0x00000008   Data   RO         6158    .constdata          c_p.l(_printf_wctomb.o)
    0x08007f28   0x00000028   Data   RO         6187    .constdata          c_p.l(_printf_hex_int_ll_ptr.o)
    0x08007f50   0x00000026   Data   RO         6263    .constdata          c_p.l(_printf_fp_hex.o)
    0x08007f76   0x00000002   PAD
    0x08007f78   0x00000094   Data   RO         6278    .constdata          c_p.l(bigflt0.o)
    0x0800800c   0x00000020   Data   RO         6686    Region$$Table       anon$$obj.o
    0x0800802c   0x00000008   Data   RO         6543    c$$dinf             fz_ps.l(fpconst.o)
    0x08008034   0x0000001c   Data   RO         6300    locale$$data        c_p.l(lc_numeric_c.o)
    0x08008050   0x00000110   Data   RO         6396    locale$$data        c_p.l(lc_ctype_c.o)


    Execution Region RW_IRAM1 (Base: 0x20000000, Size: 0x000013d8, Max: 0x00002000, ABSOLUTE)

    Base Addr    Size         Type   Attr      Idx    E Section Name        Object

    0x20000000   0x00000004   Data   RW           15    .data               system_apm32f0xx.o
    0x20000004   0x00000008   Data   RW         4808    .data               bsp_delay.o
    0x2000000c   0x000000f0   Data   RW         5153    .data               main.o
    0x200000fc   0x00000010   Zero   RW         5761    .bss                user_key_div.o
    0x2000010c   0x00000040   Zero   RW         5801    .bss                user_pwm_div.o
    0x2000014c   0x00000028   Zero   RW         5894    .bss                user_disp_div.o
    0x20000174   0x00000060   Zero   RW         6232    .bss                c_p.l(libspace.o)
    0x200001d4   0x00000004   PAD
    0x200001d8   0x00000200   Zero   RW            2    HEAP                startup_apm32f051.o
    0x200003d8   0x00001000   Zero   RW            1    STACK               startup_apm32f051.o


==============================================================================

Image component sizes


      Code (inc. data)   RO Data    RW Data    ZI Data      Debug   Object Name

       320         42          0          0          0       9380   apm32f0xx_adc.o
       140         14          0          0          0       3419   apm32f0xx_eint.o
       228         32          0          0          0       6343   apm32f0xx_fmc.o
       134          0          0          0          0       4264   apm32f0xx_gpio.o
        12          0          0          0          0       2706   apm32f0xx_int.o
       112         18          0          0          0       7070   apm32f0xx_misc.o
        80         30          0          0          0       2596   apm32f0xx_rcm.o
        26          0          0          0          0         72   apm32f0xx_rtc.o
        72          4          0          0          0       2542   apm32f0xx_syscfg.o
       200         24          0          0          0      11242   apm32f0xx_tmr.o
       160         28          0          8          0       2441   bsp_delay.o
     10890       1384          0        240          0      39771   main.o
        56         26        188          0       4608        672   startup_apm32f051.o
       252         26          0          4          0      65539   system_apm32f0xx.o
       122          0          0          0          0       1126   user_adc_hal.o
      3724        272          0          0         40      18899   user_disp_div.o
       514          8          0          0          0       4925   user_disp_hal.o
       184         18          0          0         16       2874   user_key_div.o
       244          4          0          0          0       2685   user_key_hal.o
       124          8          0          0          0       1196   user_out_hal.o
       276         14          0          0         64       3709   user_pwm_div.o
        66          6          0          0          0       1539   user_pwm_hal.o
         8          0          0          0          0        525   user_readvalue_div.o
        88          4          0          0          0       1069   user_tmr_hal.o

    ----------------------------------------------------------------------
     18060       1962        220        252       4728     196604   Object Totals
         0          0         32          0          0          0   (incl. Generated)
        28          0          0          0          0          0   (incl. Padding)

    ----------------------------------------------------------------------

      Code (inc. data)   RO Data    RW Data    ZI Data      Debug   Library Member Name

        60          6          0          0          0         92   __2snprintf.o
         8          0          0          0          0         68   __main.o
       392          6         17          0          0         76   __printf_flags_ss_wp.o
        14          0          0          0          0         60   __printf_wp.o
         0          0          0          0          0          0   __rtentry.o
        12          0          0          0          0          0   __rtentry2.o
         6          0          0          0          0          0   __rtentry4.o
        60          8          0          0          0          0   __scatter.o
        26          0          0          0          0          0   __scatter_copy.o
        28          0          0          0          0          0   __scatter_zi.o
        30          0          0          0          0         60   _chval.o
        10          0          0          0          0          0   _printf_a.o
        10          0          0          0          0          0   _printf_c.o
        46          0          0          0          0        100   _printf_char.o
        48          6          0          0          0         88   _printf_char_common.o
        38          0          0          0          0         60   _printf_charcount.o
        10          0          0          0          0          0   _printf_d.o
       108         18          0          0          0         76   _printf_dec.o
        10          0          0          0          0          0   _printf_e.o
        10          0          0          0          0          0   _printf_f.o
      1044         14          0          0          0        176   _printf_fp_dec.o
       728         10         38          0          0         84   _printf_fp_hex.o
       136         16          0          0          0         76   _printf_fp_infnan.o
        10          0          0          0          0          0   _printf_g.o
       152          4         40          0          0        148   _printf_hex_int_ll_ptr.o
        10          0          0          0          0          0   _printf_i.o
       176          0          0          0          0         84   _printf_intcommon.o
        10          0          0          0          0          0   _printf_l.o
        10          0          0          0          0          0   _printf_lc.o
        10          0          0          0          0          0   _printf_ll.o
        10          0          0          0          0          0   _printf_lld.o
        10          0          0          0          0          0   _printf_lli.o
        10          0          0          0          0          0   _printf_llo.o
        10          0          0          0          0          0   _printf_llu.o
        10          0          0          0          0          0   _printf_llx.o
       112         18          0          0          0         76   _printf_longlong_dec.o
        10          0          0          0          0          0   _printf_ls.o
        10          0          0          0          0          0   _printf_n.o
        10          0          0          0          0          0   _printf_o.o
       112         10          0          0          0        112   _printf_oct_int_ll.o
        10          0          0          0          0          0   _printf_p.o
        78          0          0          0          0        100   _printf_pad.o
         2          0          0          0          0          0   _printf_percent.o
         4          0          0          0          0          0   _printf_percent_end.o
        10          0          0          0          0          0   _printf_s.o
        82          0          0          0          0         72   _printf_str.o
        36          0          0          0          0         76   _printf_truncate.o
        10          0          0          0          0          0   _printf_u.o
        46          0          0          0          0        100   _printf_wchar.o
       188          6          8          0          0         80   _printf_wctomb.o
        10          0          0          0          0          0   _printf_x.o
        22          0          0          0          0         92   _rserrno.o
        68          0          0          0          0         76   _sgetc.o
        16          0          0          0          0         60   _snputc.o
        10          0          0          0          0         60   _sputc.o
       166          0          0          0          0         84   _strtoul.o
        64          0          0          0          0         72   _wcrtomb.o
       346          0          0          0          0         92   aeabi_sdiv.o
        26          0          0          0          0         72   atoi.o
       200          4        148          0          0         80   bigflt0.o
      1272         16          0          0          0        328   btod.o
        16          0          0          0          0         68   exit.o
         6          0          0          0          0        136   heapauxi.o
         0          0          0          0          0          0   indicate_semi.o
        18          0          0          0          0         68   isspace.o
        44         10        272          0          0         76   lc_ctype_c.o
        44         10         28          0          0         76   lc_numeric_c.o
         2          0          0          0          0          0   libinit.o
        30          0          0          0          0          0   libinit2.o
         2          0          0          0          0          0   libshutdown.o
         2          0          0          0          0          0   libshutdown2.o
         8          4          0          0         96         68   libspace.o
        48          0          0          0          0         72   llmul.o
        32          0          0          0          0         68   llshl.o
       122          0          0          0          0         72   lludiv10.o
        16          4          0          0          0         76   rt_ctype_table.o
         8          4          0          0          0         68   rt_errno_addr_intlibspace.o
         8          4          0          0          0         68   rt_locale_intlibspace.o
        64          0          0          0          0        108   rt_memclr.o
         2          0          0          0          0          0   rtexit.o
        10          0          0          0          0          0   rtexit2.o
        40          0          0          0          0         60   rtudiv10.o
      1232         20          0          0          0        124   scanf_fp.o
       820         14          0          0          0         84   scanf_hexfp.o
       316         16          0          0          0         84   scanf_infnan.o
       136          4          0          0          0         72   strcmp.o
        68          6          0          0          0         72   strlen.o
       172         18          0          0          0        120   strtod.o
       112          4          0          0          0         76   strtol.o
        12          4          0          0          0         60   sys_exit.o
        62          0          0          0          0         80   sys_stackheap_outer.o
         2          0          0          0          0         68   use_no_semi.o
        56          6          0          0          0         72   vsnprintf.o
        46          0          0          0          0         60   cmpret.o
       124          4          0          0          0         72   d2f.o
       144          4          0          0          0         76   dcmpin.o
      1096         26        128          0          0        112   ddiv.o
       100          4          0          0          0         92   deqf.o
       584         26          0          0          0         84   dmul.o
        20          6          0          0          0         68   dnan2.o
       104          4          0          0          0        104   drlef.o
        96         12          0          0          0         72   dscalbn.o
        84          4          0          0          0         60   f2d.o
       348          8          0          0          0        160   faddsub.o
       100          4          0          0          0         68   fcmpin.o
       352         10         64          0          0         92   fdiv.o
        48          0          0          0          0         60   ffixui.o
        94          0          0          0          0         92   fflti.o
        84          4          0          0          0         76   flef.o
       176          4          0          0          0         80   fmul.o
        16          6          0          0          0         68   fnan2.o
         0          0          8          0          0          0   fpconst.o
        88          4          0          0          0         76   frlef.o
        16          4          0          0          0         76   printf1.o
        16          4          0          0          0         76   printf2.o
        94          0          0          0          0         68   retnan.o
        16          4          0          0          0         76   scanf1.o
        32          8          0          0          0        100   scanf2.o
         0          0          0          0          0          0   usenofp.o
        42          0          0          0          0         76   atof.o
        40         10          0          0          0        136   dunder.o
        44          4          0          0          0         60   fpclassify.o
        88         16          0          0          0         72   frexp.o
       132          0          0          0          0        140   ldexp.o
       156         10          0          0          0        144   narrow.o

    ----------------------------------------------------------------------
     14084        460        756          0        100       7472   Library Totals
        12          0          5          0          4          0   (incl. Padding)

    ----------------------------------------------------------------------

      Code (inc. data)   RO Data    RW Data    ZI Data      Debug   Library Name

      9692        270        551          0         96       4876   c_p.l
      3878        150        200          0          0       1968   fz_ps.l
       502         40          0          0          0        628   m_ps.l

    ----------------------------------------------------------------------
     14084        460        756          0        100       7472   Library Totals

    ----------------------------------------------------------------------

==============================================================================


      Code (inc. data)   RO Data    RW Data    ZI Data      Debug   

     32144       2422        976        252       4828     194916   Grand Totals
     32144       2422        976        252       4828     194916   ELF Image Totals
     32144       2422        976        252          0          0   ROM Totals

==============================================================================

    Total RO  Size (Code + RO Data)                33120 (  32.34kB)
    Total RW  Size (RW Data + ZI Data)              5080 (   4.96kB)
    Total ROM Size (Code + RO Data + RW Data)      33372 (  32.59kB)

==============================================================================

