<html>
<body>
<pre>
<h1>�Vision Build Log</h1>
<h2>Tool Versions:</h2>
IDE-Version: µVision V5.23.0.0
Copyright (C) 2017 ARM Ltd and ARM Germany GmbH. All rights reserved.
License Information: long long, long, LIC=65ISZ-J72RS-JJT6S-LZH1U-18VHP-RCFZN
 
Tool Versions:
Toolchain:       MDK-ARM Plus  Version: 5.23
Toolchain Path:  D:\keil5\ARM\ARMCC\Bin
C Compiler:      Armcc.exe V5.06 update 4 (build 422)
Assembler:       Armasm.exe V5.06 update 4 (build 422)
Linker/Locator:  ArmLink.exe V5.06 update 4 (build 422)
Library Manager: ArmAr.exe V5.06 update 4 (build 422)
Hex Converter:   FromElf.exe V5.06 update 4 (build 422)
CPU DLL:         SARMCM3.DLL V5.23
Dialog DLL:      DARMCM1.DLL V1.17.0.0
Target DLL:      STLink\ST-LINKIII-KEIL_SWO.dll V2.0.18.0
Dialog DLL:      TARMCM1.DLL V1.12.0.0
 
<h2>Project:</h2>
C:\Users\long\Desktop\压力传感器\软件工具\APM32F051_EVAL_SDK_v1.0\Examples\I2C\I2C_EEPROM\Project\MDK\I2C_EEPROM.uvprojx
Project File Date:  07/05/2025

<h2>Output:</h2>
*** Using Compiler 'V5.06 update 4 (build 422)', folder: 'D:\keil5\ARM\ARMCC\Bin'
Rebuild target 'APM32F051'
creating preprocessor file for system_apm32f0xx.c...
assembling startup_apm32f051.s...
creating preprocessor file for apm32f0xx_eint.c...
compiling system_apm32f0xx.c...
creating preprocessor file for apm32f0xx_gpio.c...
compiling apm32f0xx_eint.c...
creating preprocessor file for apm32f0xx_rcm.c...
creating preprocessor file for apm32f0xx_usart.c...
compiling apm32f0xx_gpio.c...
creating preprocessor file for apm32f0xx_misc.c...
compiling apm32f0xx_rcm.c...
creating preprocessor file for apm32f0xx_adc.c...
compiling apm32f0xx_usart.c...
creating preprocessor file for apm32f0xx_can.c...
compiling apm32f0xx_misc.c...
creating preprocessor file for apm32f0xx_cec.c...
compiling apm32f0xx_adc.c...
creating preprocessor file for apm32f0xx_comp.c...
compiling apm32f0xx_can.c...
creating preprocessor file for apm32f0xx_crc.c...
compiling apm32f0xx_cec.c...
creating preprocessor file for apm32f0xx_crs.c...
compiling apm32f0xx_comp.c...
creating preprocessor file for apm32f0xx_dac.c...
compiling apm32f0xx_crc.c...
creating preprocessor file for apm32f0xx_dbg.c...
compiling apm32f0xx_crs.c...
creating preprocessor file for apm32f0xx_dma.c...
compiling apm32f0xx_dac.c...
creating preprocessor file for apm32f0xx_fmc.c...
compiling apm32f0xx_dbg.c...
creating preprocessor file for apm32f0xx_i2c.c...
compiling apm32f0xx_dma.c...
creating preprocessor file for apm32f0xx_iwdt.c...
compiling apm32f0xx_fmc.c...
creating preprocessor file for apm32f0xx_ob.c...
compiling apm32f0xx_i2c.c...
compiling apm32f0xx_iwdt.c...
creating preprocessor file for apm32f0xx_pmu.c...
compiling apm32f0xx_ob.c...
creating preprocessor file for apm32f0xx_rtc.c...
creating preprocessor file for apm32f0xx_spi.c...
compiling apm32f0xx_pmu.c...
creating preprocessor file for apm32f0xx_syscfg.c...
compiling apm32f0xx_rtc.c...
creating preprocessor file for apm32f0xx_tmr.c...
compiling apm32f0xx_spi.c...
creating preprocessor file for apm32f0xx_wwdt.c...
compiling apm32f0xx_syscfg.c...
creating preprocessor file for Board.c...
compiling apm32f0xx_tmr.c...
creating preprocessor file for bsp_delay.c...
compiling apm32f0xx_wwdt.c...
creating preprocessor file for bsp_i2c_ee.c...
compiling Board.c...
creating preprocessor file for bsp_lcd.c...
compiling bsp_delay.c...
creating preprocessor file for main.c...
compiling bsp_i2c_ee.c...
creating preprocessor file for apm32f0xx_int.c...
compiling bsp_lcd.c...
compiling main.c...
compiling apm32f0xx_int.c...
linking...
Program Size: Code=9412 RO-data=13776 RW-data=100 ZI-data=1556  
".\Out\APM32F051\I2C_EEPROM.axf" - 0 Error(s), 0 Warning(s).

<h2>Collection of Component include folders:</h2>
  .\RTE\_APM32F051
  D:\keil5\C51\Geehy\APM32F0xx_DFP\1.0.9\Device\Device\Geehy\APM32F0xx\Include

<h2>Collection of Component Files used:</h2>
Build Time Elapsed:  00:00:10
</pre>
</body>
</html>
