BL51 BANKED LINKER/LOCATER V6.22                                                        07/12/2025  08:11:01  PAGE 1


BL51 BANKED LINKER/LOCATER V6.22, INVOKED BY:
E:\KEILC51\C51\BIN\BL51.EXE .\Objects\STARTUP_OB38R08A1.obj, .\Objects\main.obj, .\Objects\Gpio.obj, .\Objects\Logic.obj
>> , .\Objects\Timer.obj, .\Objects\uart.obj, .\Objects\Key.obj, .\Objects\Display.obj, .\Objects\PWM.obj, .\Objects\Sen
>> sor.obj, .\Objects\EEPROM.obj, .\Objects\LVI_LVR.obj TO .\Objects\CRM3008_control_board PRINT (.\Listings\CRM3008_con
>> trol_board.m51) RAMSIZE (256)


MEMORY MODEL: SMALL


INPUT MODULES INCLUDED:
  .\Objects\STARTUP_OB38R08A1.obj (?C_STARTUP)
  .\Objects\main.obj (MAIN)
  .\Objects\Gpio.obj (GPIO)
  .\Objects\Logic.obj (LOGIC)
  .\Objects\Timer.obj (TIMER)
  .\Objects\uart.obj (UART)
  .\Objects\Key.obj (KEY)
  .\Objects\Display.obj (DISPLAY)
  .\Objects\PWM.obj (PWM)
  .\Objects\Sensor.obj (SENSOR)
  .\Objects\EEPROM.obj (EEPROM)
  .\Objects\LVI_LVR.obj (LVI_LVR)
  E:\KEILC51\C51\LIB\C51S.LIB (?C_INIT)
  E:\KEILC51\C51\LIB\C51S.LIB (?C?COPY)
  E:\KEILC51\C51\LIB\C51S.LIB (?C?CLDPTR)
  E:\KEILC51\C51\LIB\C51S.LIB (?C?CLDOPTR)
  E:\KEILC51\C51\LIB\C51S.LIB (?C?CILDPTR)
  E:\KEILC51\C51\LIB\C51S.LIB (?C?CSTPTR)
  E:\KEILC51\C51\LIB\C51S.LIB (?C?CSTOPTR)
  E:\KEILC51\C51\LIB\C51S.LIB (?C?IMUL)
  E:\KEILC51\C51\LIB\C51S.LIB (?C?UIDIV)
  E:\KEILC51\C51\LIB\C51S.LIB (?C?IILDX)
  E:\KEILC51\C51\LIB\C51S.LIB (?C?ILDPTR)
  E:\KEILC51\C51\LIB\C51S.LIB (?C?ILDOPTR)
  E:\KEILC51\C51\LIB\C51S.LIB (?C?ISTPTR)
  E:\KEILC51\C51\LIB\C51S.LIB (?C?ISTOPTR)
  E:\KEILC51\C51\LIB\C51S.LIB (?C?LADD)
  E:\KEILC51\C51\LIB\C51S.LIB (?C?ULDIV)
  E:\KEILC51\C51\LIB\C51S.LIB (?C?LOR)
  E:\KEILC51\C51\LIB\C51S.LIB (?C?LNOT)
  E:\KEILC51\C51\LIB\C51S.LIB (?C?SLCMP)
  E:\KEILC51\C51\LIB\C51S.LIB (?C?ULCMP)
  E:\KEILC51\C51\LIB\C51S.LIB (?C?LSHL)
  E:\KEILC51\C51\LIB\C51S.LIB (?C?LLDOPTR)
  E:\KEILC51\C51\LIB\C51S.LIB (?C?LSTPTR)
  E:\KEILC51\C51\LIB\C51S.LIB (?C?LLDXDATA)
  E:\KEILC51\C51\LIB\C51S.LIB (?C?LLDXDATA0)
  E:\KEILC51\C51\LIB\C51S.LIB (?C?LSTXDATA)
  E:\KEILC51\C51\LIB\C51S.LIB (?C?LSTKXDATA)
  E:\KEILC51\C51\LIB\C51S.LIB (?C?CCASE)
  E:\KEILC51\C51\LIB\C51S.LIB (?C?LLDIDATA)
  E:\KEILC51\C51\LIB\C51S.LIB (?C?LLDPDATA)
  E:\KEILC51\C51\LIB\C51S.LIB (?C?LLDCODE)
  E:\KEILC51\C51\LIB\C51S.LIB (?C?LSTIDATA)
  E:\KEILC51\C51\LIB\C51S.LIB (?C?LSTPDATA)


BL51 BANKED LINKER/LOCATER V6.22                                                      07/12/2025  08:11:01  PAGE 2


LINK MAP OF MODULE:  .\Objects\CRM3008_control_board (?C_STARTUP)


            TYPE    BASE      LENGTH    RELOCATION   SEGMENT NAME
            -----------------------------------------------------

            * * * * * * *   D A T A   M E M O R Y   * * * * * * *
            REG     0000H     0008H     ABSOLUTE     "REG BANK 0"
            DATA    0008H     000DH     UNIT         ?DT?PWM
            DATA    0015H     000AH     UNIT         ?DT?MAIN
                    001FH     0001H                  *** GAP ***
            BIT     0020H.0   0000H.2   UNIT         ?BI?KEY
            BIT     0020H.2   0000H.1   UNIT         ?BI?UART
                    0020H.3   0000H.5                *** GAP ***
            DATA    0021H     0021H     UNIT         _DATA_GROUP_
            DATA    0042H     000CH     UNIT         ?DT?DISPLAY
            DATA    004EH     0008H     UNIT         ?DT?LOGIC
            DATA    0056H     0008H     UNIT         ?DT?UART
            DATA    005EH     0002H     UNIT         ?DT?KEY
            DATA    0060H     0002H     UNIT         ?DT?SENSOR
            IDATA   0062H     0001H     UNIT         ?STACK

            * * * * * * *  X D A T A   M E M O R Y  * * * * * * *
            XDATA   0000H     00F1H     UNIT         ?XD?MAIN
            XDATA   00F1H     0028H     UNIT         ?XD?LOGIC
            XDATA   0119H     0005H     UNIT         ?XD?TIMER
            XDATA   011EH     0004H     UNIT         ?XD?KEY

            * * * * * * *   C O D E   M E M O R Y   * * * * * * *
            CODE    0000H     0003H     ABSOLUTE     
            CODE    0003H     0008H     UNIT         ?PR?_SENDCHAR?UART
            CODE    000BH     0003H     ABSOLUTE     
            CODE    000EH     0015H     UNIT         ?PR?UART_INIT?UART
            CODE    0023H     0003H     ABSOLUTE     
            CODE    0026H     001DH     UNIT         ?PR?_SEND_DATA?UART
            CODE    0043H     0003H     ABSOLUTE     
            CODE    0046H     001CH     UNIT         ?PR?READSINGLEESPTEMP?EEPROM
                    0062H     0001H                  *** GAP ***
            CODE    0063H     0003H     ABSOLUTE     
            CODE    0066H     04F2H     UNIT         ?C?LIB_CODE
            CODE    0558H     0233H     UNIT         ?PR?_POTHEAT?LOGIC
            CODE    078BH     0205H     UNIT         ?PR?_MAKECOFFE?LOGIC
            CODE    0990H     01F0H     UNIT         ?C_INITSEG
            CODE    0B80H     01E9H     UNIT         ?PR?SCANENCODER?KEY
            CODE    0D69H     01D5H     UNIT         ?PR?MAINTASK?MAIN
            CODE    0F3EH     01D0H     UNIT         ?PR?LOGIC
            CODE    110EH     01AEH     UNIT         ?PR?RESPONE?KEY
            CODE    12BCH     0161H     UNIT         ?PR?SCAN?KEY
            CODE    141DH     0128H     UNIT         ?PR?_GRIND?LOGIC
            CODE    1545H     0108H     UNIT         ?PR?_CLEAN?LOGIC
            CODE    164DH     00F6H     UNIT         ?PR?FLOWCHECK?MAIN
            CODE    1743H     00EBH     UNIT         ?PR?_MAKESTEAM?LOGIC
            CODE    182EH     00E6H     UNIT         ?PR?_PROGRAMINIT?LOGIC
            CODE    1914H     00E4H     UNIT         ?PR?_QUEUEFINDATAFRAME?UART
            CODE    19F8H     00DFH     UNIT         ?PR?OUTPUTFLASH?LOGIC
            CODE    1AD7H     00CFH     UNIT         ?PR?_MAKEHOTWATER?LOGIC
            CODE    1BA6H     00B8H     UNIT         ?PR?_PIPELINEFLUSHING?LOGIC
BL51 BANKED LINKER/LOCATER V6.22                                                      07/12/2025  08:11:01  PAGE 3


            CODE    1C5EH     009AH     UNIT         ?C_C51STARTUP
            CODE    1CF8H     007FH     UNIT         ?PR?_PROCESSMESSAGE?MAIN
            CODE    1D77H     007FH     UNIT         ?PR?_ADDCRC16?UART
            CODE    1DF6H     007EH     UNIT         ?PR?CHECKGRINING?MAIN
            CODE    1E74H     007BH     UNIT         ?PR?BEEPCTRL?PWM
            CODE    1EEFH     007AH     UNIT         ?PR?_DIS_TEMPERATURE?DISPLAY
            CODE    1F69H     0075H     UNIT         ?PR?LVI?LVI_LVR
            CODE    1FDEH     0073H     UNIT         ?PR?_CHECKCRC16?UART
            CODE    2051H     006FH     UNIT         ?PR?TIMER0_ISR?TIMER
            CODE    20C0H     0067H     UNIT         ?PR?GPIO_INIT?GPIO
            CODE    2127H     0061H     UNIT         ?PR?CHECKSENSOR?SENSOR
            CODE    2188H     005BH     UNIT         ?PR?_GETTIME?TIMER
            CODE    21E3H     005BH     UNIT         ?PR?KEY
            CODE    223EH     0058H     UNIT         ?PR?MAIN
            CODE    2296H     0055H     UNIT         ?PR?_DIS_FUNCTION?DISPLAY
            CODE    22EBH     004FH     UNIT         ?PR?_POPQUEUE?UART
            CODE    233AH     004EH     UNIT         ?PR?UART0_ISR?UART
            CODE    2388H     004BH     UNIT         ?PR?LOGIC?LOGIC
            CODE    23D3H     0045H     UNIT         ?PR?_QUEUEINIT?UART
            CODE    2418H     003CH     UNIT         ?PR?_DATAFRAMETRANSMISSION?UART
            CODE    2454H     0037H     UNIT         ?PR?_SENDDATA?DISPLAY
            CODE    248BH     0036H     UNIT         ?PR?_PUSHQUEUE?UART
            CODE    24C1H     0034H     UNIT         ?PR?MAIN?MAIN
            CODE    24F5H     002EH     UNIT         ?PR?_DIS_PILOTLAMP?DISPLAY
            CODE    2523H     002DH     UNIT         ?PR?_SENDBYTE?DISPLAY
            CODE    2550H     0027H     UNIT         ?PR?SLEEPCTRL?MAIN
            CODE    2577H     0027H     UNIT         ?PR?_CODEDIS?DISPLAY
            CODE    259EH     0027H     UNIT         ?PR?_DIS_ERROR?DISPLAY
            CODE    25C5H     0026H     UNIT         ?PR?_DIS_PRESSURE?DISPLAY
            CODE    25EBH     0025H     UNIT         ?PR?SERIALPORTDATAREFRESH?MAIN
            CODE    2610H     0025H     UNIT         ?PR?END_CMD?UART
            CODE    2635H     0024H     UNIT         ?PR?UART
            CODE    2659H     0024H     UNIT         ?PR?DISREFRESH?DISPLAY
            CODE    267DH     0024H     UNIT         ?PR?READTOTALFLOW?EEPROM
            CODE    26A1H     0022H     UNIT         ?PR?DISPLAY
            CODE    26C3H     001CH     UNIT         ?PR?READDOUBLEESPTEMP?EEPROM
            CODE    26DFH     001CH     UNIT         ?PR?READCOFFETEMP?EEPROM
            CODE    26FBH     001CH     UNIT         ?PR?READAMERICANOTEMP?EEPROM
            CODE    2717H     001BH     UNIT         ?PR?MCU_INIT?MAIN
            CODE    2732H     0015H     UNIT         ?PR?_ISEMPTY?UART
            CODE    2747H     0015H     UNIT         ?PR?_ISFULL?UART
            CODE    275CH     0014H     UNIT         ?PR?AIP_STOP?DISPLAY
            CODE    2770H     0014H     UNIT         ?PR?PWM_INITIALIZE?PWM
            CODE    2784H     0014H     UNIT         ?PR?WRITETOTALFLOW?EEPROM
            CODE    2798H     0013H     UNIT         ?PR?_SIZEQUEUE?UART
            CODE    27ABH     0011H     UNIT         ?PR?_FLASHUARTBYTE?LOGIC
            CODE    27BCH     0011H     UNIT         ?PR?_READ_EEPROM?EEPROM
            CODE    27CDH     0010H     UNIT         ?CO?DISPLAY
            CODE    27DDH     0010H     UNIT         ?PR?_WRITE_EEPROM?EEPROM
            CODE    27EDH     000FH     UNIT         ?PR?TIMER0_INITIALIZE?TIMER
            CODE    27FCH     000EH     UNIT         ?PR?AIP_START?DISPLAY
            CODE    280AH     000CH     UNIT         ?PR?BEGIN_CMD?UART
            CODE    2816H     000CH     UNIT         ?PR?EEPROM
            CODE    2822H     000BH     UNIT         ?PR?_TIMERRES?TIMER
            CODE    282DH     000BH     UNIT         ?PR?_DELAY_US?DISPLAY
            CODE    2838H     000BH     UNIT         ?PR?ALLUP?DISPLAY
            CODE    2843H     000BH     UNIT         ?PR?PWM_OUTPUT?PWM
BL51 BANKED LINKER/LOCATER V6.22                                                      07/12/2025  08:11:01  PAGE 4


            CODE    284EH     000AH     UNIT         ?PR?ALLDOWN?DISPLAY
            CODE    2858H     0009H     UNIT         ?PR?ISP_ENABLE?EEPROM
            CODE    2861H     0009H     UNIT         ?PR?ISP_DISABLE?EEPROM
            CODE    286AH     0006H     UNIT         ?PR?TIMER
            CODE    2870H     0006H     UNIT         ?PR?PWM_DISABLE?PWM
            CODE    2876H     0006H     UNIT         ?PR?LVI_EN?LVI_LVR
            CODE    287CH     0004H     UNIT         ?PR?LVR_DISABLE?LVI_LVR
            CODE    2880H     0003H     UNIT         ?PR?PWM_ISR?PWM



OVERLAY MAP OF MODULE:   .\Objects\CRM3008_control_board (?C_STARTUP)


SEGMENT                                   DATA_GROUP 
  +--> CALLED SEGMENT                   START    LENGTH
-------------------------------------------------------
?C_C51STARTUP                           -----    -----
  +--> ?PR?MAIN?MAIN

?PR?MAIN?MAIN                           -----    -----
  +--> ?PR?MCU_INIT?MAIN
  +--> ?PR?SERIALPORTDATAREFRESH?MAIN
  +--> ?PR?SCANENCODER?KEY
  +--> ?PR?LOGIC?LOGIC
  +--> ?PR?SCAN?KEY
  +--> ?PR?RESPONE?KEY
  +--> ?PR?FLOWCHECK?MAIN
  +--> ?PR?CHECKSENSOR?SENSOR
  +--> ?PR?CHECKGRINING?MAIN
  +--> ?PR?BEEPCTRL?PWM
  +--> ?PR?MAINTASK?MAIN
  +--> ?PR?SLEEPCTRL?MAIN
  +--> ?PR?DISREFRESH?DISPLAY

?PR?MCU_INIT?MAIN                       -----    -----
  +--> ?PR?GPIO_INIT?GPIO
  +--> ?PR?UART_INIT?UART
  +--> ?PR?LVI_EN?LVI_LVR
  +--> ?PR?PWM_INITIALIZE?PWM
  +--> ?PR?TIMER0_INITIALIZE?TIMER
  +--> ?PR?_QUEUEINIT?UART

?PR?_QUEUEINIT?UART                     0021H    0003H

?PR?SERIALPORTDATAREFRESH?MAIN          -----    -----
  +--> ?PR?_QUEUEFINDATAFRAME?UART
  +--> ?PR?_PROCESSMESSAGE?MAIN

?PR?_QUEUEFINDATAFRAME?UART             0021H    0009H
  +--> ?PR?_SIZEQUEUE?UART
  +--> ?PR?_POPQUEUE?UART
  +--> ?PR?_CHECKCRC16?UART

?PR?_SIZEQUEUE?UART                     -----    -----
  +--> ?PR?UART

BL51 BANKED LINKER/LOCATER V6.22                                                      07/12/2025  08:11:01  PAGE 5


?PR?_POPQUEUE?UART                      002AH    0006H
  +--> ?PR?_ISEMPTY?UART
  +--> ?PR?UART

?PR?_ISEMPTY?UART                       -----    -----
  +--> ?PR?UART

?PR?_CHECKCRC16?UART                    002AH    0009H
  +--> ?PR?_ADDCRC16?UART

?PR?_ADDCRC16?UART                      0033H    000CH
  +--> ?PR?UART

?PR?_PROCESSMESSAGE?MAIN                0021H    0004H
  +--> ?PR?MAIN

?PR?SCANENCODER?KEY                     0021H    0001H
  +--> ?PR?_DELAY_US?DISPLAY
  +--> ?PR?KEY
  +--> ?PR?_TIMERRES?TIMER

?PR?_TIMERRES?TIMER                     -----    -----
  +--> ?PR?TIMER

?PR?LOGIC?LOGIC                         -----    -----
  +--> ?PR?_PROGRAMINIT?LOGIC
  +--> ?PR?_MAKECOFFE?LOGIC
  +--> ?PR?_MAKESTEAM?LOGIC
  +--> ?PR?_MAKEHOTWATER?LOGIC
  +--> ?PR?_GRIND?LOGIC
  +--> ?PR?_POTHEAT?LOGIC
  +--> ?PR?_CLEAN?LOGIC
  +--> ?PR?_PIPELINEFLUSHING?LOGIC
  +--> ?PR?OUTPUTFLASH?LOGIC

?PR?_PROGRAMINIT?LOGIC                  0021H    0003H
  +--> ?PR?LOGIC
  +--> ?PR?_FLASHUARTBYTE?LOGIC
  +--> ?PR?ALLUP?DISPLAY
  +--> ?PR?READTOTALFLOW?EEPROM
  +--> ?PR?READSINGLEESPTEMP?EEPROM
  +--> ?PR?READDOUBLEESPTEMP?EEPROM
  +--> ?PR?READCOFFETEMP?EEPROM
  +--> ?PR?READAMERICANOTEMP?EEPROM
  +--> ?PR?_TIMERRES?TIMER
  +--> ?PR?_GETTIME?TIMER
  +--> ?PR?ALLDOWN?DISPLAY

?PR?LOGIC                               -----    -----
  +--> ?PR?_FLASHUARTBYTE?LOGIC

?PR?READTOTALFLOW?EEPROM                -----    -----
  +--> ?PR?_READ_EEPROM?EEPROM

?PR?_READ_EEPROM?EEPROM                 -----    -----
  +--> ?PR?ISP_ENABLE?EEPROM
  +--> ?PR?ISP_DISABLE?EEPROM
BL51 BANKED LINKER/LOCATER V6.22                                                      07/12/2025  08:11:01  PAGE 6



?PR?ISP_ENABLE?EEPROM                   -----    -----
  +--> ?PR?EEPROM

?PR?ISP_DISABLE?EEPROM                  -----    -----
  +--> ?PR?EEPROM

?PR?READSINGLEESPTEMP?EEPROM            -----    -----
  +--> ?PR?_READ_EEPROM?EEPROM

?PR?READDOUBLEESPTEMP?EEPROM            -----    -----
  +--> ?PR?_READ_EEPROM?EEPROM

?PR?READCOFFETEMP?EEPROM                -----    -----
  +--> ?PR?_READ_EEPROM?EEPROM

?PR?READAMERICANOTEMP?EEPROM            -----    -----
  +--> ?PR?_READ_EEPROM?EEPROM

?PR?_GETTIME?TIMER                      0024H    0006H
  +--> ?PR?TIMER

?PR?_MAKECOFFE?LOGIC                    0021H    0003H
  +--> ?PR?LOGIC
  +--> ?PR?_DIS_TEMPERATURE?DISPLAY
  +--> ?PR?_TIMERRES?TIMER
  +--> ?PR?_GETTIME?TIMER

?PR?_DIS_TEMPERATURE?DISPLAY            0024H    0001H
  +--> ?PR?DISPLAY

?PR?DISPLAY                             -----    -----
  +--> ?CO?DISPLAY

?PR?_MAKESTEAM?LOGIC                    0021H    0003H
  +--> ?PR?LOGIC
  +--> ?PR?_DIS_TEMPERATURE?DISPLAY
  +--> ?PR?_TIMERRES?TIMER
  +--> ?PR?_GETTIME?TIMER

?PR?_MAKEHOTWATER?LOGIC                 0021H    0003H
  +--> ?PR?LOGIC
  +--> ?PR?_DIS_TEMPERATURE?DISPLAY
  +--> ?PR?_TIMERRES?TIMER
  +--> ?PR?_GETTIME?TIMER

?PR?_GRIND?LOGIC                        0021H    0003H
  +--> ?PR?LOGIC
  +--> ?PR?_TIMERRES?TIMER
  +--> ?PR?_GETTIME?TIMER
  +--> ?PR?_DIS_TEMPERATURE?DISPLAY

?PR?_POTHEAT?LOGIC                      0021H    0003H
  +--> ?PR?LOGIC

?PR?_CLEAN?LOGIC                        0021H    0003H
  +--> ?PR?LOGIC
BL51 BANKED LINKER/LOCATER V6.22                                                      07/12/2025  08:11:01  PAGE 7


  +--> ?PR?_GETTIME?TIMER
  +--> ?PR?_TIMERRES?TIMER

?PR?_PIPELINEFLUSHING?LOGIC             0021H    0003H
  +--> ?PR?LOGIC
  +--> ?PR?_DIS_TEMPERATURE?DISPLAY
  +--> ?PR?_TIMERRES?TIMER
  +--> ?PR?_GETTIME?TIMER

?PR?OUTPUTFLASH?LOGIC                   -----    -----
  +--> ?PR?_DATAFRAMETRANSMISSION?UART

?PR?_DATAFRAMETRANSMISSION?UART         0021H    0006H
  +--> ?PR?BEGIN_CMD?UART
  +--> ?PR?_SEND_DATA?UART
  +--> ?PR?END_CMD?UART

?PR?BEGIN_CMD?UART                      -----    -----
  +--> ?PR?_SEND_DATA?UART

?PR?_SEND_DATA?UART                     0029H    0001H
  +--> ?PR?_ADDCRC16?UART
  +--> ?PR?_SENDCHAR?UART

?PR?END_CMD?UART                        0027H    0002H
  +--> ?PR?_SEND_DATA?UART

?PR?SCAN?KEY                            0021H    0001H
  +--> ?PR?KEY
  +--> ?PR?_DIS_PILOTLAMP?DISPLAY
  +--> ?PR?_CODEDIS?DISPLAY

?PR?_CODEDIS?DISPLAY                    -----    -----
  +--> ?PR?DISPLAY

?PR?RESPONE?KEY                         -----    -----
  +--> ?PR?KEY
  +--> ?PR?_DIS_FUNCTION?DISPLAY
  +--> ?PR?_DIS_PILOTLAMP?DISPLAY
  +--> ?PR?_DIS_PRESSURE?DISPLAY
  +--> ?PR?ALLDOWN?DISPLAY

?PR?_DIS_PRESSURE?DISPLAY               -----    -----
  +--> ?PR?DISPLAY

?PR?FLOWCHECK?MAIN                      -----    -----
  +--> ?PR?_FLASHUARTBYTE?LOGIC
  +--> ?PR?_DIS_ERROR?DISPLAY
  +--> ?PR?_DIS_PRESSURE?DISPLAY

?PR?CHECKSENSOR?SENSOR                  -----    -----
  +--> ?PR?_FLASHUARTBYTE?LOGIC

?PR?CHECKGRINING?MAIN                   -----    -----
  +--> ?PR?MAIN

?PR?BEEPCTRL?PWM                        -----    -----
BL51 BANKED LINKER/LOCATER V6.22                                                      07/12/2025  08:11:01  PAGE 8


  +--> ?PR?PWM_OUTPUT?PWM
  +--> ?PR?PWM_DISABLE?PWM

?PR?MAINTASK?MAIN                       -----    -----
  +--> ?PR?MAIN
  +--> ?PR?_DIS_PILOTLAMP?DISPLAY
  +--> ?PR?_DIS_TEMPERATURE?DISPLAY
  +--> ?PR?_DIS_FUNCTION?DISPLAY
  +--> ?PR?_DIS_ERROR?DISPLAY
  +--> ?PR?_CODEDIS?DISPLAY

?PR?SLEEPCTRL?MAIN                      -----    -----
  +--> ?PR?ALLDOWN?DISPLAY

?PR?DISREFRESH?DISPLAY                  -----    -----
  +--> ?PR?AIP_START?DISPLAY
  +--> ?PR?_SENDBYTE?DISPLAY
  +--> ?PR?AIP_STOP?DISPLAY
  +--> ?PR?_SENDDATA?DISPLAY

?PR?AIP_START?DISPLAY                   -----    -----
  +--> ?PR?_DELAY_US?DISPLAY

?PR?_SENDBYTE?DISPLAY                   -----    -----
  +--> ?PR?_DELAY_US?DISPLAY

?PR?AIP_STOP?DISPLAY                    -----    -----
  +--> ?PR?_DELAY_US?DISPLAY

?PR?_SENDDATA?DISPLAY                   0021H    0006H
  +--> ?PR?AIP_START?DISPLAY
  +--> ?PR?_SENDBYTE?DISPLAY
  +--> ?PR?AIP_STOP?DISPLAY

*** NEW ROOT ***************************************************

?PR?TIMER0_ISR?TIMER                    -----    -----
  +--> ?PR?TIMER

*** NEW ROOT ***************************************************

?PR?UART0_ISR?UART                      -----    -----
  +--> ?PR?_PUSHQUEUE?UART

?PR?_PUSHQUEUE?UART                     003FH    0003H
  +--> ?PR?_ISFULL?UART
  +--> ?PR?UART

?PR?_ISFULL?UART                        -----    -----
  +--> ?PR?UART

*** NEW ROOT ***************************************************

?PR?LVI?LVI_LVR                         -----    -----
  +--> ?PR?_WRITE_EEPROM?EEPROM

?PR?_WRITE_EEPROM?EEPROM                -----    -----
BL51 BANKED LINKER/LOCATER V6.22                                                      07/12/2025  08:11:01  PAGE 9


  +--> ?PR?ISP_ENABLE?EEPROM
  +--> ?PR?ISP_DISABLE?EEPROM



SYMBOL TABLE OF MODULE:  .\Objects\CRM3008_control_board (?C_STARTUP)

  VALUE           TYPE          NAME
  ----------------------------------

  -------         MODULE        ?C_STARTUP
  C:1C5EH         SEGMENT       ?C_C51STARTUP
  I:0062H         SEGMENT       ?STACK
  C:0000H         PUBLIC        ?C_STARTUP
  D:00E0H         SYMBOL        ACC
  D:00F0H         SYMBOL        B
  D:0083H         SYMBOL        DPH
  D:0082H         SYMBOL        DPL
  N:0000H         SYMBOL        IBPSTACK
  N:0100H         SYMBOL        IBPSTACKTOP
  N:0100H         SYMBOL        IDATALEN
  C:1C61H         SYMBOL        IDATALOOP
  N:0000H         SYMBOL        PBPSTACK
  N:0100H         SYMBOL        PBPSTACKTOP
  N:0000H         SYMBOL        PDATALEN
  N:0000H         SYMBOL        PDATASTART
  N:0000H         SYMBOL        PPAGE
  N:0000H         SYMBOL        PPAGEENABLE
  D:00A0H         SYMBOL        PPAGE_SFR
  D:0081H         SYMBOL        SP
  C:1C5EH         SYMBOL        STARTUP1
  N:0000H         SYMBOL        XBPSTACK
  N:0000H         SYMBOL        XBPSTACKTOP
  N:0100H         SYMBOL        XDATALEN
  C:1C6CH         SYMBOL        XDATALOOP
  N:0000H         SYMBOL        XDATASTART
  C:0000H         LINE#         126
  C:1C5EH         LINE#         133
  C:1C60H         LINE#         134
  C:1C61H         LINE#         135
  C:1C62H         LINE#         136
  C:1C64H         LINE#         140
  C:1C67H         LINE#         141
  C:1C69H         LINE#         145
  C:1C6BH         LINE#         147
  C:1C6CH         LINE#         148
  C:1C6DH         LINE#         149
  C:1C6EH         LINE#         150
  C:1C70H         LINE#         151
  C:1C72H         LINE#         185
  C:1C75H         LINE#         196
  -------         ENDMOD        ?C_STARTUP

  -------         MODULE        MAIN
  C:0000H         SYMBOL        _ICE_DUMMY_
  D:0080H         PUBLIC        P0
  D:0090H         PUBLIC        P1
BL51 BANKED LINKER/LOCATER V6.22                                                      07/12/2025  08:11:01  PAGE 10


  D:00A0H         PUBLIC        P2
  D:00B0H         PUBLIC        P3
  B:00A8H.7       PUBLIC        EA
  X:0000H         PUBLIC        curTempUnit
  X:0001H         PUBLIC        GrindTime
  D:00A8H         PUBLIC        IEN0
  D:00B8H         PUBLIC        IEN1
  X:0002H         PUBLIC        CurPotAimTemp
  C:2550H         PUBLIC        SleepCtrl
  X:0003H         PUBLIC        cmd_buffer
  X:0043H         PUBLIC        CurFuntion
  X:0044H         PUBLIC        TempColdDrink
  X:0045H         PUBLIC        MakeFlow
  X:0046H         PUBLIC        UartFlag
  X:0047H         PUBLIC        TotalFlow
  X:0049H         PUBLIC        TempDoubleEsp
  X:004AH         PUBLIC        LampCtrl
  C:24C1H         PUBLIC        main
  D:001CH         PUBLIC        CurSettingTemp
  X:004CH         PUBLIC        ErrCode
  X:004DH         PUBLIC        TempSingleEsp
  D:00F8H         PUBLIC        IICS
  X:004EH         PUBLIC        SleepCut
  X:0052H         PUBLIC        AdPara
  C:1CF8H         PUBLIC        _ProcessMessage
  X:0056H         PUBLIC        TempAmericano
  X:0057H         PUBLIC        FlowCtrl
  C:1DF6H         PUBLIC        CheckGrining
  D:0098H         PUBLIC        SCON
  D:0088H         PUBLIC        TCON
  X:0059H         PUBLIC        EndDis
  X:005AH         PUBLIC        LoopUart
  X:00DEH         PUBLIC        PumpCtrl
  C:0D69H         PUBLIC        mainTask
  X:00E3H         PUBLIC        CurFlow
  D:00E0H         PUBLIC        ACC
  X:00E5H         PUBLIC        PotHeatCtrl
  X:00EAH         PUBLIC        DeviceStatus
  C:25EBH         PUBLIC        SerialPortDataRefresh
  X:00EBH         PUBLIC        EndDisCnt
  X:00ECH         PUBLIC        TempCoffee
  X:00EDH         PUBLIC        PreInjectionTime
  X:00EEH         PUBLIC        DirectOutput
  X:00EFH         PUBLIC        ProcessTime
  D:00D0H         PUBLIC        PSW
  C:164DH         PUBLIC        FlowCheck
  C:2717H         PUBLIC        MCU_init
  D:00C0H         PUBLIC        IRCON
  C:223EH         SYMBOL        Com007D
  C:223EH         SYMBOL        L?0126
  C:223EH         SYMBOL        L?0127
  C:224FH         SYMBOL        L?0128
  C:2256H         SYMBOL        L?0129
  C:2256H         SYMBOL        L?0130
  C:2261H         SYMBOL        L?0131
  C:2271H         SYMBOL        L?0132
  C:2271H         SYMBOL        L?0133
BL51 BANKED LINKER/LOCATER V6.22                                                      07/12/2025  08:11:01  PAGE 11


  C:2279H         SYMBOL        L?0134
  C:2283H         SYMBOL        L?0135
  C:2284H         SYMBOL        L?0136
  C:228BH         SYMBOL        L?0137
  -------         PROC          COM007D
  -------         ENDPROC       COM007D
  -------         PROC          MCU_INIT
  C:2717H         LINE#         36
  C:2717H         LINE#         37
  C:2717H         LINE#         38
  C:271AH         LINE#         39
  C:271DH         LINE#         40
  C:2720H         LINE#         41
  C:2723H         LINE#         42
  C:2726H         LINE#         43
  C:272FH         LINE#         44
  C:2731H         LINE#         45
  -------         ENDPROC       MCU_INIT
  -------         PROC          _PROCESSMESSAGE
  D:0021H         SYMBOL        msg
  -------         DO            
  D:0007H         SYMBOL        cmdType
  D:0024H         SYMBOL        len
  -------         ENDDO         
  C:1CF8H         LINE#         47
  C:1CFEH         LINE#         48
  C:1CFEH         LINE#         49
  C:1D05H         LINE#         50
  C:1D0DH         LINE#         51
  C:1D2AH         LINE#         52
  C:1D2AH         LINE#         53
  C:1D2AH         LINE#         54
  C:1D31H         LINE#         56
  C:1D32H         LINE#         57
  C:1D32H         LINE#         58
  C:1D39H         LINE#         60
  C:1D3AH         LINE#         61
  C:1D3AH         LINE#         62
  C:1D41H         LINE#         64
  C:1D42H         LINE#         65
  C:1D42H         LINE#         66
  C:1D49H         LINE#         67
  C:1D52H         LINE#         69
  C:1D54H         LINE#         70
  C:1D54H         LINE#         71
  C:1D5BH         LINE#         73
  C:1D5CH         LINE#         74
  C:1D5CH         LINE#         75
  C:1D63H         LINE#         76
  C:1D6FH         LINE#         78
  C:1D6FH         LINE#         80
  C:1D6FH         LINE#         81
  C:1D76H         LINE#         83
  C:1D76H         LINE#         84
  C:1D76H         LINE#         85
  C:1D76H         LINE#         86
  C:1D76H         LINE#         87
BL51 BANKED LINKER/LOCATER V6.22                                                      07/12/2025  08:11:01  PAGE 12


  -------         ENDPROC       _PROCESSMESSAGE
  -------         PROC          FLOWCHECK
  -------         DO            
  D:0015H         SYMBOL        FlowFlushCnt
  D:0016H         SYMBOL        NoFlowCnt
  D:0018H         SYMBOL        Preflow
  -------         ENDDO         
  C:164DH         LINE#         89
  C:164DH         LINE#         90
  C:164DH         LINE#         94
  C:1658H         LINE#         95
  C:1658H         LINE#         96
  C:165DH         LINE#         97
  C:1676H         LINE#         98
  C:1676H         LINE#         99
  C:167EH         LINE#         100
  C:1687H         LINE#         101
  C:1687H         LINE#         102
  C:168EH         LINE#         104
  C:1698H         LINE#         105
  C:16A2H         LINE#         106
  C:16ACH         LINE#         107
  C:16B6H         LINE#         108
  C:16BCH         LINE#         109
  C:16BCH         LINE#         110
  C:16BEH         LINE#         112
  C:16BEH         LINE#         113
  C:16C5H         LINE#         114
  C:16CAH         LINE#         115
  C:16CAH         LINE#         116
  C:16CCH         LINE#         117
  C:16D3H         LINE#         118
  C:16D3H         LINE#         119
  C:16D6H         LINE#         120
  C:16DAH         LINE#         121
  C:16DAH         LINE#         122
  C:16DCH         LINE#         124
  C:16DCH         LINE#         125
  C:16E3H         LINE#         126
  C:16E3H         LINE#         127
  C:16F4H         LINE#         128
  C:170BH         LINE#         129
  C:1712H         LINE#         130
  C:1719H         LINE#         131
  C:171DH         LINE#         132
  C:1721H         LINE#         133
  C:1721H         LINE#         134
  C:1721H         LINE#         135
  C:1730H         LINE#         136
  C:1730H         LINE#         137
  C:1738H         LINE#         138
  C:1742H         LINE#         139
  C:1742H         LINE#         140
  -------         ENDPROC       FLOWCHECK
  -------         PROC          MAINTASK
  C:0D69H         LINE#         143
  C:0D69H         LINE#         144
BL51 BANKED LINKER/LOCATER V6.22                                                      07/12/2025  08:11:01  PAGE 13


  C:0D69H         LINE#         145
  C:0D91H         LINE#         146
  C:0D91H         LINE#         148
  C:0D91H         LINE#         149
  C:0D98H         LINE#         150
  C:0D99H         LINE#         152
  C:0D99H         LINE#         153
  C:0D99H         LINE#         154
  C:0D9EH         LINE#         155
  C:0DA2H         LINE#         156
  C:0DABH         LINE#         157
  C:0DB1H         LINE#         159
  C:0DB4H         LINE#         160
  C:0DBEH         LINE#         161
  C:0DC8H         LINE#         162
  C:0DD2H         LINE#         163
  C:0DDCH         LINE#         164
  C:0DE6H         LINE#         165
  C:0DF0H         LINE#         166
  C:0DFAH         LINE#         167
  C:0DFDH         LINE#         169
  C:0DFDH         LINE#         171
  C:0E11H         LINE#         172
  C:0E11H         LINE#         173
  C:0E11H         LINE#         174
  C:0E16H         LINE#         175
  C:0E18H         LINE#         176
  C:0E20H         LINE#         177
  C:0E22H         LINE#         181
  C:0E35H         LINE#         182
  C:0E35H         LINE#         183
  C:0E38H         LINE#         184
  C:0E44H         LINE#         185
  C:0E46H         LINE#         186
  C:0E52H         LINE#         187
  C:0E56H         LINE#         189
  C:0E59H         LINE#         190
  C:0E5BH         LINE#         192
  C:0E5BH         LINE#         193
  C:0E60H         LINE#         194
  C:0E60H         LINE#         198
  C:0E6DH         LINE#         200
  C:0E75H         LINE#         201
  C:0E75H         LINE#         203
  C:0E75H         LINE#         206
  C:0E75H         LINE#         208
  C:0E75H         LINE#         212
  C:0E7EH         LINE#         213
  C:0E7EH         LINE#         214
  C:0E7EH         LINE#         215
  C:0E83H         LINE#         216
  C:0E85H         LINE#         217
  C:0E8DH         LINE#         218
  C:0E91H         LINE#         223
  C:0E96H         LINE#         224
  C:0E96H         LINE#         226
  C:0E96H         LINE#         227
BL51 BANKED LINKER/LOCATER V6.22                                                      07/12/2025  08:11:01  PAGE 14


  C:0E99H         LINE#         228
  C:0EA9H         LINE#         229
  C:0EB1H         LINE#         230
  C:0EBAH         LINE#         231
  C:0EC2H         LINE#         233
  C:0EC5H         LINE#         234
  C:0EC6H         LINE#         236
  C:0EC6H         LINE#         238
  C:0EC6H         LINE#         240
  C:0EC6H         LINE#         241
  C:0ECBH         LINE#         242
  C:0ED3H         LINE#         243
  C:0EDAH         LINE#         244
  C:0EDEH         LINE#         245
  C:0EE5H         LINE#         246
  C:0EE9H         LINE#         247
  C:0EF0H         LINE#         248
  C:0EF7H         LINE#         249
  C:0F01H         LINE#         250
  C:0F0BH         LINE#         251
  C:0F15H         LINE#         252
  C:0F1FH         LINE#         253
  C:0F29H         LINE#         254
  C:0F33H         LINE#         255
  C:0F3DH         LINE#         256
  C:0F3DH         LINE#         258
  C:0F3DH         LINE#         259
  C:0F3DH         LINE#         260
  C:0F3DH         LINE#         261
  -------         ENDPROC       MAINTASK
  -------         PROC          CHECKGRINING
  -------         DO            
  D:001AH         SYMBOL        ErrDisCnt
  -------         ENDDO         
  C:1DF6H         LINE#         264
  C:1DF6H         LINE#         265
  C:1DF6H         LINE#         267
  C:1DFDH         LINE#         268
  C:1DFDH         LINE#         270
  C:1E05H         LINE#         271
  C:1E05H         LINE#         273
  C:1E0DH         LINE#         274
  C:1E16H         LINE#         275
  C:1E16H         LINE#         276
  C:1E16H         LINE#         277
  C:1E1CH         LINE#         278
  C:1E1CH         LINE#         279
  C:1E1DH         LINE#         280
  C:1E21H         LINE#         281
  C:1E21H         LINE#         283
  C:1E29H         LINE#         284
  C:1E32H         LINE#         285
  C:1E32H         LINE#         286
  C:1E32H         LINE#         287
  C:1E38H         LINE#         288
  C:1E38H         LINE#         289
  C:1E39H         LINE#         290
BL51 BANKED LINKER/LOCATER V6.22                                                      07/12/2025  08:11:01  PAGE 15


  C:1E42H         LINE#         291
  C:1E42H         LINE#         293
  C:1E42H         LINE#         294
  C:1E47H         LINE#         295
  C:1E47H         LINE#         296
  C:1E4FH         LINE#         297
  C:1E58H         LINE#         298
  C:1E58H         LINE#         299
  C:1E58H         LINE#         300
  C:1E58H         LINE#         301
  C:1E58H         LINE#         302
  C:1E58H         LINE#         303
  C:1E5AH         LINE#         304
  C:1E60H         LINE#         305
  C:1E60H         LINE#         306
  C:1E68H         LINE#         307
  C:1E69H         LINE#         309
  C:1E69H         LINE#         310
  C:1E70H         LINE#         311
  C:1E73H         LINE#         312
  C:1E73H         LINE#         313
  -------         ENDPROC       CHECKGRINING
  -------         PROC          SLEEPCTRL
  C:2550H         LINE#         315
  C:2550H         LINE#         316
  C:2550H         LINE#         317
  C:2559H         LINE#         318
  C:2559H         LINE#         319
  C:256DH         LINE#         320
  C:256DH         LINE#         321
  C:2570H         LINE#         322
  C:2576H         LINE#         323
  C:2576H         LINE#         324
  C:2576H         LINE#         325
  -------         ENDPROC       SLEEPCTRL
  -------         PROC          SERIALPORTDATAREFRESH
  C:25EBH         LINE#         328
  C:25EBH         LINE#         329
  C:25EBH         LINE#         330
  C:2606H         LINE#         331
  C:260FH         LINE#         332
  -------         ENDPROC       SERIALPORTDATAREFRESH
  -------         PROC          MAIN
  C:24C1H         LINE#         335
  C:24C1H         LINE#         336
  C:24C1H         LINE#         337
  C:24C4H         LINE#         338
  C:24C4H         LINE#         339
  C:24C4H         LINE#         340
  C:24C7H         LINE#         341
  C:24CAH         LINE#         342
  C:24CDH         LINE#         343
  C:24D6H         LINE#         344
  C:24D6H         LINE#         345
  C:24D8H         LINE#         346
  C:24DBH         LINE#         347
  C:24DEH         LINE#         348
BL51 BANKED LINKER/LOCATER V6.22                                                      07/12/2025  08:11:01  PAGE 16


  C:24E1H         LINE#         349
  C:24E4H         LINE#         350
  C:24E7H         LINE#         351
  C:24EAH         LINE#         352
  C:24EDH         LINE#         353
  C:24F0H         LINE#         354
  C:24F3H         LINE#         355
  C:24F3H         LINE#         356
  -------         ENDPROC       MAIN
  -------         ENDMOD        MAIN

  -------         MODULE        GPIO
  C:0000H         SYMBOL        _ICE_DUMMY_
  D:00D4H         PUBLIC        P1M0
  D:00D3H         PUBLIC        P0M1
  D:00D6H         PUBLIC        P2M0
  D:00D5H         PUBLIC        P1M1
  D:0080H         PUBLIC        P0
  D:00DAH         PUBLIC        P3M0
  D:00D7H         PUBLIC        P2M1
  D:0090H         PUBLIC        P1
  D:00DBH         PUBLIC        P3M1
  D:00A0H         PUBLIC        P2
  D:00B0H         PUBLIC        P3
  D:00A8H         PUBLIC        IEN0
  D:00B8H         PUBLIC        IEN1
  C:20C0H         PUBLIC        Gpio_init
  D:00F8H         PUBLIC        IICS
  D:0098H         PUBLIC        SCON
  D:0088H         PUBLIC        TCON
  D:00E0H         PUBLIC        ACC
  D:00D0H         PUBLIC        PSW
  D:00C0H         PUBLIC        IRCON
  D:00D2H         PUBLIC        P0M0
  -------         PROC          GPIO_INIT
  C:20C0H         LINE#         4
  C:20C0H         LINE#         5
  C:20C0H         LINE#         6
  C:20C6H         LINE#         7
  C:20CCH         LINE#         8
  C:20D2H         LINE#         9
  C:20D8H         LINE#         10
  C:20DEH         LINE#         11
  C:20E4H         LINE#         12
  C:20EAH         LINE#         14
  C:20F0H         LINE#         16
  C:20F6H         LINE#         18
  C:20FCH         LINE#         19
  C:2102H         LINE#         21
  C:2108H         LINE#         22
  C:210EH         LINE#         24
  C:2114H         LINE#         25
  C:211AH         LINE#         27
  C:2120H         LINE#         28
  C:2126H         LINE#         29
  -------         ENDPROC       GPIO_INIT
  -------         ENDMOD        GPIO
BL51 BANKED LINKER/LOCATER V6.22                                                      07/12/2025  08:11:01  PAGE 17



  -------         MODULE        LOGIC
  C:0000H         SYMBOL        _ICE_DUMMY_
  D:0080H         PUBLIC        P0
  D:0090H         PUBLIC        P1
  C:1BA6H         PUBLIC        _PipelineFlushing
  D:00A0H         PUBLIC        P2
  D:00B0H         PUBLIC        P3
  C:078BH         PUBLIC        _Makecoffe
  X:00F1H         PUBLIC        LogicTask
  D:00A8H         PUBLIC        IEN0
  D:00B8H         PUBLIC        IEN1
  C:27ABH         PUBLIC        _FlashUartByte
  D:00F8H         PUBLIC        IICS
  C:1AD7H         PUBLIC        _MakeHotWater
  D:0098H         PUBLIC        SCON
  D:0088H         PUBLIC        TCON
  C:0558H         PUBLIC        _PotHeat
  D:00E0H         PUBLIC        ACC
  C:1545H         PUBLIC        _Clean
  C:19F8H         PUBLIC        OutPutFlash
  C:2388H         PUBLIC        Logic
  C:182EH         PUBLIC        _ProgramInit
  C:141DH         PUBLIC        _Grind
  D:00D0H         PUBLIC        PSW
  D:00C0H         PUBLIC        IRCON
  C:1743H         PUBLIC        _MakeSteam
  C:0F3EH         SYMBOL        Com00FE
  C:0F3EH         SYMBOL        L?0255
  C:0F3EH         SYMBOL        L?0256
  C:0F44H         SYMBOL        L?0257
  C:0F51H         SYMBOL        L?0258
  C:0F51H         SYMBOL        L?0259
  C:0F54H         SYMBOL        L?0260
  C:0F57H         SYMBOL        L?0261
  C:0F64H         SYMBOL        L?0262
  C:0F80H         SYMBOL        L?0263
  C:0F89H         SYMBOL        L?0264
  C:0FA5H         SYMBOL        L?0265
  C:0FAEH         SYMBOL        L?0266
  C:0FCAH         SYMBOL        L?0267
  C:0FD3H         SYMBOL        L?0268
  C:0FEFH         SYMBOL        L?0269
  C:0FF8H         SYMBOL        L?0270
  C:1014H         SYMBOL        L?0271
  C:101DH         SYMBOL        L?0272
  C:1039H         SYMBOL        L?0273
  C:1042H         SYMBOL        L?0274
  C:1042H         SYMBOL        L?0275
  C:104CH         SYMBOL        L?0276
  C:105FH         SYMBOL        L?0277
  C:1068H         SYMBOL        L?0278
  C:1068H         SYMBOL        L?0279
  C:106BH         SYMBOL        L?0280
  C:1072H         SYMBOL        L?0281
  C:1078H         SYMBOL        L?0282
  C:1082H         SYMBOL        L?0283
BL51 BANKED LINKER/LOCATER V6.22                                                      07/12/2025  08:11:01  PAGE 18


  C:1090H         SYMBOL        L?0284
  C:1090H         SYMBOL        L?0285
  C:1093H         SYMBOL        L?0286
  C:109AH         SYMBOL        L?0287
  C:109AH         SYMBOL        L?0288
  C:10A1H         SYMBOL        L?0289
  C:10A1H         SYMBOL        L?0290
  C:10A8H         SYMBOL        L?0291
  C:10AAH         SYMBOL        L?0292
  C:10ABH         SYMBOL        L?0293
  C:10B2H         SYMBOL        L?0295
  C:10B8H         SYMBOL        L?0296
  C:10B9H         SYMBOL        L?0297
  C:10C4H         SYMBOL        L?0298
  C:10C7H         SYMBOL        L?0299
  C:10D0H         SYMBOL        L?0300
  C:10D0H         SYMBOL        L?0301
  C:10D7H         SYMBOL        L?0303
  C:10D7H         SYMBOL        L?0304
  C:10E1H         SYMBOL        L?0305
  C:10E1H         SYMBOL        L?0306
  C:10E8H         SYMBOL        L?0308
  C:10F9H         SYMBOL        L?0310
  C:10F9H         SYMBOL        L?0311
  C:1100H         SYMBOL        L?0312
  C:1100H         SYMBOL        L?0313
  C:1107H         SYMBOL        L?0314
  C:1107H         SYMBOL        L?0315
  -------         PROC          COM00FE
  -------         ENDPROC       COM00FE
  -------         PROC          _FLASHUARTBYTE
  D:0007H         SYMBOL        newStatus
  C:27ABH         LINE#         7
  C:27ABH         LINE#         8
  C:27ABH         LINE#         9
  C:27B3H         LINE#         10
  C:27B3H         LINE#         11
  C:27B6H         LINE#         12
  C:27B9H         LINE#         13
  C:27B9H         LINE#         15
  C:27BBH         LINE#         16
  -------         ENDPROC       _FLASHUARTBYTE
  -------         PROC          _PROGRAMINIT
  D:0021H         SYMBOL        p
  C:182EH         LINE#         18
  C:1834H         LINE#         19
  C:1834H         LINE#         20
  C:1857H         LINE#         21
  C:1857H         LINE#         22
  C:1858H         LINE#         23
  C:1858H         LINE#         24
  C:1860H         LINE#         25
  C:1860H         LINE#         26
  C:1887H         LINE#         27
  C:1887H         LINE#         28
  C:1887H         LINE#         29
  C:1892H         LINE#         30
BL51 BANKED LINKER/LOCATER V6.22                                                      07/12/2025  08:11:01  PAGE 19


  C:1892H         LINE#         32
  C:1895H         LINE#         33
  C:1898H         LINE#         35
  C:189EH         LINE#         36
  C:18A3H         LINE#         37
  C:18ACH         LINE#         39
  C:18B2H         LINE#         40
  C:18B5H         LINE#         41
  C:18B8H         LINE#         42
  C:18BBH         LINE#         43
  C:18BEH         LINE#         44
  C:18C1H         LINE#         46
  C:18CFH         LINE#         47
  C:18D6H         LINE#         48
  C:18D6H         LINE#         49
  C:18D8H         LINE#         50
  C:18D8H         LINE#         51
  C:18E9H         LINE#         52
  C:18E9H         LINE#         53
  C:18F1H         LINE#         54
  C:18F1H         LINE#         55
  C:18F6H         LINE#         56
  C:18F9H         LINE#         57
  C:1900H         LINE#         58
  C:1900H         LINE#         59
  C:1900H         LINE#         60
  C:1902H         LINE#         61
  C:1902H         LINE#         62
  C:1908H         LINE#         63
  C:190BH         LINE#         64
  C:190BH         LINE#         65
  C:1913H         LINE#         66
  C:1913H         LINE#         67
  C:1913H         LINE#         68
  -------         ENDPROC       _PROGRAMINIT
  C:096DH         SYMBOL        L?0294
  C:097DH         SYMBOL        L?0302
  -------         PROC          _MAKECOFFE
  D:0021H         SYMBOL        p
  C:078BH         LINE#         72
  C:0791H         LINE#         73
  C:0791H         LINE#         74
  C:07B0H         LINE#         75
  C:07B0H         LINE#         76
  C:07B5H         LINE#         77
  C:07B5H         LINE#         78
  C:07BCH         LINE#         79
  C:07BFH         LINE#         80
  C:07BFH         LINE#         81
  C:07C2H         LINE#         82
  C:07C2H         LINE#         83
  C:07C2H         LINE#         84
  C:07CAH         LINE#         85
  C:07CAH         LINE#         86
  C:07CAH         LINE#         87
  C:07FCH         LINE#         88
  C:07FCH         LINE#         90
BL51 BANKED LINKER/LOCATER V6.22                                                      07/12/2025  08:11:01  PAGE 20


  C:07FCH         LINE#         91
  C:0804H         LINE#         92
  C:080CH         LINE#         93
  C:080CH         LINE#         94
  C:0813H         LINE#         95
  C:081DH         LINE#         96
  C:081DH         LINE#         97
  C:0824H         LINE#         98
  C:082CH         LINE#         99
  C:0833H         LINE#         100
  C:0835H         LINE#         102
  C:0835H         LINE#         103
  C:0835H         LINE#         104
  C:0838H         LINE#         105
  C:0842H         LINE#         106
  C:0842H         LINE#         107
  C:0842H         LINE#         108
  C:0845H         LINE#         109
  C:0851H         LINE#         110
  C:0851H         LINE#         111
  C:0851H         LINE#         113
  C:0851H         LINE#         114
  C:0854H         LINE#         115
  C:0857H         LINE#         116
  C:0867H         LINE#         117
  C:0867H         LINE#         118
  C:086FH         LINE#         119
  C:086FH         LINE#         120
  C:086FH         LINE#         121
  C:086FH         LINE#         122
  C:0872H         LINE#         123
  C:0879H         LINE#         124
  C:0879H         LINE#         125
  C:0879H         LINE#         126
  C:087CH         LINE#         128
  C:087CH         LINE#         129
  C:087FH         LINE#         130
  C:0882H         LINE#         131
  C:089EH         LINE#         132
  C:089EH         LINE#         133
  C:08A6H         LINE#         134
  C:08A6H         LINE#         135
  C:08A6H         LINE#         136
  C:08A6H         LINE#         137
  C:08A9H         LINE#         138
  C:08B0H         LINE#         139
  C:08B0H         LINE#         140
  C:08B0H         LINE#         141
  C:08B3H         LINE#         143
  C:08B3H         LINE#         144
  C:08B9H         LINE#         145
  C:08BFH         LINE#         146
  C:08D5H         LINE#         147
  C:08D5H         LINE#         148
  C:08DDH         LINE#         149
  C:08DDH         LINE#         150
  C:08DDH         LINE#         151
BL51 BANKED LINKER/LOCATER V6.22                                                      07/12/2025  08:11:01  PAGE 21


  C:08DDH         LINE#         152
  C:08E0H         LINE#         153
  C:08EEH         LINE#         154
  C:08FBH         LINE#         155
  C:0905H         LINE#         157
  C:090CH         LINE#         158
  C:090CH         LINE#         159
  C:090CH         LINE#         160
  C:090FH         LINE#         162
  C:090FH         LINE#         163
  C:0912H         LINE#         164
  C:0915H         LINE#         165
  C:0920H         LINE#         166
  C:0920H         LINE#         167
  C:0925H         LINE#         168
  C:0925H         LINE#         169
  C:092BH         LINE#         170
  C:092BH         LINE#         171
  C:092EH         LINE#         172
  C:0935H         LINE#         173
  C:0935H         LINE#         174
  C:0935H         LINE#         175
  C:0938H         LINE#         177
  C:0938H         LINE#         178
  C:093BH         LINE#         179
  C:093EH         LINE#         180
  C:094DH         LINE#         181
  C:094DH         LINE#         182
  C:0952H         LINE#         183
  C:0952H         LINE#         184
  C:0955H         LINE#         185
  C:0955H         LINE#         186
  C:0958H         LINE#         187
  C:095FH         LINE#         188
  C:095FH         LINE#         189
  C:095FH         LINE#         190
  C:0961H         LINE#         192
  C:0961H         LINE#         193
  C:0964H         LINE#         194
  C:0964H         LINE#         195
  C:0964H         LINE#         196
  C:096CH         LINE#         197
  C:096CH         LINE#         198
  C:096CH         LINE#         199
  -------         ENDPROC       _MAKECOFFE
  -------         PROC          _MAKESTEAM
  D:0021H         SYMBOL        p
  C:1743H         LINE#         201
  C:1749H         LINE#         202
  C:1749H         LINE#         203
  C:1768H         LINE#         204
  C:1768H         LINE#         205
  C:176DH         LINE#         206
  C:176DH         LINE#         207
  C:1774H         LINE#         208
  C:1774H         LINE#         209
  C:1774H         LINE#         210
BL51 BANKED LINKER/LOCATER V6.22                                                      07/12/2025  08:11:01  PAGE 22


  C:1777H         LINE#         211
  C:1777H         LINE#         212
  C:1777H         LINE#         213
  C:177FH         LINE#         214
  C:177FH         LINE#         215
  C:177FH         LINE#         216
  C:17A6H         LINE#         217
  C:17A6H         LINE#         218
  C:17A6H         LINE#         220
  C:17AEH         LINE#         222
  C:17B3H         LINE#         223
  C:17B3H         LINE#         224
  C:17BAH         LINE#         225
  C:17C0H         LINE#         226
  C:17C9H         LINE#         227
  C:17D1H         LINE#         228
  C:17D5H         LINE#         229
  C:17E1H         LINE#         230
  C:17E8H         LINE#         231
  C:17E8H         LINE#         232
  C:17EBH         LINE#         233
  C:17EBH         LINE#         235
  C:17F7H         LINE#         236
  C:17FDH         LINE#         238
  C:1810H         LINE#         239
  C:1810H         LINE#         240
  C:1816H         LINE#         241
  C:1816H         LINE#         242
  C:1819H         LINE#         243
  C:1820H         LINE#         244
  C:1820H         LINE#         245
  C:1822H         LINE#         246
  C:1822H         LINE#         247
  C:1825H         LINE#         248
  C:1825H         LINE#         249
  C:1825H         LINE#         250
  C:182DH         LINE#         251
  C:182DH         LINE#         252
  C:182DH         LINE#         253
  -------         ENDPROC       _MAKESTEAM
  -------         PROC          _MAKEHOTWATER
  D:0021H         SYMBOL        p
  C:1AD7H         LINE#         255
  C:1ADDH         LINE#         256
  C:1ADDH         LINE#         257
  C:1AFCH         LINE#         258
  C:1AFCH         LINE#         259
  C:1B01H         LINE#         260
  C:1B01H         LINE#         261
  C:1B04H         LINE#         262
  C:1B04H         LINE#         263
  C:1B07H         LINE#         264
  C:1B07H         LINE#         265
  C:1B07H         LINE#         266
  C:1B0FH         LINE#         267
  C:1B0FH         LINE#         268
  C:1B0FH         LINE#         269
BL51 BANKED LINKER/LOCATER V6.22                                                      07/12/2025  08:11:01  PAGE 23


  C:1B30H         LINE#         270
  C:1B30H         LINE#         271
  C:1B30H         LINE#         272
  C:1B38H         LINE#         273
  C:1B3DH         LINE#         274
  C:1B3DH         LINE#         275
  C:1B43H         LINE#         276
  C:1B43H         LINE#         277
  C:1B43H         LINE#         278
  C:1B46H         LINE#         279
  C:1B4AH         LINE#         280
  C:1B56H         LINE#         281
  C:1B5DH         LINE#         282
  C:1B5DH         LINE#         283
  C:1B60H         LINE#         284
  C:1B60H         LINE#         285
  C:1B6CH         LINE#         286
  C:1B72H         LINE#         287
  C:1B86H         LINE#         288
  C:1B86H         LINE#         289
  C:1B8BH         LINE#         290
  C:1B8BH         LINE#         291
  C:1B8EH         LINE#         292
  C:1B8EH         LINE#         293
  C:1B91H         LINE#         294
  C:1B98H         LINE#         295
  C:1B98H         LINE#         296
  C:1B98H         LINE#         297
  C:1B9AH         LINE#         298
  C:1B9AH         LINE#         299
  C:1B9DH         LINE#         300
  C:1B9DH         LINE#         301
  C:1B9DH         LINE#         302
  C:1BA5H         LINE#         303
  C:1BA5H         LINE#         304
  C:1BA5H         LINE#         306
  -------         ENDPROC       _MAKEHOTWATER
  C:1539H         SYMBOL        L?0309
  -------         PROC          _GRIND
  D:0021H         SYMBOL        p
  C:141DH         LINE#         308
  C:1423H         LINE#         309
  C:1423H         LINE#         310
  C:1442H         LINE#         311
  C:1442H         LINE#         312
  C:1447H         LINE#         313
  C:1447H         LINE#         314
  C:1447H         LINE#         315
  C:1447H         LINE#         316
  C:144AH         LINE#         318
  C:144AH         LINE#         319
  C:144AH         LINE#         320
  C:1452H         LINE#         321
  C:1452H         LINE#         322
  C:1452H         LINE#         323
  C:147FH         LINE#         324
  C:147FH         LINE#         325
BL51 BANKED LINKER/LOCATER V6.22                                                      07/12/2025  08:11:01  PAGE 24


  C:147FH         LINE#         326
  C:1489H         LINE#         327
  C:1490H         LINE#         328
  C:1493H         LINE#         329
  C:1493H         LINE#         330
  C:149AH         LINE#         331
  C:14AEH         LINE#         332
  C:14AEH         LINE#         333
  C:14B5H         LINE#         334
  C:14B5H         LINE#         335
  C:14B8H         LINE#         336
  C:14B8H         LINE#         338
  C:14BDH         LINE#         339
  C:14BDH         LINE#         340
  C:14C3H         LINE#         341
  C:14CAH         LINE#         342
  C:14CEH         LINE#         343
  C:14DCH         LINE#         344
  C:14E3H         LINE#         345
  C:14E3H         LINE#         346
  C:14E6H         LINE#         347
  C:14E6H         LINE#         348
  C:14FCH         LINE#         349
  C:151CH         LINE#         350
  C:151CH         LINE#         351
  C:1521H         LINE#         352
  C:1521H         LINE#         353
  C:1521H         LINE#         354
  C:1521H         LINE#         355
  C:1524H         LINE#         356
  C:152BH         LINE#         357
  C:152BH         LINE#         358
  C:152BH         LINE#         359
  C:152DH         LINE#         360
  C:152DH         LINE#         361
  C:1530H         LINE#         362
  C:1530H         LINE#         363
  C:1530H         LINE#         364
  C:1538H         LINE#         365
  C:1538H         LINE#         366
  C:1538H         LINE#         367
  -------         ENDPROC       _GRIND
  -------         PROC          _POTHEAT
  D:0021H         SYMBOL        p
  C:0558H         LINE#         370
  C:055EH         LINE#         371
  C:055EH         LINE#         372
  C:057DH         LINE#         373
  C:057DH         LINE#         374
  C:0582H         LINE#         375
  C:0582H         LINE#         376
  C:0587H         LINE#         377
  C:058CH         LINE#         378
  C:0591H         LINE#         379
  C:0599H         LINE#         380
  C:0599H         LINE#         381
  C:0599H         LINE#         382
BL51 BANKED LINKER/LOCATER V6.22                                                      07/12/2025  08:11:01  PAGE 25


  C:05D6H         LINE#         383
  C:05D6H         LINE#         384
  C:05D6H         LINE#         385
  C:05DDH         LINE#         386
  C:05E4H         LINE#         387
  C:05EBH         LINE#         388
  C:05F4H         LINE#         389
  C:05FBH         LINE#         390
  C:0604H         LINE#         391
  C:060CH         LINE#         392
  C:0615H         LINE#         393
  C:0619H         LINE#         394
  C:0623H         LINE#         396
  C:0623H         LINE#         397
  C:062BH         LINE#         398
  C:062BH         LINE#         399
  C:062BH         LINE#         400
  C:062EH         LINE#         401
  C:062EH         LINE#         402
  C:0635H         LINE#         403
  C:0638H         LINE#         404
  C:0645H         LINE#         405
  C:0645H         LINE#         406
  C:064DH         LINE#         407
  C:064DH         LINE#         408
  C:064DH         LINE#         409
  C:064DH         LINE#         410
  C:064DH         LINE#         411
  C:0650H         LINE#         413
  C:0650H         LINE#         414
  C:0658H         LINE#         415
  C:0658H         LINE#         416
  C:0658H         LINE#         417
  C:065BH         LINE#         418
  C:065BH         LINE#         419
  C:0662H         LINE#         420
  C:0665H         LINE#         421
  C:066FH         LINE#         422
  C:066FH         LINE#         423
  C:0677H         LINE#         424
  C:0677H         LINE#         425
  C:0677H         LINE#         426
  C:0677H         LINE#         427
  C:0677H         LINE#         428
  C:0679H         LINE#         429
  C:067FH         LINE#         430
  C:067FH         LINE#         431
  C:0687H         LINE#         432
  C:0687H         LINE#         433
  C:068CH         LINE#         434
  C:068CH         LINE#         435
  C:068CH         LINE#         436
  C:068FH         LINE#         437
  C:0698H         LINE#         438
  C:0698H         LINE#         439
  C:06A0H         LINE#         440
  C:06A0H         LINE#         441
BL51 BANKED LINKER/LOCATER V6.22                                                      07/12/2025  08:11:01  PAGE 26


  C:06A5H         LINE#         442
  C:06A5H         LINE#         443
  C:06A5H         LINE#         444
  C:06A8H         LINE#         446
  C:06A8H         LINE#         447
  C:06B0H         LINE#         448
  C:06B0H         LINE#         449
  C:06B0H         LINE#         450
  C:06B3H         LINE#         451
  C:06B3H         LINE#         452
  C:06BAH         LINE#         453
  C:06BDH         LINE#         454
  C:06C6H         LINE#         455
  C:06C6H         LINE#         456
  C:06CEH         LINE#         457
  C:06CEH         LINE#         458
  C:06D3H         LINE#         459
  C:06D3H         LINE#         460
  C:06D3H         LINE#         461
  C:06D6H         LINE#         463
  C:06D6H         LINE#         464
  C:06DEH         LINE#         465
  C:06DEH         LINE#         466
  C:06DEH         LINE#         467
  C:06E1H         LINE#         468
  C:06E1H         LINE#         469
  C:06F0H         LINE#         470
  C:06F3H         LINE#         471
  C:06FDH         LINE#         472
  C:06FDH         LINE#         473
  C:0705H         LINE#         474
  C:0705H         LINE#         475
  C:070AH         LINE#         476
  C:070AH         LINE#         477
  C:070AH         LINE#         478
  C:070DH         LINE#         479
  C:0713H         LINE#         480
  C:0713H         LINE#         481
  C:0718H         LINE#         482
  C:0718H         LINE#         483
  C:071DH         LINE#         484
  C:071DH         LINE#         485
  C:071DH         LINE#         486
  C:071FH         LINE#         487
  C:0728H         LINE#         488
  C:0728H         LINE#         489
  C:072DH         LINE#         490
  C:072DH         LINE#         491
  C:0732H         LINE#         492
  C:0732H         LINE#         493
  C:0732H         LINE#         494
  C:0734H         LINE#         496
  C:0734H         LINE#         497
  C:0739H         LINE#         498
  C:0739H         LINE#         499
  C:0739H         LINE#         501
  C:073BH         LINE#         502
BL51 BANKED LINKER/LOCATER V6.22                                                      07/12/2025  08:11:01  PAGE 27


  C:073BH         LINE#         503
  C:0743H         LINE#         504
  C:074CH         LINE#         505
  C:075DH         LINE#         506
  C:075DH         LINE#         507
  C:0762H         LINE#         508
  C:0762H         LINE#         509
  C:0767H         LINE#         510
  C:0767H         LINE#         511
  C:0767H         LINE#         512
  C:0769H         LINE#         513
  C:076EH         LINE#         514
  C:076EH         LINE#         515
  C:0773H         LINE#         516
  C:0773H         LINE#         517
  C:0779H         LINE#         518
  C:077FH         LINE#         519
  C:077FH         LINE#         520
  C:0780H         LINE#         522
  C:0780H         LINE#         523
  C:0785H         LINE#         524
  C:078AH         LINE#         525
  C:078AH         LINE#         526
  C:078AH         LINE#         527
  C:078AH         LINE#         528
  -------         ENDPROC       _POTHEAT
  C:1640H         SYMBOL        L?0307
  -------         PROC          _CLEAN
  D:0021H         SYMBOL        p
  -------         DO            
  D:004EH         SYMBOL        CleanCount
  -------         ENDDO         
  C:1545H         LINE#         530
  C:154BH         LINE#         531
  C:154BH         LINE#         533
  C:156DH         LINE#         534
  C:156DH         LINE#         535
  C:1572H         LINE#         536
  C:1572H         LINE#         537
  C:1572H         LINE#         538
  C:1572H         LINE#         539
  C:1575H         LINE#         540
  C:1575H         LINE#         541
  C:1575H         LINE#         542
  C:157DH         LINE#         543
  C:157DH         LINE#         544
  C:157DH         LINE#         545
  C:15A7H         LINE#         546
  C:15A7H         LINE#         547
  C:15A7H         LINE#         548
  C:15AFH         LINE#         549
  C:15AFH         LINE#         550
  C:15B6H         LINE#         551
  C:15B6H         LINE#         552
  C:15B6H         LINE#         553
  C:15B6H         LINE#         554
  C:15B9H         LINE#         555
BL51 BANKED LINKER/LOCATER V6.22                                                      07/12/2025  08:11:01  PAGE 28


  C:15BDH         LINE#         556
  C:15C0H         LINE#         557
  C:15C3H         LINE#         558
  C:15C6H         LINE#         559
  C:15C6H         LINE#         560
  C:15C9H         LINE#         561
  C:15C9H         LINE#         562
  C:15DAH         LINE#         563
  C:15DAH         LINE#         564
  C:15DFH         LINE#         565
  C:15DFH         LINE#         566
  C:15DFH         LINE#         567
  C:15DFH         LINE#         568
  C:15E2H         LINE#         569
  C:15F0H         LINE#         570
  C:15F7H         LINE#         571
  C:15F7H         LINE#         572
  C:15F7H         LINE#         573
  C:15FAH         LINE#         574
  C:15FAH         LINE#         575
  C:160BH         LINE#         576
  C:160BH         LINE#         577
  C:1610H         LINE#         578
  C:1610H         LINE#         579
  C:1610H         LINE#         580
  C:1610H         LINE#         581
  C:1613H         LINE#         582
  C:1616H         LINE#         583
  C:1618H         LINE#         584
  C:1622H         LINE#         585
  C:162BH         LINE#         587
  C:1632H         LINE#         588
  C:1632H         LINE#         589
  C:1632H         LINE#         590
  C:1634H         LINE#         591
  C:1634H         LINE#         592
  C:1637H         LINE#         593
  C:1637H         LINE#         594
  C:1637H         LINE#         595
  C:163FH         LINE#         596
  C:163FH         LINE#         597
  C:163FH         LINE#         598
  -------         ENDPROC       _CLEAN
  -------         PROC          _PIPELINEFLUSHING
  D:0021H         SYMBOL        p
  C:1BA6H         LINE#         600
  C:1BACH         LINE#         601
  C:1BACH         LINE#         602
  C:1BCBH         LINE#         603
  C:1BCBH         LINE#         604
  C:1BD0H         LINE#         605
  C:1BD0H         LINE#         606
  C:1BD0H         LINE#         607
  C:1BD0H         LINE#         608
  C:1BD3H         LINE#         609
  C:1BD3H         LINE#         610
  C:1BD3H         LINE#         611
BL51 BANKED LINKER/LOCATER V6.22                                                      07/12/2025  08:11:01  PAGE 29


  C:1BDBH         LINE#         612
  C:1BDBH         LINE#         613
  C:1BDBH         LINE#         614
  C:1BFCH         LINE#         615
  C:1BFCH         LINE#         616
  C:1BFCH         LINE#         617
  C:1C04H         LINE#         618
  C:1C09H         LINE#         619
  C:1C09H         LINE#         620
  C:1C09H         LINE#         621
  C:1C09H         LINE#         622
  C:1C09H         LINE#         623
  C:1C0CH         LINE#         624
  C:1C10H         LINE#         625
  C:1C1CH         LINE#         626
  C:1C23H         LINE#         627
  C:1C23H         LINE#         628
  C:1C26H         LINE#         629
  C:1C26H         LINE#         630
  C:1C32H         LINE#         631
  C:1C38H         LINE#         632
  C:1C41H         LINE#         633
  C:1C41H         LINE#         634
  C:1C46H         LINE#         635
  C:1C46H         LINE#         636
  C:1C46H         LINE#         637
  C:1C46H         LINE#         638
  C:1C49H         LINE#         639
  C:1C50H         LINE#         640
  C:1C50H         LINE#         641
  C:1C50H         LINE#         642
  C:1C52H         LINE#         643
  C:1C52H         LINE#         644
  C:1C55H         LINE#         645
  C:1C55H         LINE#         646
  C:1C55H         LINE#         647
  C:1C5DH         LINE#         648
  C:1C5DH         LINE#         649
  C:1C5DH         LINE#         650
  -------         ENDPROC       _PIPELINEFLUSHING
  -------         PROC          OUTPUTFLASH
  -------         DO            
  D:004FH         SYMBOL        DelayCnt1
  D:0050H         SYMBOL        DelayCnt2
  D:0051H         SYMBOL        DelayCnt3
  D:0052H         SYMBOL        DelayCnt4
  D:0053H         SYMBOL        DelayCnt5
  D:0054H         SYMBOL        DelayCnt6
  D:0055H         SYMBOL        DelayCnt7
  -------         ENDDO         
  C:19F8H         LINE#         656
  C:19F8H         LINE#         657
  C:19F8H         LINE#         665
  C:19FFH         LINE#         666
  C:19FFH         LINE#         667
  C:1A02H         LINE#         668
  C:1A02H         LINE#         669
BL51 BANKED LINKER/LOCATER V6.22                                                      07/12/2025  08:11:01  PAGE 30


  C:1A02H         LINE#         670
  C:1A05H         LINE#         671
  C:1A13H         LINE#         672
  C:1A13H         LINE#         673
  C:1A15H         LINE#         675
  C:1A18H         LINE#         676
  C:1A1FH         LINE#         677
  C:1A1FH         LINE#         678
  C:1A22H         LINE#         679
  C:1A22H         LINE#         680
  C:1A22H         LINE#         681
  C:1A25H         LINE#         682
  C:1A33H         LINE#         683
  C:1A33H         LINE#         684
  C:1A35H         LINE#         686
  C:1A38H         LINE#         687
  C:1A3FH         LINE#         688
  C:1A3FH         LINE#         689
  C:1A42H         LINE#         690
  C:1A42H         LINE#         691
  C:1A42H         LINE#         692
  C:1A45H         LINE#         693
  C:1A53H         LINE#         694
  C:1A53H         LINE#         695
  C:1A55H         LINE#         697
  C:1A58H         LINE#         698
  C:1A5FH         LINE#         699
  C:1A5FH         LINE#         700
  C:1A62H         LINE#         701
  C:1A62H         LINE#         702
  C:1A62H         LINE#         703
  C:1A65H         LINE#         704
  C:1A73H         LINE#         705
  C:1A73H         LINE#         706
  C:1A75H         LINE#         708
  C:1A78H         LINE#         709
  C:1A7FH         LINE#         710
  C:1A7FH         LINE#         711
  C:1A82H         LINE#         712
  C:1A82H         LINE#         713
  C:1A82H         LINE#         714
  C:1A85H         LINE#         715
  C:1A93H         LINE#         716
  C:1A93H         LINE#         717
  C:1A95H         LINE#         719
  C:1A98H         LINE#         720
  C:1A9FH         LINE#         721
  C:1A9FH         LINE#         722
  C:1AA2H         LINE#         723
  C:1AA2H         LINE#         724
  C:1AA2H         LINE#         725
  C:1AA5H         LINE#         726
  C:1AB3H         LINE#         727
  C:1AB3H         LINE#         728
  C:1AB5H         LINE#         730
  C:1AB8H         LINE#         731
  C:1ABFH         LINE#         732
BL51 BANKED LINKER/LOCATER V6.22                                                      07/12/2025  08:11:01  PAGE 31


  C:1ABFH         LINE#         733
  C:1AC2H         LINE#         734
  C:1AC2H         LINE#         735
  C:1AC2H         LINE#         736
  C:1AC5H         LINE#         737
  C:1AD3H         LINE#         738
  C:1AD3H         LINE#         739
  C:1AD3H         LINE#         741
  C:1AD6H         LINE#         742
  -------         ENDPROC       OUTPUTFLASH
  -------         PROC          LOGIC
  C:2388H         LINE#         744
  C:2388H         LINE#         745
  C:2388H         LINE#         746
  C:2391H         LINE#         747
  C:239AH         LINE#         748
  C:23A3H         LINE#         749
  C:23ACH         LINE#         750
  C:23B5H         LINE#         751
  C:23BEH         LINE#         752
  C:23C7H         LINE#         753
  C:23D0H         LINE#         754
  -------         ENDPROC       LOGIC
  -------         ENDMOD        LOGIC

  -------         MODULE        TIMER
  C:0000H         SYMBOL        _ICE_DUMMY_
  D:0080H         PUBLIC        P0
  D:0090H         PUBLIC        P1
  D:00A0H         PUBLIC        P2
  C:2051H         PUBLIC        TIMER0_ISR
  D:00B0H         PUBLIC        P3
  D:00A8H         PUBLIC        IEN0
  D:00B8H         PUBLIC        IEN1
  X:0119H         PUBLIC        TimeCount
  D:00F8H         PUBLIC        IICS
  C:2822H         PUBLIC        _TimerRes
  C:2188H         PUBLIC        _GetTime
  D:0098H         PUBLIC        SCON
  D:0089H         PUBLIC        TMOD
  D:0088H         PUBLIC        TCON
  D:00E0H         PUBLIC        ACC
  D:008CH         PUBLIC        TH0
  C:27EDH         PUBLIC        TIMER0_initialize
  D:008AH         PUBLIC        TL0
  B:0088H.4       PUBLIC        TR0
  X:011DH         PUBLIC        ProcessCount
  D:00D0H         PUBLIC        PSW
  D:00C0H         PUBLIC        IRCON
  C:286AH         SYMBOL        Com0009
  C:286AH         SYMBOL        L?0010
  C:286AH         SYMBOL        L?0011
  -------         PROC          COM0009
  -------         ENDPROC       COM0009
  -------         PROC          TIMER0_INITIALIZE
  C:27EDH         LINE#         16
  C:27EDH         LINE#         17
BL51 BANKED LINKER/LOCATER V6.22                                                      07/12/2025  08:11:01  PAGE 32


  C:27EDH         LINE#         18
  C:27F0H         LINE#         19
  C:27F3H         LINE#         20
  C:27F6H         LINE#         21
  C:27F9H         LINE#         22
  C:27FBH         LINE#         23
  -------         ENDPROC       TIMER0_INITIALIZE
  -------         PROC          TIMER0_ISR
  C:2051H         LINE#         25
  C:2068H         LINE#         27
  C:206BH         LINE#         28
  C:206EH         LINE#         29
  C:2084H         LINE#         30
  C:208AH         LINE#         31
  C:20ABH         LINE#         32
  -------         ENDPROC       TIMER0_ISR
  -------         PROC          _TIMERRES
  D:0001H         SYMBOL        tim
  C:2822H         LINE#         34
  C:2822H         LINE#         35
  C:2822H         LINE#         36
  C:2824H         LINE#         37
  C:282AH         LINE#         38
  C:282CH         LINE#         39
  -------         ENDPROC       _TIMERRES
  -------         PROC          _GETTIME
  D:0024H         SYMBOL        tim
  D:0028H         SYMBOL        DIV
  C:2188H         LINE#         41
  C:2190H         LINE#         42
  C:2190H         LINE#         43
  C:2192H         LINE#         44
  C:219EH         LINE#         45
  C:219EH         LINE#         46
  C:21A0H         LINE#         47
  C:21B6H         LINE#         48
  C:21B6H         LINE#         50
  C:21B6H         LINE#         51
  C:21B8H         LINE#         52
  C:21E2H         LINE#         53
  C:21E2H         LINE#         54
  -------         ENDPROC       _GETTIME
  -------         ENDMOD        TIMER

  -------         MODULE        UART
  C:0000H         SYMBOL        _ICE_DUMMY_
  C:2418H         PUBLIC        _DataFrameTransmission
  D:0080H         PUBLIC        P0
  D:0056H         SYMBOL        _crc16
  D:0090H         PUBLIC        P1
  D:00A0H         PUBLIC        P2
  D:00B0H         PUBLIC        P3
  C:2610H         PUBLIC        END_CMD
  C:0003H         PUBLIC        _SendChar
  D:00A8H         PUBLIC        IEN0
  D:00B8H         PUBLIC        IEN1
  C:1914H         PUBLIC        _QueueFinDataFrame
BL51 BANKED LINKER/LOCATER V6.22                                                      07/12/2025  08:11:01  PAGE 33


  B:0020H.2       PUBLIC        bU0TX
  C:000EH         PUBLIC        Uart_Init
  B:0098H.0       PUBLIC        RI
  C:280AH         PUBLIC        BEGIN_CMD
  B:0098H.1       PUBLIC        TI
  C:23D3H         PUBLIC        _QueueInit
  C:1FDEH         PUBLIC        _CheckCRC16
  C:2798H         PUBLIC        _SizeQueue
  C:0026H         PUBLIC        _SEND_DATA
  D:00F8H         PUBLIC        IICS
  C:248BH         PUBLIC        _PushQueue
  C:2732H         PUBLIC        _ISEmpty
  D:00BAH         PUBLIC        S0RELH
  D:0087H         PUBLIC        PCON
  C:2747H         PUBLIC        _ISFull
  D:00AAH         PUBLIC        S0RELL
  D:0098H         PUBLIC        SCON
  D:0088H         PUBLIC        TCON
  C:22EBH         PUBLIC        _PopQueue
  D:0058H         PUBLIC        cmd_state
  C:233AH         PUBLIC        UART0_ISR
  D:00E0H         PUBLIC        ACC
  C:1D77H         SYMBOL        _AddCRC16
  D:0099H         PUBLIC        S0BUF
  D:0098H         PUBLIC        S0CON
  D:005CH         PUBLIC        cmd_pos
  D:0091H         PUBLIC        AUX
  D:00D0H         PUBLIC        PSW
  D:00C0H         PUBLIC        IRCON
  C:2635H         SYMBOL        Com0037
  C:2635H         SYMBOL        L?0056
  C:263BH         SYMBOL        L?0057
  C:2641H         SYMBOL        L?0058
  C:2641H         SYMBOL        L?0059
  C:264AH         SYMBOL        L?0060
  C:264AH         SYMBOL        L?0061
  C:2651H         SYMBOL        L?0062
  C:2651H         SYMBOL        L?0063
  -------         PROC          COM0037
  -------         ENDPROC       COM0037
  -------         PROC          _ADDCRC16
  D:0033H         SYMBOL        buffer
  D:0036H         SYMBOL        n
  D:0038H         SYMBOL        pcrc
  -------         DO            
  D:003BH         SYMBOL        i
  D:0004H         SYMBOL        j
  D:003DH         SYMBOL        carry_flag
  D:0006H         SYMBOL        a
  -------         ENDDO         
  C:1D77H         LINE#         17
  C:1D81H         LINE#         18
  C:1D81H         LINE#         21
  C:1D91H         LINE#         22
  C:1D91H         LINE#         23
  C:1DADH         LINE#         24
  C:1DB0H         LINE#         25
BL51 BANKED LINKER/LOCATER V6.22                                                      07/12/2025  08:11:01  PAGE 34


  C:1DB0H         LINE#         26
  C:1DB3H         LINE#         27
  C:1DBAH         LINE#         28
  C:1DC8H         LINE#         29
  C:1DD0H         LINE#         30
  C:1DDFH         LINE#         31
  C:1DEAH         LINE#         32
  C:1DF5H         LINE#         33
  -------         ENDPROC       _ADDCRC16
  -------         PROC          _CHECKCRC16
  D:002AH         SYMBOL        buffer
  D:002DH         SYMBOL        n
  -------         DO            
  D:002FH         SYMBOL        crc0
  D:0031H         SYMBOL        crc1
  -------         ENDDO         
  C:1FDEH         LINE#         40
  C:1FE8H         LINE#         41
  C:1FE8H         LINE#         42
  C:1FEDH         LINE#         43
  C:1FF3H         LINE#         45
  C:1FFEH         LINE#         46
  C:1FFEH         LINE#         47
  C:2026H         LINE#         48
  C:203CH         LINE#         49
  C:203CH         LINE#         51
  C:2050H         LINE#         52
  -------         ENDPROC       _CHECKCRC16
  -------         PROC          _SEND_DATA
  D:0029H         SYMBOL        c
  C:0026H         LINE#         57
  C:0028H         LINE#         58
  C:0028H         LINE#         59
  C:003EH         LINE#         60
  -------         ENDPROC       _SEND_DATA
  -------         PROC          BEGIN_CMD
  C:280AH         LINE#         65
  C:280AH         LINE#         66
  C:280AH         LINE#         67
  C:280FH         LINE#         68
  C:2815H         LINE#         69
  -------         ENDPROC       BEGIN_CMD
  -------         PROC          END_CMD
  -------         DO            
  D:0027H         SYMBOL        crc16
  -------         ENDDO         
  C:2610H         LINE#         73
  C:2610H         LINE#         74
  C:2610H         LINE#         75
  C:2616H         LINE#         76
  C:2621H         LINE#         77
  -------         ENDPROC       END_CMD
  -------         PROC          UART_INIT
  C:000EH         LINE#         93
  C:000EH         LINE#         94
  C:000EH         LINE#         95
  C:0011H         LINE#         96
BL51 BANKED LINKER/LOCATER V6.22                                                      07/12/2025  08:11:01  PAGE 35


  C:0014H         LINE#         97
  C:0017H         LINE#         98
  C:001AH         LINE#         99
  C:001DH         LINE#         100
  C:0020H         LINE#         101
  C:0022H         LINE#         102
  -------         ENDPROC       UART_INIT
  -------         PROC          UART0_ISR
  -------         DO            
  D:0005H         SYMBOL        RXBUF0
  -------         ENDDO         
  C:233AH         LINE#         104
  C:2357H         LINE#         107
  C:235AH         LINE#         108
  C:235AH         LINE#         109
  C:235CH         LINE#         110
  C:235EH         LINE#         111
  C:2367H         LINE#         112
  C:2369H         LINE#         114
  C:2369H         LINE#         115
  C:236BH         LINE#         116
  C:236DH         LINE#         117
  C:236DH         LINE#         118
  -------         ENDPROC       UART0_ISR
  -------         PROC          _SENDCHAR
  D:0007H         SYMBOL        n_temp0
  C:0003H         LINE#         119
  C:0003H         LINE#         120
  C:0003H         LINE#         121
  C:0005H         LINE#         122
  C:0007H         LINE#         123
  C:000AH         LINE#         124
  C:000AH         LINE#         126
  C:000AH         LINE#         127
  -------         ENDPROC       _SENDCHAR
  -------         PROC          _QUEUEINIT
  D:0021H         SYMBOL        uart
  -------         DO            
  D:0007H         SYMBOL        i
  -------         ENDDO         
  C:23D3H         LINE#         130
  C:23D9H         LINE#         131
  C:23D9H         LINE#         133
  C:23EEH         LINE#         134
  C:23F3H         LINE#         135
  C:23FBH         LINE#         136
  C:23FCH         LINE#         137
  C:2417H         LINE#         139
  -------         ENDPROC       _QUEUEINIT
  -------         PROC          _ISEMPTY
  D:0001H         SYMBOL        uart
  C:2732H         LINE#         142
  C:2732H         LINE#         143
  C:2732H         LINE#         144
  C:2746H         LINE#         145
  -------         ENDPROC       _ISEMPTY
  -------         PROC          _ISFULL
BL51 BANKED LINKER/LOCATER V6.22                                                      07/12/2025  08:11:01  PAGE 36


  D:0001H         SYMBOL        uart
  C:2747H         LINE#         148
  C:2747H         LINE#         149
  C:2747H         LINE#         150
  C:275BH         LINE#         151
  -------         ENDPROC       _ISFULL
  -------         PROC          _PUSHQUEUE
  D:003FH         SYMBOL        uart
  D:0005H         SYMBOL        Data
  C:248BH         LINE#         154
  C:2491H         LINE#         155
  C:2491H         LINE#         156
  C:2496H         LINE#         157
  C:2499H         LINE#         158
  C:24AFH         LINE#         159
  C:24BEH         LINE#         160
  C:24C0H         LINE#         161
  -------         ENDPROC       _PUSHQUEUE
  -------         PROC          _POPQUEUE
  D:002AH         SYMBOL        uart
  D:002DH         SYMBOL        Data
  C:22EBH         LINE#         164
  C:22F1H         LINE#         165
  C:22F1H         LINE#         166
  C:22F6H         LINE#         167
  C:22F9H         LINE#         168
  C:2325H         LINE#         169
  C:2337H         LINE#         170
  C:2339H         LINE#         171
  -------         ENDPROC       _POPQUEUE
  -------         PROC          _SIZEQUEUE
  D:0001H         SYMBOL        uart
  C:2798H         LINE#         173
[...]
  C:251FH         LINE#         219
  C:2522H         LINE#         220
  -------         ENDPROC       _DIS_PILOTLAMP
  -------         PROC          ALLDOWN
  -------         DO            
  D:0007H         SYMBOL        i
  -------         ENDDO         
  C:284EH         LINE#         222
  C:284EH         LINE#         223
  C:284EH         LINE#         224
  C:284EH         LINE#         225
  C:284EH         LINE#         226
  C:2857H         LINE#         227
  -------         ENDPROC       ALLDOWN
  -------         PROC          ALLUP
  -------         DO            
  D:0007H         SYMBOL        i
  -------         ENDDO         
  C:2838H         LINE#         229
  C:2838H         LINE#         230
  C:2838H         LINE#         231
  C:2838H         LINE#         232
  C:2838H         LINE#         233
  C:2842H         LINE#         234
  -------         ENDPROC       ALLUP
  -------         PROC          DISREFRESH
  C:2659H         LINE#         236
  C:2659H         LINE#         237
  C:2659H         LINE#         238
  C:265CH         LINE#         239
  C:2661H         LINE#         240
  C:2664H         LINE#         241
  C:2672H         LINE#         242
BL51 BANKED LINKER/LOCATER V6.22                                                      07/12/2025  08:11:01  PAGE 49


  C:2675H         LINE#         243
  C:267AH         LINE#         244
  -------         ENDPROC       DISREFRESH
  -------         ENDMOD        DISPLAY

  -------         MODULE        PWM
  C:0000H         SYMBOL        _ICE_DUMMY_
  D:0080H         PUBLIC        P0
  D:0090H         PUBLIC        P1
  D:00A0H         PUBLIC        P2
  D:00B0H         PUBLIC        P3
  B:00B8H.0       PUBLIC        IEPWM
  B:00C0H.0       PUBLIC        PWMIF
  B:00A8H.7       PUBLIC        EA
  D:000CH         PUBLIC        buzctrl
  D:00A8H         PUBLIC        IEN0
  C:2870H         PUBLIC        PWM_Disable
  D:00B8H         PUBLIC        IEN1
  C:2770H         PUBLIC        PWM_initialize
  C:1E74H         PUBLIC        BeepCtrl
  D:00F8H         PUBLIC        IICS
  D:0013H         PUBLIC        g_PWMD2
  D:0098H         PUBLIC        SCON
  D:00B2H         PUBLIC        PWMD2H
  D:0088H         PUBLIC        TCON
  D:00B1H         PUBLIC        PWMD2L
  D:00B5H         PUBLIC        PWMC
  D:00DEH         PUBLIC        PWMDT0
  D:00DFH         PUBLIC        PWMDT1
  C:2880H         PUBLIC        PWM_ISR
  D:00E0H         PUBLIC        ACC
  D:00CFH         PUBLIC        PWMMDH
  D:00CEH         PUBLIC        PWMMDL
  C:2843H         PUBLIC        PWM_Output
  D:00DDH         PUBLIC        PWMC2
  D:00D0H         PUBLIC        PSW
  D:00C0H         PUBLIC        IRCON
  -------         PROC          PWM_INITIALIZE
  C:2770H         LINE#         22
  C:2770H         LINE#         23
  C:2770H         LINE#         24
  C:2772H         LINE#         25
  C:2774H         LINE#         26
  C:2777H         LINE#         27
  C:277AH         LINE#         28
  C:277DH         LINE#         29
  C:277FH         LINE#         30
  C:2781H         LINE#         31
  C:2783H         LINE#         32
  -------         ENDPROC       PWM_INITIALIZE
  -------         PROC          PWM_OUTPUT
  C:2843H         LINE#         34
  C:2843H         LINE#         35
  C:2843H         LINE#         40
  C:2847H         LINE#         41
  C:284AH         LINE#         44
  C:284DH         LINE#         45
BL51 BANKED LINKER/LOCATER V6.22                                                      07/12/2025  08:11:01  PAGE 50


  -------         ENDPROC       PWM_OUTPUT
  -------         PROC          PWM_DISABLE
  C:2870H         LINE#         47
  C:2870H         LINE#         48
  C:2870H         LINE#         49
  C:2872H         LINE#         50
  C:2875H         LINE#         51
  -------         ENDPROC       PWM_DISABLE
  -------         PROC          PWM_ISR
  C:2880H         LINE#         53
  C:2880H         LINE#         55
  C:2882H         LINE#         56
  -------         ENDPROC       PWM_ISR
  -------         PROC          BEEPCTRL
  -------         DO            
  D:0008H         SYMBOL        BeepCount
  D:000AH         SYMBOL        buzTime
  -------         ENDDO         
  C:1E74H         LINE#         60
  C:1E74H         LINE#         61
  C:1E74H         LINE#         64
  C:1E80H         LINE#         65
  C:1E80H         LINE#         66
  C:1E80H         LINE#         67
  C:1E80H         LINE#         68
  C:1E80H         LINE#         69
  C:1E80H         LINE#         70
  C:1E82H         LINE#         71
  C:1E82H         LINE#         72
  C:1E8AH         LINE#         73
  C:1E93H         LINE#         74
  C:1E95H         LINE#         76
  C:1E95H         LINE#         77
  C:1E95H         LINE#         78
  C:1E95H         LINE#         79
  C:1E95H         LINE#         80
  C:1E95H         LINE#         81
  C:1E97H         LINE#         82
  C:1E97H         LINE#         83
  C:1E9FH         LINE#         84
  C:1EA7H         LINE#         85
  C:1EB2H         LINE#         86
  C:1EB2H         LINE#         87
  C:1EBDH         LINE#         88
  C:1EC0H         LINE#         89
  C:1ED3H         LINE#         90
  C:1ED6H         LINE#         92
  C:1EDBH         LINE#         93
  C:1EDCH         LINE#         95
  C:1EDCH         LINE#         96
  C:1EE1H         LINE#         97
  C:1EE1H         LINE#         98
  C:1EE1H         LINE#         99
  C:1EE1H         LINE#         100
  C:1EE1H         LINE#         101
  C:1EE3H         LINE#         102
  C:1EE8H         LINE#         104
BL51 BANKED LINKER/LOCATER V6.22                                                      07/12/2025  08:11:01  PAGE 51


  C:1EEBH         LINE#         105
  C:1EEEH         LINE#         106
  C:1EEEH         LINE#         107
  C:1EEEH         LINE#         108
  -------         ENDPROC       BEEPCTRL
  -------         ENDMOD        PWM

  -------         MODULE        SENSOR
  C:0000H         SYMBOL        _ICE_DUMMY_
  D:0080H         PUBLIC        P0
  D:0090H         PUBLIC        P1
  D:00A0H         PUBLIC        P2
  D:00B0H         PUBLIC        P3
  D:00A8H         PUBLIC        IEN0
  D:00B8H         PUBLIC        IEN1
  D:00F8H         PUBLIC        IICS
  D:0098H         PUBLIC        SCON
  D:0088H         PUBLIC        TCON
  D:00E0H         PUBLIC        ACC
  C:2127H         PUBLIC        CheckSensor
  D:00D0H         PUBLIC        PSW
  D:00C0H         PUBLIC        IRCON
  -------         PROC          CHECKSENSOR
  -------         DO            
  D:0060H         SYMBOL        DelayCount
  D:0061H         SYMBOL        DelayCount2
  -------         ENDDO         
  C:2127H         LINE#         7
  C:2127H         LINE#         8
  C:2127H         LINE#         12
  C:2129H         LINE#         13
  C:2130H         LINE#         14
  C:2130H         LINE#         15
  C:2133H         LINE#         16
  C:2138H         LINE#         17
  C:2138H         LINE#         18
  C:2147H         LINE#         19
  C:2147H         LINE#         20
  C:2151H         LINE#         21
  C:2151H         LINE#         22
  C:2153H         LINE#         23
  C:2159H         LINE#         24
  C:2159H         LINE#         25
  C:215CH         LINE#         26
  C:2160H         LINE#         27
  C:2169H         LINE#         28
  C:2173H         LINE#         29
  C:2179H         LINE#         31
  C:217DH         LINE#         32
  C:2183H         LINE#         33
  C:2183H         LINE#         34
  C:2184H         LINE#         36
  C:2187H         LINE#         50
  C:2187H         LINE#         51
  -------         ENDPROC       CHECKSENSOR
  -------         ENDMOD        SENSOR

BL51 BANKED LINKER/LOCATER V6.22                                                      07/12/2025  08:11:01  PAGE 52


  -------         MODULE        EEPROM
  C:0000H         SYMBOL        _ICE_DUMMY_
  D:00F7H         PUBLIC        TAKEY
  D:0080H         PUBLIC        P0
  D:0090H         PUBLIC        P1
  D:00A0H         PUBLIC        P2
  D:00B0H         PUBLIC        P3
  C:2861H         PUBLIC        ISP_Disable
  B:00A8H.7       PUBLIC        EA
  D:00A8H         PUBLIC        IEN0
  D:00B8H         PUBLIC        IEN1
  C:2858H         PUBLIC        ISP_Enable
  C:26C3H         PUBLIC        ReadDoubleEspTemp
  C:267DH         PUBLIC        ReadTotalFlow
  C:0046H         PUBLIC        ReadSingleEspTemp
  C:27BCH         PUBLIC        _Read_EEPROM
  D:00F8H         PUBLIC        IICS
  C:26FBH         PUBLIC        ReadAmericanoTemp
  C:2784H         PUBLIC        WriteTotalFlow
  D:0098H         PUBLIC        SCON
  D:0088H         PUBLIC        TCON
  C:27DDH         PUBLIC        _Write_EEPROM
  D:00E1H         PUBLIC        ISPFAH
  D:00E2H         PUBLIC        ISPFAL
  D:00E3H         PUBLIC        ISPFDL
  D:00E0H         PUBLIC        ACC
  D:008FH         PUBLIC        IFCON
  D:00E4H         PUBLIC        ISPFC
  D:00D0H         PUBLIC        PSW
  D:00C0H         PUBLIC        IRCON
  C:26DFH         PUBLIC        ReadCoffeTemp
  C:2816H         SYMBOL        Com0013
  C:2816H         SYMBOL        L?0020
  -------         PROC          COM0013
  -------         ENDPROC       COM0013
  -------         PROC          ISP_ENABLE
  C:2858H         LINE#         14
  C:2858H         LINE#         15
  C:2858H         LINE#         16
  C:2858H         LINE#         17
  C:2858H         LINE#         18
  C:2858H         LINE#         19
  C:285BH         LINE#         20
  C:285EH         LINE#         21
  C:2860H         LINE#         22
  -------         ENDPROC       ISP_ENABLE
  -------         PROC          ISP_DISABLE
  C:2861H         LINE#         24
  C:2861H         LINE#         25
  C:2861H         LINE#         26
  C:2861H         LINE#         27
  C:2861H         LINE#         28
  C:2861H         LINE#         29
  C:2864H         LINE#         30
  C:2867H         LINE#         31
  C:2869H         LINE#         32
  -------         ENDPROC       ISP_DISABLE
BL51 BANKED LINKER/LOCATER V6.22                                                      07/12/2025  08:11:01  PAGE 53


  -------         PROC          _WRITE_EEPROM
  D:0007H         SYMBOL        Addr
  D:0005H         SYMBOL        Data
  C:27DDH         LINE#         55
  C:27DDH         LINE#         56
  C:27DDH         LINE#         57
  C:27E0H         LINE#         58
  C:27E3H         LINE#         59
  C:27E5H         LINE#         60
  C:27E7H         LINE#         61
  C:27EAH         LINE#         62
  -------         ENDPROC       _WRITE_EEPROM
  -------         PROC          _READ_EEPROM
  D:0007H         SYMBOL        Addr
  -------         DO            
  D:0007H         SYMBOL        Data
  -------         ENDDO         
  C:27BCH         LINE#         65
  C:27BCH         LINE#         66
  C:27BCH         LINE#         68
  C:27BFH         LINE#         69
  C:27C2H         LINE#         70
  C:27C4H         LINE#         71
  C:27C7H         LINE#         72
  C:27C9H         LINE#         73
  C:27CCH         LINE#         74
  C:27CCH         LINE#         75
  -------         ENDPROC       _READ_EEPROM
  -------         PROC          READTOTALFLOW
  -------         DO            
  D:0007H         SYMBOL        temp
  -------         ENDDO         
  C:267DH         LINE#         78
  C:267DH         LINE#         79
  C:267DH         LINE#         80
  C:267FH         LINE#         81
  C:2685H         LINE#         82
  C:2688H         LINE#         83
  C:2690H         LINE#         84
  C:2695H         LINE#         85
  C:26A0H         LINE#         86
  -------         ENDPROC       READTOTALFLOW
  -------         PROC          WRITETOTALFLOW
  -------         DO            
  D:0005H         SYMBOL        temp
  -------         ENDDO         
  C:2784H         LINE#         88
  C:2784H         LINE#         89
  C:2784H         LINE#         90
  C:2784H         LINE#         91
  C:278AH         LINE#         92
  C:278FH         LINE#         93
  C:2794H         LINE#         94
  -------         ENDPROC       WRITETOTALFLOW
  -------         PROC          READSINGLEESPTEMP
  C:0046H         LINE#         98
  C:0046H         LINE#         99
BL51 BANKED LINKER/LOCATER V6.22                                                      07/12/2025  08:11:01  PAGE 54


  C:0046H         LINE#         100
  C:0050H         LINE#         101
  C:005BH         LINE#         102
  C:0061H         LINE#         103
  -------         ENDPROC       READSINGLEESPTEMP
  -------         PROC          READDOUBLEESPTEMP
  C:26C3H         LINE#         106
  C:26C3H         LINE#         107
  C:26C3H         LINE#         108
  C:26CDH         LINE#         109
  C:26D8H         LINE#         110
  C:26DEH         LINE#         111
  -------         ENDPROC       READDOUBLEESPTEMP
  -------         PROC          READCOFFETEMP
  C:26DFH         LINE#         114
  C:26DFH         LINE#         115
  C:26DFH         LINE#         116
  C:26E9H         LINE#         117
  C:26F4H         LINE#         118
  C:26FAH         LINE#         119
  -------         ENDPROC       READCOFFETEMP
  -------         PROC          READAMERICANOTEMP
  C:26FBH         LINE#         122
  C:26FBH         LINE#         123
  C:26FBH         LINE#         124
  C:2705H         LINE#         125
  C:2710H         LINE#         126
  C:2716H         LINE#         127
  -------         ENDPROC       READAMERICANOTEMP
  -------         ENDMOD        EEPROM

  -------         MODULE        LVI_LVR
  C:0000H         SYMBOL        _ICE_DUMMY_
  D:0080H         PUBLIC        P0
  D:0090H         PUBLIC        P1
  D:00A0H         PUBLIC        P2
  D:00B0H         PUBLIC        P3
  D:00A8H         PUBLIC        IEN0
  C:287CH         PUBLIC        LVR_Disable
  D:00B8H         PUBLIC        IEN1
  D:00F8H         PUBLIC        IICS
  D:0098H         PUBLIC        SCON
  D:0088H         PUBLIC        TCON
  D:00E0H         PUBLIC        ACC
  C:2876H         PUBLIC        LVI_EN
  D:00E6H         PUBLIC        LVC
  C:1F69H         PUBLIC        LVI
  B:00B8H.4       PUBLIC        IELVI
  D:00D0H         PUBLIC        PSW
  D:00C0H         PUBLIC        IRCON
  -------         PROC          LVI_EN
  C:2876H         LINE#         4
  C:2876H         LINE#         5
  C:2876H         LINE#         6
  C:2879H         LINE#         7
  C:287BH         LINE#         9
  -------         ENDPROC       LVI_EN
BL51 BANKED LINKER/LOCATER V6.22                                                      07/12/2025  08:11:01  PAGE 55


  -------         PROC          LVR_DISABLE
  C:287CH         LINE#         11
  C:287CH         LINE#         12
  C:287CH         LINE#         13
  C:287FH         LINE#         14
  -------         ENDPROC       LVR_DISABLE
  -------         PROC          LVI
  C:1F69H         LINE#         16
  C:1F86H         LINE#         18
  C:1F90H         LINE#         19
  C:1F9AH         LINE#         20
  C:1FA4H         LINE#         21
  C:1FAEH         LINE#         22
  C:1FB9H         LINE#         23
  C:1FC3H         LINE#         24
  -------         ENDPROC       LVI
  -------         ENDMOD        LVI_LVR

  -------         MODULE        ?C?COPY
  C:0136H         PUBLIC        ?C?COPY
  -------         ENDMOD        ?C?COPY

  -------         MODULE        ?C?CLDPTR
  C:015CH         PUBLIC        ?C?CLDPTR
  -------         ENDMOD        ?C?CLDPTR

  -------         MODULE        ?C?CLDOPTR
  C:0175H         PUBLIC        ?C?CLDOPTR
  -------         ENDMOD        ?C?CLDOPTR

  -------         MODULE        ?C?CILDPTR
  C:01A2H         PUBLIC        ?C?CILDPTR
  -------         ENDMOD        ?C?CILDPTR

  -------         MODULE        ?C?CSTPTR
  C:01C4H         PUBLIC        ?C?CSTPTR
  -------         ENDMOD        ?C?CSTPTR

  -------         MODULE        ?C?CSTOPTR
  C:01D6H         PUBLIC        ?C?CSTOPTR
  -------         ENDMOD        ?C?CSTOPTR

  -------         MODULE        ?C?IMUL
  C:01F8H         PUBLIC        ?C?IMUL
  -------         ENDMOD        ?C?IMUL

  -------         MODULE        ?C?UIDIV
  C:020AH         PUBLIC        ?C?UIDIV
  -------         ENDMOD        ?C?UIDIV

  -------         MODULE        ?C?IILDX
  C:025FH         PUBLIC        ?C?IILDX
  -------         ENDMOD        ?C?IILDX

  -------         MODULE        ?C?ILDPTR
  C:0275H         PUBLIC        ?C?ILDPTR
  -------         ENDMOD        ?C?ILDPTR
BL51 BANKED LINKER/LOCATER V6.22                                                      07/12/2025  08:11:01  PAGE 56



  -------         MODULE        ?C?ILDOPTR
  C:02A0H         PUBLIC        ?C?ILDOPTR
  -------         ENDMOD        ?C?ILDOPTR

  -------         MODULE        ?C?ISTPTR
  C:02D8H         PUBLIC        ?C?ISTPTR
  -------         ENDMOD        ?C?ISTPTR

  -------         MODULE        ?C?ISTOPTR
  C:02F7H         PUBLIC        ?C?ISTOPTR
  -------         ENDMOD        ?C?ISTOPTR

  -------         MODULE        ?C?LADD
  C:0324H         PUBLIC        ?C?LADD
  -------         ENDMOD        ?C?LADD

  -------         MODULE        ?C?ULDIV
  C:036DH         PUBLIC        ?C?ULDIV
  -------         ENDMOD        ?C?ULDIV

  -------         MODULE        ?C?LOR
  C:03FFH         PUBLIC        ?C?LOR
  -------         ENDMOD        ?C?LOR

  -------         MODULE        ?C?LNOT
  C:040CH         PUBLIC        ?C?LNOT
  -------         ENDMOD        ?C?LNOT

  -------         MODULE        ?C?SLCMP
  C:0419H         PUBLIC        ?C?SLCMP
  -------         ENDMOD        ?C?SLCMP

  -------         MODULE        ?C?ULCMP
  C:042FH         PUBLIC        ?C?ULCMP
  -------         ENDMOD        ?C?ULCMP

  -------         MODULE        ?C?LSHL
  C:0440H         PUBLIC        ?C?LSHL
  -------         ENDMOD        ?C?LSHL

  -------         MODULE        ?C?LLDOPTR
  C:0453H         PUBLIC        ?C?LLDOPTR
  -------         ENDMOD        ?C?LLDOPTR

  -------         MODULE        ?C?LSTPTR
  C:0483H         PUBLIC        ?C?LSTPTR
  -------         ENDMOD        ?C?LSTPTR

  -------         MODULE        ?C?LLDXDATA
  C:049DH         PUBLIC        ?C?LLDXDATA
  -------         ENDMOD        ?C?LLDXDATA

  -------         MODULE        ?C?LLDXDATA0
  C:04A9H         PUBLIC        ?C?LLDXDATA0
  -------         ENDMOD        ?C?LLDXDATA0

BL51 BANKED LINKER/LOCATER V6.22                                                      07/12/2025  08:11:01  PAGE 57


  -------         MODULE        ?C?LSTXDATA
  C:04B5H         PUBLIC        ?C?LSTXDATA
  -------         ENDMOD        ?C?LSTXDATA

  -------         MODULE        ?C?LSTKXDATA
  C:04C1H         PUBLIC        ?C?LSTKXDATA
  -------         ENDMOD        ?C?LSTKXDATA

  -------         MODULE        ?C?CCASE
  C:04F2H         PUBLIC        ?C?CCASE
  -------         ENDMOD        ?C?CCASE

  -------         MODULE        ?C?LLDIDATA
  C:0518H         PUBLIC        ?C?LLDIDATA
  -------         ENDMOD        ?C?LLDIDATA

  -------         MODULE        ?C?LLDPDATA
  C:0524H         PUBLIC        ?C?LLDPDATA
  -------         ENDMOD        ?C?LLDPDATA

  -------         MODULE        ?C?LLDCODE
  C:0530H         PUBLIC        ?C?LLDCODE
  -------         ENDMOD        ?C?LLDCODE

  -------         MODULE        ?C?LSTIDATA
  C:0540H         PUBLIC        ?C?LSTIDATA
  -------         ENDMOD        ?C?LSTIDATA

  -------         MODULE        ?C?LSTPDATA
  C:054CH         PUBLIC        ?C?LSTPDATA
  -------         ENDMOD        ?C?LSTPDATA

*** WARNING L16: UNCALLED SEGMENT, IGNORED FOR OVERLAY PROCESS
    SEGMENT: ?C_INITSEG

*** WARNING L16: UNCALLED SEGMENT, IGNORED FOR OVERLAY PROCESS
    SEGMENT: ?PR?WRITETOTALFLOW?EEPROM

*** WARNING L16: UNCALLED SEGMENT, IGNORED FOR OVERLAY PROCESS
    SEGMENT: ?PR?LVR_DISABLE?LVI_LVR

Program Size: data=97.3 xdata=290 code=10370
LINK/LOCATE RUN COMPLETE.  3 WARNING(S),  0 ERROR(S)
