<!doctype html public "-//w3c//dtd html 4.0 transitional//en">
<html><head>
<title>Static Call Graph - [..\Output\Ddps.axf]</title></head>
<body><HR>
<H1>Static Call Graph for image ..\Output\Ddps.axf</H1><HR>
<BR><P>#&#060CALLGRAPH&#062# ARM Linker, 5060422: Last Updated: Wed Jul 09 17:38:52 2025
<BR><P>
<H3>Maximum Stack Usage =         56 bytes + Unknown(Functions without stacksize, Cycles, Untraceable Function Pointers)</H3><H3>
Call chain for Maximum Stack Depth:</H3>
TMR2_IRQHandler &rArr; TMR2Isr &rArr; t10ms_isr &rArr; DIV_LED_Control &rArr; DIV_LED_TURN &rArr; HAL_LED_Toggle
<P>
<H3>
Functions with no stack information
</H3><UL>
 <LI><a href="#[45]">__user_initial_stackheap</a>
</UL>
</UL>
<P>
<H3>
Mutually Recursive functions
</H3> <LI><a href="#[31]">CEC_IRQHandler</a>&nbsp;&nbsp;&nbsp;&rArr;&nbsp;&nbsp;&nbsp;<a href="#[31]">CEC_IRQHandler</a><BR>
</UL>
<P>
<H3>
Function Pointers
</H3><UL>
 <LI><a href="#[21]">ADC1_COMP_IRQHandler</a> from apm32f0xx_int.o(i.ADC1_COMP_IRQHandler) referenced from startup_apm32f051.o(RESET)
 <LI><a href="#[31]">CEC_IRQHandler</a> from startup_apm32f051.o(.text) referenced from startup_apm32f051.o(RESET)
 <LI><a href="#[1e]">DMA1_CH1_IRQHandler</a> from startup_apm32f051.o(.text) referenced from startup_apm32f051.o(RESET)
 <LI><a href="#[1f]">DMA1_CH2_3_IRQHandler</a> from startup_apm32f051.o(.text) referenced from startup_apm32f051.o(RESET)
 <LI><a href="#[20]">DMA1_CH4_5_IRQHandler</a> from startup_apm32f051.o(.text) referenced from startup_apm32f051.o(RESET)
 <LI><a href="#[1a]">EINT0_1_IRQHandler</a> from startup_apm32f051.o(.text) referenced from startup_apm32f051.o(RESET)
 <LI><a href="#[1b]">EINT2_3_IRQHandler</a> from startup_apm32f051.o(.text) referenced from startup_apm32f051.o(RESET)
 <LI><a href="#[1c]">EINT4_15_IRQHandler</a> from startup_apm32f051.o(.text) referenced from startup_apm32f051.o(RESET)
 <LI><a href="#[18]">FLASH_IRQHandler</a> from startup_apm32f051.o(.text) referenced from startup_apm32f051.o(RESET)
 <LI><a href="#[11]">HardFault_Handler</a> from apm32f0xx_int.o(i.HardFault_Handler) referenced from startup_apm32f051.o(RESET)
 <LI><a href="#[2b]">I2C1_IRQHandler</a> from startup_apm32f051.o(.text) referenced from startup_apm32f051.o(RESET)
 <LI><a href="#[2c]">I2C2_IRQHandler</a> from startup_apm32f051.o(.text) referenced from startup_apm32f051.o(RESET)
 <LI><a href="#[10]">NMI_Handler</a> from apm32f0xx_int.o(i.NMI_Handler) referenced from startup_apm32f051.o(RESET)
 <LI><a href="#[16]">PVD_IRQHandler</a> from startup_apm32f051.o(.text) referenced from startup_apm32f051.o(RESET)
 <LI><a href="#[13]">PendSV_Handler</a> from apm32f0xx_int.o(i.PendSV_Handler) referenced from startup_apm32f051.o(RESET)
 <LI><a href="#[19]">RCM_IRQHandler</a> from startup_apm32f051.o(.text) referenced from startup_apm32f051.o(RESET)
 <LI><a href="#[17]">RTC_IRQHandler</a> from startup_apm32f051.o(.text) referenced from startup_apm32f051.o(RESET)
 <LI><a href="#[f]">Reset_Handler</a> from startup_apm32f051.o(.text) referenced from startup_apm32f051.o(RESET)
 <LI><a href="#[2d]">SPI1_IRQHandler</a> from startup_apm32f051.o(.text) referenced from startup_apm32f051.o(RESET)
 <LI><a href="#[2e]">SPI2_IRQHandler</a> from startup_apm32f051.o(.text) referenced from startup_apm32f051.o(RESET)
 <LI><a href="#[12]">SVC_Handler</a> from apm32f0xx_int.o(i.SVC_Handler) referenced from startup_apm32f051.o(RESET)
 <LI><a href="#[14]">SysTick_Handler</a> from apm32f0xx_int.o(i.SysTick_Handler) referenced from startup_apm32f051.o(RESET)
 <LI><a href="#[32]">SystemInit</a> from system_apm32f0xx.o(i.SystemInit) referenced from startup_apm32f051.o(.text)
 <LI><a href="#[27]">TMR14_IRQHandler</a> from apm32f0xx_int.o(i.TMR14_IRQHandler) referenced from startup_apm32f051.o(RESET)
 <LI><a href="#[28]">TMR15_IRQHandler</a> from startup_apm32f051.o(.text) referenced from startup_apm32f051.o(RESET)
 <LI><a href="#[29]">TMR16_IRQHandler</a> from startup_apm32f051.o(.text) referenced from startup_apm32f051.o(RESET)
 <LI><a href="#[2a]">TMR17_IRQHandler</a> from startup_apm32f051.o(.text) referenced from startup_apm32f051.o(RESET)
 <LI><a href="#[22]">TMR1_BRK_UP_TRG_COM_IRQHandler</a> from startup_apm32f051.o(.text) referenced from startup_apm32f051.o(RESET)
 <LI><a href="#[23]">TMR1_CC_IRQHandler</a> from startup_apm32f051.o(.text) referenced from startup_apm32f051.o(RESET)
 <LI><a href="#[24]">TMR2_IRQHandler</a> from user_tmr_hal.o(i.TMR2_IRQHandler) referenced from startup_apm32f051.o(RESET)
 <LI><a href="#[25]">TMR3_IRQHandler</a> from startup_apm32f051.o(.text) referenced from startup_apm32f051.o(RESET)
 <LI><a href="#[26]">TMR6_DAC_IRQHandler</a> from startup_apm32f051.o(.text) referenced from startup_apm32f051.o(RESET)
 <LI><a href="#[1d]">TSC_IRQHandler</a> from startup_apm32f051.o(.text) referenced from startup_apm32f051.o(RESET)
 <LI><a href="#[2f]">USART1_IRQHandler</a> from startup_apm32f051.o(.text) referenced from startup_apm32f051.o(RESET)
 <LI><a href="#[30]">USART2_IRQHandler</a> from startup_apm32f051.o(.text) referenced from startup_apm32f051.o(RESET)
 <LI><a href="#[15]">WWDT_IRQHandler</a> from startup_apm32f051.o(.text) referenced from startup_apm32f051.o(RESET)
 <LI><a href="#[34]">__main</a> from __main.o(!!!main) referenced from startup_apm32f051.o(.text)
</UL>
<P>
<H3>
Global Symbols
</H3>
<P><STRONG><a name="[34]"></a>__main</STRONG> (Thumb, 8 bytes, Stack size 0 bytes, __main.o(!!!main))
<BR><BR>[Calls]<UL><LI><a href="#[36]">&gt;&gt;</a>&nbsp;&nbsp;&nbsp;__rt_entry
<LI><a href="#[35]">&gt;&gt;</a>&nbsp;&nbsp;&nbsp;__scatterload
</UL>

<P><STRONG><a name="[35]"></a>__scatterload</STRONG> (Thumb, 0 bytes, Stack size unknown bytes, __scatter.o(!!!scatter))
<BR><BR>[Called By]<UL><LI><a href="#[34]">&gt;&gt;</a>&nbsp;&nbsp;&nbsp;__main
</UL>

<P><STRONG><a name="[37]"></a>__scatterload_rt2</STRONG> (Thumb, 52 bytes, Stack size unknown bytes, __scatter.o(!!!scatter), UNUSED)
<BR><BR>[Calls]<UL><LI><a href="#[36]">&gt;&gt;</a>&nbsp;&nbsp;&nbsp;__rt_entry
</UL>

<P><STRONG><a name="[7c]"></a>__scatterload_rt2_thumb_only</STRONG> (Thumb, 0 bytes, Stack size unknown bytes, __scatter.o(!!!scatter), UNUSED)

<P><STRONG><a name="[7d]"></a>__scatterload_null</STRONG> (Thumb, 0 bytes, Stack size unknown bytes, __scatter.o(!!!scatter), UNUSED)

<P><STRONG><a name="[38]"></a>__scatterload_copy</STRONG> (Thumb, 26 bytes, Stack size unknown bytes, __scatter_copy.o(!!handler_copy), UNUSED)
<BR><BR>[Calls]<UL><LI><a href="#[38]">&gt;&gt;</a>&nbsp;&nbsp;&nbsp;__scatterload_copy
</UL>
<BR>[Called By]<UL><LI><a href="#[38]">&gt;&gt;</a>&nbsp;&nbsp;&nbsp;__scatterload_copy
</UL>

<P><STRONG><a name="[7e]"></a>__scatterload_zeroinit</STRONG> (Thumb, 28 bytes, Stack size unknown bytes, __scatter_zi.o(!!handler_zi), UNUSED)

<P><STRONG><a name="[3c]"></a>__rt_lib_init</STRONG> (Thumb, 0 bytes, Stack size unknown bytes, libinit.o(.ARM.Collect$$libinit$$00000000))
<BR><BR>[Called By]<UL><LI><a href="#[3b]">&gt;&gt;</a>&nbsp;&nbsp;&nbsp;__rt_entry_li
</UL>

<P><STRONG><a name="[7f]"></a>__rt_lib_init_alloca_1</STRONG> (Thumb, 0 bytes, Stack size unknown bytes, libinit2.o(.ARM.Collect$$libinit$$0000002E))

<P><STRONG><a name="[80]"></a>__rt_lib_init_argv_1</STRONG> (Thumb, 0 bytes, Stack size unknown bytes, libinit2.o(.ARM.Collect$$libinit$$0000002C))

<P><STRONG><a name="[81]"></a>__rt_lib_init_atexit_1</STRONG> (Thumb, 0 bytes, Stack size unknown bytes, libinit2.o(.ARM.Collect$$libinit$$0000001B))

<P><STRONG><a name="[82]"></a>__rt_lib_init_clock_1</STRONG> (Thumb, 0 bytes, Stack size unknown bytes, libinit2.o(.ARM.Collect$$libinit$$00000021))

<P><STRONG><a name="[83]"></a>__rt_lib_init_cpp_1</STRONG> (Thumb, 0 bytes, Stack size unknown bytes, libinit2.o(.ARM.Collect$$libinit$$00000032))

<P><STRONG><a name="[84]"></a>__rt_lib_init_exceptions_1</STRONG> (Thumb, 0 bytes, Stack size unknown bytes, libinit2.o(.ARM.Collect$$libinit$$00000030))

<P><STRONG><a name="[85]"></a>__rt_lib_init_fp_1</STRONG> (Thumb, 0 bytes, Stack size unknown bytes, libinit2.o(.ARM.Collect$$libinit$$00000002))

<P><STRONG><a name="[86]"></a>__rt_lib_init_fp_trap_1</STRONG> (Thumb, 0 bytes, Stack size unknown bytes, libinit2.o(.ARM.Collect$$libinit$$0000001F))

<P><STRONG><a name="[87]"></a>__rt_lib_init_getenv_1</STRONG> (Thumb, 0 bytes, Stack size unknown bytes, libinit2.o(.ARM.Collect$$libinit$$00000023))

<P><STRONG><a name="[88]"></a>__rt_lib_init_heap_1</STRONG> (Thumb, 0 bytes, Stack size unknown bytes, libinit2.o(.ARM.Collect$$libinit$$0000000A))

<P><STRONG><a name="[89]"></a>__rt_lib_init_lc_collate_1</STRONG> (Thumb, 0 bytes, Stack size unknown bytes, libinit2.o(.ARM.Collect$$libinit$$00000011))

<P><STRONG><a name="[8a]"></a>__rt_lib_init_lc_ctype_1</STRONG> (Thumb, 0 bytes, Stack size unknown bytes, libinit2.o(.ARM.Collect$$libinit$$00000013))

<P><STRONG><a name="[8b]"></a>__rt_lib_init_lc_monetary_1</STRONG> (Thumb, 0 bytes, Stack size unknown bytes, libinit2.o(.ARM.Collect$$libinit$$00000015))

<P><STRONG><a name="[8c]"></a>__rt_lib_init_lc_numeric_1</STRONG> (Thumb, 0 bytes, Stack size unknown bytes, libinit2.o(.ARM.Collect$$libinit$$00000017))

<P><STRONG><a name="[8d]"></a>__rt_lib_init_lc_time_1</STRONG> (Thumb, 0 bytes, Stack size unknown bytes, libinit2.o(.ARM.Collect$$libinit$$00000019))

<P><STRONG><a name="[8e]"></a>__rt_lib_init_preinit_1</STRONG> (Thumb, 0 bytes, Stack size unknown bytes, libinit2.o(.ARM.Collect$$libinit$$00000004))

<P><STRONG><a name="[8f]"></a>__rt_lib_init_rand_1</STRONG> (Thumb, 0 bytes, Stack size unknown bytes, libinit2.o(.ARM.Collect$$libinit$$0000000E))

<P><STRONG><a name="[90]"></a>__rt_lib_init_return</STRONG> (Thumb, 0 bytes, Stack size unknown bytes, libinit2.o(.ARM.Collect$$libinit$$00000033))

<P><STRONG><a name="[91]"></a>__rt_lib_init_signal_1</STRONG> (Thumb, 0 bytes, Stack size unknown bytes, libinit2.o(.ARM.Collect$$libinit$$0000001D))

<P><STRONG><a name="[92]"></a>__rt_lib_init_stdio_1</STRONG> (Thumb, 0 bytes, Stack size unknown bytes, libinit2.o(.ARM.Collect$$libinit$$00000025))

<P><STRONG><a name="[93]"></a>__rt_lib_init_user_alloc_1</STRONG> (Thumb, 0 bytes, Stack size unknown bytes, libinit2.o(.ARM.Collect$$libinit$$0000000C))

<P><STRONG><a name="[41]"></a>__rt_lib_shutdown</STRONG> (Thumb, 0 bytes, Stack size unknown bytes, libshutdown.o(.ARM.Collect$$libshutdown$$00000000))
<BR><BR>[Called By]<UL><LI><a href="#[40]">&gt;&gt;</a>&nbsp;&nbsp;&nbsp;__rt_exit_ls
</UL>

<P><STRONG><a name="[94]"></a>__rt_lib_shutdown_cpp_1</STRONG> (Thumb, 0 bytes, Stack size unknown bytes, libshutdown2.o(.ARM.Collect$$libshutdown$$00000002))

<P><STRONG><a name="[95]"></a>__rt_lib_shutdown_fp_trap_1</STRONG> (Thumb, 0 bytes, Stack size unknown bytes, libshutdown2.o(.ARM.Collect$$libshutdown$$00000007))

<P><STRONG><a name="[96]"></a>__rt_lib_shutdown_heap_1</STRONG> (Thumb, 0 bytes, Stack size unknown bytes, libshutdown2.o(.ARM.Collect$$libshutdown$$0000000F))

<P><STRONG><a name="[97]"></a>__rt_lib_shutdown_return</STRONG> (Thumb, 0 bytes, Stack size unknown bytes, libshutdown2.o(.ARM.Collect$$libshutdown$$00000010))

<P><STRONG><a name="[98]"></a>__rt_lib_shutdown_signal_1</STRONG> (Thumb, 0 bytes, Stack size unknown bytes, libshutdown2.o(.ARM.Collect$$libshutdown$$0000000A))

<P><STRONG><a name="[99]"></a>__rt_lib_shutdown_stdio_1</STRONG> (Thumb, 0 bytes, Stack size unknown bytes, libshutdown2.o(.ARM.Collect$$libshutdown$$00000004))

<P><STRONG><a name="[9a]"></a>__rt_lib_shutdown_user_alloc_1</STRONG> (Thumb, 0 bytes, Stack size unknown bytes, libshutdown2.o(.ARM.Collect$$libshutdown$$0000000C))

<P><STRONG><a name="[36]"></a>__rt_entry</STRONG> (Thumb, 0 bytes, Stack size unknown bytes, __rtentry.o(.ARM.Collect$$rtentry$$00000000))
<BR><BR>[Called By]<UL><LI><a href="#[34]">&gt;&gt;</a>&nbsp;&nbsp;&nbsp;__main
<LI><a href="#[37]">&gt;&gt;</a>&nbsp;&nbsp;&nbsp;__scatterload_rt2
</UL>

<P><STRONG><a name="[9b]"></a>__rt_entry_presh_1</STRONG> (Thumb, 0 bytes, Stack size unknown bytes, __rtentry2.o(.ARM.Collect$$rtentry$$00000002))

<P><STRONG><a name="[39]"></a>__rt_entry_sh</STRONG> (Thumb, 0 bytes, Stack size unknown bytes, __rtentry4.o(.ARM.Collect$$rtentry$$00000004))
<BR><BR>[Stack]<UL><LI>Max Depth = 8 + Unknown Stack Size
<LI>Call Chain = __rt_entry_sh &rArr; __user_setup_stackheap
</UL>
<BR>[Calls]<UL><LI><a href="#[3a]">&gt;&gt;</a>&nbsp;&nbsp;&nbsp;__user_setup_stackheap
</UL>

<P><STRONG><a name="[3b]"></a>__rt_entry_li</STRONG> (Thumb, 0 bytes, Stack size unknown bytes, __rtentry2.o(.ARM.Collect$$rtentry$$0000000A))
<BR><BR>[Calls]<UL><LI><a href="#[3c]">&gt;&gt;</a>&nbsp;&nbsp;&nbsp;__rt_lib_init
</UL>

<P><STRONG><a name="[9c]"></a>__rt_entry_postsh_1</STRONG> (Thumb, 0 bytes, Stack size unknown bytes, __rtentry2.o(.ARM.Collect$$rtentry$$00000009))

<P><STRONG><a name="[3d]"></a>__rt_entry_main</STRONG> (Thumb, 0 bytes, Stack size unknown bytes, __rtentry2.o(.ARM.Collect$$rtentry$$0000000D))
<BR><BR>[Stack]<UL><LI>Max Depth = 56 + Unknown Stack Size
<LI>Call Chain = __rt_entry_main &rArr; main &rArr; APM_EVAL_Init &rArr; HAL_ADC_Init &rArr; NVIC_EnableIRQRequest &rArr; NVIC_SetPriority
</UL>
<BR>[Calls]<UL><LI><a href="#[3f]">&gt;&gt;</a>&nbsp;&nbsp;&nbsp;exit
<LI><a href="#[3e]">&gt;&gt;</a>&nbsp;&nbsp;&nbsp;main
</UL>

<P><STRONG><a name="[9d]"></a>__rt_entry_postli_1</STRONG> (Thumb, 0 bytes, Stack size unknown bytes, __rtentry2.o(.ARM.Collect$$rtentry$$0000000C))

<P><STRONG><a name="[47]"></a>__rt_exit</STRONG> (Thumb, 0 bytes, Stack size unknown bytes, rtexit.o(.ARM.Collect$$rtexit$$00000000))
<BR><BR>[Called By]<UL><LI><a href="#[3f]">&gt;&gt;</a>&nbsp;&nbsp;&nbsp;exit
</UL>

<P><STRONG><a name="[40]"></a>__rt_exit_ls</STRONG> (Thumb, 0 bytes, Stack size unknown bytes, rtexit2.o(.ARM.Collect$$rtexit$$00000003))
<BR><BR>[Calls]<UL><LI><a href="#[41]">&gt;&gt;</a>&nbsp;&nbsp;&nbsp;__rt_lib_shutdown
</UL>

<P><STRONG><a name="[9e]"></a>__rt_exit_prels_1</STRONG> (Thumb, 0 bytes, Stack size unknown bytes, rtexit2.o(.ARM.Collect$$rtexit$$00000002))

<P><STRONG><a name="[42]"></a>__rt_exit_exit</STRONG> (Thumb, 0 bytes, Stack size unknown bytes, rtexit2.o(.ARM.Collect$$rtexit$$00000004))
<BR><BR>[Calls]<UL><LI><a href="#[43]">&gt;&gt;</a>&nbsp;&nbsp;&nbsp;_sys_exit
</UL>

<P><STRONG><a name="[f]"></a>Reset_Handler</STRONG> (Thumb, 8 bytes, Stack size 0 bytes, startup_apm32f051.o(.text))
<BR>[Address Reference Count : 1]<UL><LI> startup_apm32f051.o(RESET)
</UL>
<P><STRONG><a name="[31]"></a>CEC_IRQHandler</STRONG> (Thumb, 0 bytes, Stack size 0 bytes, startup_apm32f051.o(.text))
<BR><BR>[Calls]<UL><LI><a href="#[31]">&gt;&gt;</a>&nbsp;&nbsp;&nbsp;CEC_IRQHandler
</UL>
<BR>[Called By]<UL><LI><a href="#[31]">&gt;&gt;</a>&nbsp;&nbsp;&nbsp;CEC_IRQHandler
</UL>
<BR>[Address Reference Count : 1]<UL><LI> startup_apm32f051.o(RESET)
</UL>
<P><STRONG><a name="[1e]"></a>DMA1_CH1_IRQHandler</STRONG> (Thumb, 0 bytes, Stack size 0 bytes, startup_apm32f051.o(.text))
<BR>[Address Reference Count : 1]<UL><LI> startup_apm32f051.o(RESET)
</UL>
<P><STRONG><a name="[1f]"></a>DMA1_CH2_3_IRQHandler</STRONG> (Thumb, 0 bytes, Stack size 0 bytes, startup_apm32f051.o(.text))
<BR>[Address Reference Count : 1]<UL><LI> startup_apm32f051.o(RESET)
</UL>
<P><STRONG><a name="[20]"></a>DMA1_CH4_5_IRQHandler</STRONG> (Thumb, 0 bytes, Stack size 0 bytes, startup_apm32f051.o(.text))
<BR>[Address Reference Count : 1]<UL><LI> startup_apm32f051.o(RESET)
</UL>
<P><STRONG><a name="[1a]"></a>EINT0_1_IRQHandler</STRONG> (Thumb, 0 bytes, Stack size 0 bytes, startup_apm32f051.o(.text))
<BR>[Address Reference Count : 1]<UL><LI> startup_apm32f051.o(RESET)
</UL>
<P><STRONG><a name="[1b]"></a>EINT2_3_IRQHandler</STRONG> (Thumb, 0 bytes, Stack size 0 bytes, startup_apm32f051.o(.text))
<BR>[Address Reference Count : 1]<UL><LI> startup_apm32f051.o(RESET)
</UL>
<P><STRONG><a name="[1c]"></a>EINT4_15_IRQHandler</STRONG> (Thumb, 0 bytes, Stack size 0 bytes, startup_apm32f051.o(.text))
<BR>[Address Reference Count : 1]<UL><LI> startup_apm32f051.o(RESET)
</UL>
<P><STRONG><a name="[18]"></a>FLASH_IRQHandler</STRONG> (Thumb, 0 bytes, Stack size 0 bytes, startup_apm32f051.o(.text))
<BR>[Address Reference Count : 1]<UL><LI> startup_apm32f051.o(RESET)
</UL>
<P><STRONG><a name="[2b]"></a>I2C1_IRQHandler</STRONG> (Thumb, 0 bytes, Stack size 0 bytes, startup_apm32f051.o(.text))
<BR>[Address Reference Count : 1]<UL><LI> startup_apm32f051.o(RESET)
</UL>
<P><STRONG><a name="[2c]"></a>I2C2_IRQHandler</STRONG> (Thumb, 0 bytes, Stack size 0 bytes, startup_apm32f051.o(.text))
<BR>[Address Reference Count : 1]<UL><LI> startup_apm32f051.o(RESET)
</UL>
<P><STRONG><a name="[16]"></a>PVD_IRQHandler</STRONG> (Thumb, 0 bytes, Stack size 0 bytes, startup_apm32f051.o(.text))
<BR>[Address Reference Count : 1]<UL><LI> startup_apm32f051.o(RESET)
</UL>
<P><STRONG><a name="[19]"></a>RCM_IRQHandler</STRONG> (Thumb, 0 bytes, Stack size 0 bytes, startup_apm32f051.o(.text))
<BR>[Address Reference Count : 1]<UL><LI> startup_apm32f051.o(RESET)
</UL>
<P><STRONG><a name="[17]"></a>RTC_IRQHandler</STRONG> (Thumb, 0 bytes, Stack size 0 bytes, startup_apm32f051.o(.text))
<BR>[Address Reference Count : 1]<UL><LI> startup_apm32f051.o(RESET)
</UL>
<P><STRONG><a name="[2d]"></a>SPI1_IRQHandler</STRONG> (Thumb, 0 bytes, Stack size 0 bytes, startup_apm32f051.o(.text))
<BR>[Address Reference Count : 1]<UL><LI> startup_apm32f051.o(RESET)
</UL>
<P><STRONG><a name="[2e]"></a>SPI2_IRQHandler</STRONG> (Thumb, 0 bytes, Stack size 0 bytes, startup_apm32f051.o(.text))
<BR>[Address Reference Count : 1]<UL><LI> startup_apm32f051.o(RESET)
</UL>
<P><STRONG><a name="[28]"></a>TMR15_IRQHandler</STRONG> (Thumb, 0 bytes, Stack size 0 bytes, startup_apm32f051.o(.text))
<BR>[Address Reference Count : 1]<UL><LI> startup_apm32f051.o(RESET)
</UL>
<P><STRONG><a name="[29]"></a>TMR16_IRQHandler</STRONG> (Thumb, 0 bytes, Stack size 0 bytes, startup_apm32f051.o(.text))
<BR>[Address Reference Count : 1]<UL><LI> startup_apm32f051.o(RESET)
</UL>
<P><STRONG><a name="[2a]"></a>TMR17_IRQHandler</STRONG> (Thumb, 0 bytes, Stack size 0 bytes, startup_apm32f051.o(.text))
<BR>[Address Reference Count : 1]<UL><LI> startup_apm32f051.o(RESET)
</UL>
<P><STRONG><a name="[22]"></a>TMR1_BRK_UP_TRG_COM_IRQHandler</STRONG> (Thumb, 0 bytes, Stack size 0 bytes, startup_apm32f051.o(.text))
<BR>[Address Reference Count : 1]<UL><LI> startup_apm32f051.o(RESET)
</UL>
<P><STRONG><a name="[23]"></a>TMR1_CC_IRQHandler</STRONG> (Thumb, 0 bytes, Stack size 0 bytes, startup_apm32f051.o(.text))
<BR>[Address Reference Count : 1]<UL><LI> startup_apm32f051.o(RESET)
</UL>
<P><STRONG><a name="[25]"></a>TMR3_IRQHandler</STRONG> (Thumb, 0 bytes, Stack size 0 bytes, startup_apm32f051.o(.text))
<BR>[Address Reference Count : 1]<UL><LI> startup_apm32f051.o(RESET)
</UL>
<P><STRONG><a name="[26]"></a>TMR6_DAC_IRQHandler</STRONG> (Thumb, 0 bytes, Stack size 0 bytes, startup_apm32f051.o(.text))
<BR>[Address Reference Count : 1]<UL><LI> startup_apm32f051.o(RESET)
</UL>
<P><STRONG><a name="[1d]"></a>TSC_IRQHandler</STRONG> (Thumb, 0 bytes, Stack size 0 bytes, startup_apm32f051.o(.text))
<BR>[Address Reference Count : 1]<UL><LI> startup_apm32f051.o(RESET)
</UL>
<P><STRONG><a name="[2f]"></a>USART1_IRQHandler</STRONG> (Thumb, 0 bytes, Stack size 0 bytes, startup_apm32f051.o(.text))
<BR>[Address Reference Count : 1]<UL><LI> startup_apm32f051.o(RESET)
</UL>
<P><STRONG><a name="[30]"></a>USART2_IRQHandler</STRONG> (Thumb, 0 bytes, Stack size 0 bytes, startup_apm32f051.o(.text))
<BR>[Address Reference Count : 1]<UL><LI> startup_apm32f051.o(RESET)
</UL>
<P><STRONG><a name="[15]"></a>WWDT_IRQHandler</STRONG> (Thumb, 0 bytes, Stack size 0 bytes, startup_apm32f051.o(.text))
<BR>[Address Reference Count : 1]<UL><LI> startup_apm32f051.o(RESET)
</UL>
<P><STRONG><a name="[45]"></a>__user_initial_stackheap</STRONG> (Thumb, 0 bytes, Stack size unknown bytes, startup_apm32f051.o(.text))
<BR><BR>[Called By]<UL><LI><a href="#[3a]">&gt;&gt;</a>&nbsp;&nbsp;&nbsp;__user_setup_stackheap
</UL>

<P><STRONG><a name="[9f]"></a>__aeabi_uidiv</STRONG> (Thumb, 0 bytes, Stack size 0 bytes, aeabi_sdiv.o(.text), UNUSED)

<P><STRONG><a name="[4c]"></a>__aeabi_uidivmod</STRONG> (Thumb, 20 bytes, Stack size 0 bytes, aeabi_sdiv.o(.text))
<BR><BR>[Called By]<UL><LI><a href="#[48]">&gt;&gt;</a>&nbsp;&nbsp;&nbsp;ADC_Isr
<LI><a href="#[50]">&gt;&gt;</a>&nbsp;&nbsp;&nbsp;APM_EVAL_DelayInit
</UL>

<P><STRONG><a name="[a0]"></a>__aeabi_idiv</STRONG> (Thumb, 0 bytes, Stack size 8 bytes, aeabi_sdiv.o(.text), UNUSED)

<P><STRONG><a name="[a1]"></a>__aeabi_idivmod</STRONG> (Thumb, 326 bytes, Stack size 8 bytes, aeabi_sdiv.o(.text), UNUSED)

<P><STRONG><a name="[a2]"></a>__use_two_region_memory</STRONG> (Thumb, 2 bytes, Stack size 0 bytes, heapauxi.o(.text), UNUSED)

<P><STRONG><a name="[9]"></a>__rt_heap_escrow</STRONG> (Thumb, 2 bytes, Stack size 0 bytes, heapauxi.o(.text), UNUSED)

<P><STRONG><a name="[8]"></a>__rt_heap_expand</STRONG> (Thumb, 2 bytes, Stack size 0 bytes, heapauxi.o(.text), UNUSED)

<P><STRONG><a name="[3a]"></a>__user_setup_stackheap</STRONG> (Thumb, 62 bytes, Stack size 8 bytes, sys_stackheap_outer.o(.text))
<BR><BR>[Stack]<UL><LI>Max Depth = 8 + Unknown Stack Size
<LI>Call Chain = __user_setup_stackheap
</UL>
<BR>[Calls]<UL><LI><a href="#[45]">&gt;&gt;</a>&nbsp;&nbsp;&nbsp;__user_initial_stackheap
<LI><a href="#[44]">&gt;&gt;</a>&nbsp;&nbsp;&nbsp;__user_perproc_libspace
</UL>
<BR>[Called By]<UL><LI><a href="#[39]">&gt;&gt;</a>&nbsp;&nbsp;&nbsp;__rt_entry_sh
</UL>

<P><STRONG><a name="[3f]"></a>exit</STRONG> (Thumb, 16 bytes, Stack size 8 bytes, exit.o(.text))
<BR><BR>[Stack]<UL><LI>Max Depth = 8 + Unknown Stack Size
<LI>Call Chain = exit
</UL>
<BR>[Calls]<UL><LI><a href="#[46]">&gt;&gt;</a>&nbsp;&nbsp;&nbsp;_call_atexit_fns (Weak Reference)
<LI><a href="#[47]">&gt;&gt;</a>&nbsp;&nbsp;&nbsp;__rt_exit
</UL>
<BR>[Called By]<UL><LI><a href="#[3d]">&gt;&gt;</a>&nbsp;&nbsp;&nbsp;__rt_entry_main
</UL>

<P><STRONG><a name="[a3]"></a>__user_libspace</STRONG> (Thumb, 8 bytes, Stack size 0 bytes, libspace.o(.text), UNUSED)

<P><STRONG><a name="[44]"></a>__user_perproc_libspace</STRONG> (Thumb, 0 bytes, Stack size 0 bytes, libspace.o(.text))
<BR><BR>[Called By]<UL><LI><a href="#[3a]">&gt;&gt;</a>&nbsp;&nbsp;&nbsp;__user_setup_stackheap
</UL>

<P><STRONG><a name="[a4]"></a>__user_perthread_libspace</STRONG> (Thumb, 0 bytes, Stack size 0 bytes, libspace.o(.text), UNUSED)

<P><STRONG><a name="[a5]"></a>__I$use$semihosting</STRONG> (Thumb, 0 bytes, Stack size 0 bytes, use_no_semi.o(.text), UNUSED)

<P><STRONG><a name="[a6]"></a>__use_no_semihosting_swi</STRONG> (Thumb, 2 bytes, Stack size 0 bytes, use_no_semi.o(.text), UNUSED)

<P><STRONG><a name="[a7]"></a>__semihosting_library_function</STRONG> (Thumb, 0 bytes, Stack size unknown bytes, indicate_semi.o(.text), UNUSED)

<P><STRONG><a name="[43]"></a>_sys_exit</STRONG> (Thumb, 8 bytes, Stack size 0 bytes, sys_exit.o(.text))
<BR><BR>[Called By]<UL><LI><a href="#[42]">&gt;&gt;</a>&nbsp;&nbsp;&nbsp;__rt_exit_exit
</UL>

<P><STRONG><a name="[21]"></a>ADC1_COMP_IRQHandler</STRONG> (Thumb, 8 bytes, Stack size 8 bytes, apm32f0xx_int.o(i.ADC1_COMP_IRQHandler))
<BR><BR>[Stack]<UL><LI>Max Depth = 24<LI>Call Chain = ADC1_COMP_IRQHandler &rArr; ADC_Isr &rArr; ADC_ReadIntFlag
</UL>
<BR>[Calls]<UL><LI><a href="#[48]">&gt;&gt;</a>&nbsp;&nbsp;&nbsp;ADC_Isr
</UL>
<BR>[Address Reference Count : 1]<UL><LI> startup_apm32f051.o(RESET)
</UL>
<P><STRONG><a name="[4a]"></a>ADC_ClearIntFlag</STRONG> (Thumb, 6 bytes, Stack size 0 bytes, apm32f0xx_adc.o(i.ADC_ClearIntFlag))
<BR><BR>[Called By]<UL><LI><a href="#[48]">&gt;&gt;</a>&nbsp;&nbsp;&nbsp;ADC_Isr
</UL>

<P><STRONG><a name="[65]"></a>ADC_Config</STRONG> (Thumb, 142 bytes, Stack size 0 bytes, apm32f0xx_adc.o(i.ADC_Config))
<BR><BR>[Called By]<UL><LI><a href="#[57]">&gt;&gt;</a>&nbsp;&nbsp;&nbsp;HAL_ADC_Init
</UL>

<P><STRONG><a name="[66]"></a>ADC_ConfigChannel</STRONG> (Thumb, 20 bytes, Stack size 0 bytes, apm32f0xx_adc.o(i.ADC_ConfigChannel))
<BR><BR>[Called By]<UL><LI><a href="#[57]">&gt;&gt;</a>&nbsp;&nbsp;&nbsp;HAL_ADC_Init
</UL>

<P><STRONG><a name="[64]"></a>ADC_ConfigStructInit</STRONG> (Thumb, 16 bytes, Stack size 0 bytes, apm32f0xx_adc.o(i.ADC_ConfigStructInit))
<BR><BR>[Called By]<UL><LI><a href="#[57]">&gt;&gt;</a>&nbsp;&nbsp;&nbsp;HAL_ADC_Init
</UL>

<P><STRONG><a name="[6a]"></a>ADC_Enable</STRONG> (Thumb, 16 bytes, Stack size 0 bytes, apm32f0xx_adc.o(i.ADC_Enable))
<BR><BR>[Called By]<UL><LI><a href="#[57]">&gt;&gt;</a>&nbsp;&nbsp;&nbsp;HAL_ADC_Init
</UL>

<P><STRONG><a name="[68]"></a>ADC_EnableInterrupt</STRONG> (Thumb, 12 bytes, Stack size 0 bytes, apm32f0xx_adc.o(i.ADC_EnableInterrupt))
<BR><BR>[Called By]<UL><LI><a href="#[57]">&gt;&gt;</a>&nbsp;&nbsp;&nbsp;HAL_ADC_Init
</UL>

<P><STRONG><a name="[48]"></a>ADC_Isr</STRONG> (Thumb, 46 bytes, Stack size 8 bytes, user_adc_hal.o(i.ADC_Isr))
<BR><BR>[Stack]<UL><LI>Max Depth = 16<LI>Call Chain = ADC_Isr &rArr; ADC_ReadIntFlag
</UL>
<BR>[Calls]<UL><LI><a href="#[49]">&gt;&gt;</a>&nbsp;&nbsp;&nbsp;ADC_ReadIntFlag
<LI><a href="#[4b]">&gt;&gt;</a>&nbsp;&nbsp;&nbsp;ADC_ReadConversionValue
<LI><a href="#[4a]">&gt;&gt;</a>&nbsp;&nbsp;&nbsp;ADC_ClearIntFlag
<LI><a href="#[4c]">&gt;&gt;</a>&nbsp;&nbsp;&nbsp;__aeabi_uidivmod
</UL>
<BR>[Called By]<UL><LI><a href="#[21]">&gt;&gt;</a>&nbsp;&nbsp;&nbsp;ADC1_COMP_IRQHandler
</UL>

<P><STRONG><a name="[69]"></a>ADC_ReadCalibrationFactor</STRONG> (Thumb, 70 bytes, Stack size 8 bytes, apm32f0xx_adc.o(i.ADC_ReadCalibrationFactor))
<BR><BR>[Stack]<UL><LI>Max Depth = 8<LI>Call Chain = ADC_ReadCalibrationFactor
</UL>
<BR>[Called By]<UL><LI><a href="#[57]">&gt;&gt;</a>&nbsp;&nbsp;&nbsp;HAL_ADC_Init
</UL>

<P><STRONG><a name="[4b]"></a>ADC_ReadConversionValue</STRONG> (Thumb, 8 bytes, Stack size 0 bytes, apm32f0xx_adc.o(i.ADC_ReadConversionValue))
<BR><BR>[Called By]<UL><LI><a href="#[48]">&gt;&gt;</a>&nbsp;&nbsp;&nbsp;ADC_Isr
</UL>

<P><STRONG><a name="[49]"></a>ADC_ReadIntFlag</STRONG> (Thumb, 38 bytes, Stack size 8 bytes, apm32f0xx_adc.o(i.ADC_ReadIntFlag))
<BR><BR>[Stack]<UL><LI>Max Depth = 8<LI>Call Chain = ADC_ReadIntFlag
</UL>
<BR>[Called By]<UL><LI><a href="#[48]">&gt;&gt;</a>&nbsp;&nbsp;&nbsp;ADC_Isr
</UL>

<P><STRONG><a name="[4d]"></a>ADC_Reset</STRONG> (Thumb, 20 bytes, Stack size 8 bytes, apm32f0xx_adc.o(i.ADC_Reset))
<BR><BR>[Stack]<UL><LI>Max Depth = 8<LI>Call Chain = ADC_Reset
</UL>
<BR>[Calls]<UL><LI><a href="#[4e]">&gt;&gt;</a>&nbsp;&nbsp;&nbsp;RCM_EnableAPB2PeriphReset
<LI><a href="#[4f]">&gt;&gt;</a>&nbsp;&nbsp;&nbsp;RCM_DisableAPB2PeriphReset
</UL>
<BR>[Called By]<UL><LI><a href="#[57]">&gt;&gt;</a>&nbsp;&nbsp;&nbsp;HAL_ADC_Init
</UL>

<P><STRONG><a name="[6b]"></a>ADC_StartConversion</STRONG> (Thumb, 16 bytes, Stack size 0 bytes, apm32f0xx_adc.o(i.ADC_StartConversion))
<BR><BR>[Called By]<UL><LI><a href="#[57]">&gt;&gt;</a>&nbsp;&nbsp;&nbsp;HAL_ADC_Init
</UL>

<P><STRONG><a name="[50]"></a>APM_EVAL_DelayInit</STRONG> (Thumb, 40 bytes, Stack size 8 bytes, bsp_delay.o(i.APM_EVAL_DelayInit))
<BR><BR>[Stack]<UL><LI>Max Depth = 8<LI>Call Chain = APM_EVAL_DelayInit
</UL>
<BR>[Calls]<UL><LI><a href="#[51]">&gt;&gt;</a>&nbsp;&nbsp;&nbsp;SysTick_ConfigCLKSource
<LI><a href="#[4c]">&gt;&gt;</a>&nbsp;&nbsp;&nbsp;__aeabi_uidivmod
</UL>
<BR>[Called By]<UL><LI><a href="#[52]">&gt;&gt;</a>&nbsp;&nbsp;&nbsp;APM_EVAL_Init
</UL>

<P><STRONG><a name="[52]"></a>APM_EVAL_Init</STRONG> (Thumb, 28 bytes, Stack size 8 bytes, main.o(i.APM_EVAL_Init))
<BR><BR>[Stack]<UL><LI>Max Depth = 56<LI>Call Chain = APM_EVAL_Init &rArr; HAL_ADC_Init &rArr; NVIC_EnableIRQRequest &rArr; NVIC_SetPriority
</UL>
<BR>[Calls]<UL><LI><a href="#[56]">&gt;&gt;</a>&nbsp;&nbsp;&nbsp;HAL_TMR_Init
<LI><a href="#[55]">&gt;&gt;</a>&nbsp;&nbsp;&nbsp;HAL_KEY_Init
<LI><a href="#[57]">&gt;&gt;</a>&nbsp;&nbsp;&nbsp;HAL_ADC_Init
<LI><a href="#[54]">&gt;&gt;</a>&nbsp;&nbsp;&nbsp;DIV_LED_Init
<LI><a href="#[53]">&gt;&gt;</a>&nbsp;&nbsp;&nbsp;HAL_System_Init
<LI><a href="#[50]">&gt;&gt;</a>&nbsp;&nbsp;&nbsp;APM_EVAL_DelayInit
</UL>
<BR>[Called By]<UL><LI><a href="#[3e]">&gt;&gt;</a>&nbsp;&nbsp;&nbsp;main
</UL>

<P><STRONG><a name="[58]"></a>DIV_LED_Control</STRONG> (Thumb, 10 bytes, Stack size 8 bytes, user_led_div.o(i.DIV_LED_Control))
<BR><BR>[Stack]<UL><LI>Max Depth = 32<LI>Call Chain = DIV_LED_Control &rArr; DIV_LED_TURN &rArr; HAL_LED_Toggle
</UL>
<BR>[Calls]<UL><LI><a href="#[59]">&gt;&gt;</a>&nbsp;&nbsp;&nbsp;DIV_LED_TURN
</UL>
<BR>[Called By]<UL><LI><a href="#[7b]">&gt;&gt;</a>&nbsp;&nbsp;&nbsp;t10ms_isr
</UL>

<P><STRONG><a name="[54]"></a>DIV_LED_Init</STRONG> (Thumb, 8 bytes, Stack size 8 bytes, user_led_div.o(i.DIV_LED_Init))
<BR><BR>[Stack]<UL><LI>Max Depth = 40<LI>Call Chain = DIV_LED_Init &rArr; HAL_LED_Init &rArr; GPIO_Config
</UL>
<BR>[Calls]<UL><LI><a href="#[5a]">&gt;&gt;</a>&nbsp;&nbsp;&nbsp;HAL_LED_Init
</UL>
<BR>[Called By]<UL><LI><a href="#[52]">&gt;&gt;</a>&nbsp;&nbsp;&nbsp;APM_EVAL_Init
</UL>

<P><STRONG><a name="[59]"></a>DIV_LED_TURN</STRONG> (Thumb, 236 bytes, Stack size 8 bytes, user_led_div.o(i.DIV_LED_TURN))
<BR><BR>[Stack]<UL><LI>Max Depth = 24<LI>Call Chain = DIV_LED_TURN &rArr; HAL_LED_Toggle
</UL>
<BR>[Calls]<UL><LI><a href="#[5b]">&gt;&gt;</a>&nbsp;&nbsp;&nbsp;__ARM_common_switch8
<LI><a href="#[5e]">&gt;&gt;</a>&nbsp;&nbsp;&nbsp;HAL_LED_Toggle
<LI><a href="#[5c]">&gt;&gt;</a>&nbsp;&nbsp;&nbsp;HAL_LED_On
<LI><a href="#[5d]">&gt;&gt;</a>&nbsp;&nbsp;&nbsp;HAL_LED_Off
</UL>
<BR>[Called By]<UL><LI><a href="#[58]">&gt;&gt;</a>&nbsp;&nbsp;&nbsp;DIV_LED_Control
</UL>

<P><STRONG><a name="[5f]"></a>Div_Key_Scan</STRONG> (Thumb, 214 bytes, Stack size 8 bytes, user_key_div.o(i.Div_Key_Scan))
<BR><BR>[Stack]<UL><LI>Max Depth = 24<LI>Call Chain = Div_Key_Scan &rArr; HAL_KEY_Read
</UL>
<BR>[Calls]<UL><LI><a href="#[5b]">&gt;&gt;</a>&nbsp;&nbsp;&nbsp;__ARM_common_switch8
<LI><a href="#[60]">&gt;&gt;</a>&nbsp;&nbsp;&nbsp;HAL_KEY_Read
<LI><a href="#[5c]">&gt;&gt;</a>&nbsp;&nbsp;&nbsp;HAL_LED_On
<LI><a href="#[5d]">&gt;&gt;</a>&nbsp;&nbsp;&nbsp;HAL_LED_Off
</UL>
<BR>[Called By]<UL><LI><a href="#[7b]">&gt;&gt;</a>&nbsp;&nbsp;&nbsp;t10ms_isr
</UL>

<P><STRONG><a name="[6d]"></a>GPIO_ClearBit</STRONG> (Thumb, 4 bytes, Stack size 0 bytes, apm32f0xx_gpio.o(i.GPIO_ClearBit))
<BR><BR>[Called By]<UL><LI><a href="#[5e]">&gt;&gt;</a>&nbsp;&nbsp;&nbsp;HAL_LED_Toggle
<LI><a href="#[5d]">&gt;&gt;</a>&nbsp;&nbsp;&nbsp;HAL_LED_Off
</UL>

<P><STRONG><a name="[63]"></a>GPIO_Config</STRONG> (Thumb, 138 bytes, Stack size 16 bytes, apm32f0xx_gpio.o(i.GPIO_Config))
<BR><BR>[Stack]<UL><LI>Max Depth = 16<LI>Call Chain = GPIO_Config
</UL>
<BR>[Called By]<UL><LI><a href="#[5a]">&gt;&gt;</a>&nbsp;&nbsp;&nbsp;HAL_LED_Init
<LI><a href="#[55]">&gt;&gt;</a>&nbsp;&nbsp;&nbsp;HAL_KEY_Init
<LI><a href="#[57]">&gt;&gt;</a>&nbsp;&nbsp;&nbsp;HAL_ADC_Init
</UL>

<P><STRONG><a name="[6c]"></a>GPIO_ReadInputBit</STRONG> (Thumb, 20 bytes, Stack size 0 bytes, apm32f0xx_gpio.o(i.GPIO_ReadInputBit))
<BR><BR>[Called By]<UL><LI><a href="#[60]">&gt;&gt;</a>&nbsp;&nbsp;&nbsp;HAL_KEY_Read
</UL>

<P><STRONG><a name="[6e]"></a>GPIO_SetBit</STRONG> (Thumb, 4 bytes, Stack size 0 bytes, apm32f0xx_gpio.o(i.GPIO_SetBit))
<BR><BR>[Called By]<UL><LI><a href="#[5e]">&gt;&gt;</a>&nbsp;&nbsp;&nbsp;HAL_LED_Toggle
<LI><a href="#[5c]">&gt;&gt;</a>&nbsp;&nbsp;&nbsp;HAL_LED_On
</UL>

<P><STRONG><a name="[57]"></a>HAL_ADC_Init</STRONG> (Thumb, 118 bytes, Stack size 24 bytes, user_adc_hal.o(i.HAL_ADC_Init))
<BR><BR>[Stack]<UL><LI>Max Depth = 48<LI>Call Chain = HAL_ADC_Init &rArr; NVIC_EnableIRQRequest &rArr; NVIC_SetPriority
</UL>
<BR>[Calls]<UL><LI><a href="#[6b]">&gt;&gt;</a>&nbsp;&nbsp;&nbsp;ADC_StartConversion
<LI><a href="#[4d]">&gt;&gt;</a>&nbsp;&nbsp;&nbsp;ADC_Reset
<LI><a href="#[69]">&gt;&gt;</a>&nbsp;&nbsp;&nbsp;ADC_ReadCalibrationFactor
<LI><a href="#[68]">&gt;&gt;</a>&nbsp;&nbsp;&nbsp;ADC_EnableInterrupt
<LI><a href="#[6a]">&gt;&gt;</a>&nbsp;&nbsp;&nbsp;ADC_Enable
<LI><a href="#[64]">&gt;&gt;</a>&nbsp;&nbsp;&nbsp;ADC_ConfigStructInit
<LI><a href="#[66]">&gt;&gt;</a>&nbsp;&nbsp;&nbsp;ADC_ConfigChannel
<LI><a href="#[65]">&gt;&gt;</a>&nbsp;&nbsp;&nbsp;ADC_Config
<LI><a href="#[63]">&gt;&gt;</a>&nbsp;&nbsp;&nbsp;GPIO_Config
<LI><a href="#[67]">&gt;&gt;</a>&nbsp;&nbsp;&nbsp;NVIC_EnableIRQRequest
<LI><a href="#[62]">&gt;&gt;</a>&nbsp;&nbsp;&nbsp;RCM_EnableAPB2PeriphClock
<LI><a href="#[61]">&gt;&gt;</a>&nbsp;&nbsp;&nbsp;RCM_EnableAHBPeriphClock
</UL>
<BR>[Called By]<UL><LI><a href="#[52]">&gt;&gt;</a>&nbsp;&nbsp;&nbsp;APM_EVAL_Init
</UL>

<P><STRONG><a name="[55]"></a>HAL_KEY_Init</STRONG> (Thumb, 92 bytes, Stack size 16 bytes, user_key_hal.o(i.HAL_KEY_Init))
<BR><BR>[Stack]<UL><LI>Max Depth = 32<LI>Call Chain = HAL_KEY_Init &rArr; GPIO_Config
</UL>
<BR>[Calls]<UL><LI><a href="#[63]">&gt;&gt;</a>&nbsp;&nbsp;&nbsp;GPIO_Config
<LI><a href="#[61]">&gt;&gt;</a>&nbsp;&nbsp;&nbsp;RCM_EnableAHBPeriphClock
</UL>
<BR>[Called By]<UL><LI><a href="#[52]">&gt;&gt;</a>&nbsp;&nbsp;&nbsp;APM_EVAL_Init
</UL>

<P><STRONG><a name="[60]"></a>HAL_KEY_Read</STRONG> (Thumb, 16 bytes, Stack size 16 bytes, user_key_hal.o(i.HAL_KEY_Read))
<BR><BR>[Stack]<UL><LI>Max Depth = 16<LI>Call Chain = HAL_KEY_Read
</UL>
<BR>[Calls]<UL><LI><a href="#[6c]">&gt;&gt;</a>&nbsp;&nbsp;&nbsp;GPIO_ReadInputBit
</UL>
<BR>[Called By]<UL><LI><a href="#[5f]">&gt;&gt;</a>&nbsp;&nbsp;&nbsp;Div_Key_Scan
</UL>

<P><STRONG><a name="[5a]"></a>HAL_LED_Init</STRONG> (Thumb, 144 bytes, Stack size 16 bytes, user_led_hal.o(i.HAL_LED_Init))
<BR><BR>[Stack]<UL><LI>Max Depth = 32<LI>Call Chain = HAL_LED_Init &rArr; GPIO_Config
</UL>
<BR>[Calls]<UL><LI><a href="#[63]">&gt;&gt;</a>&nbsp;&nbsp;&nbsp;GPIO_Config
<LI><a href="#[61]">&gt;&gt;</a>&nbsp;&nbsp;&nbsp;RCM_EnableAHBPeriphClock
</UL>
<BR>[Called By]<UL><LI><a href="#[54]">&gt;&gt;</a>&nbsp;&nbsp;&nbsp;DIV_LED_Init
</UL>

<P><STRONG><a name="[5d]"></a>HAL_LED_Off</STRONG> (Thumb, 16 bytes, Stack size 16 bytes, user_led_hal.o(i.HAL_LED_Off))
<BR><BR>[Stack]<UL><LI>Max Depth = 16<LI>Call Chain = HAL_LED_Off
</UL>
<BR>[Calls]<UL><LI><a href="#[6d]">&gt;&gt;</a>&nbsp;&nbsp;&nbsp;GPIO_ClearBit
</UL>
<BR>[Called By]<UL><LI><a href="#[59]">&gt;&gt;</a>&nbsp;&nbsp;&nbsp;DIV_LED_TURN
<LI><a href="#[5f]">&gt;&gt;</a>&nbsp;&nbsp;&nbsp;Div_Key_Scan
</UL>

<P><STRONG><a name="[5c]"></a>HAL_LED_On</STRONG> (Thumb, 16 bytes, Stack size 16 bytes, user_led_hal.o(i.HAL_LED_On))
<BR><BR>[Stack]<UL><LI>Max Depth = 16<LI>Call Chain = HAL_LED_On
</UL>
<BR>[Calls]<UL><LI><a href="#[6e]">&gt;&gt;</a>&nbsp;&nbsp;&nbsp;GPIO_SetBit
</UL>
<BR>[Called By]<UL><LI><a href="#[59]">&gt;&gt;</a>&nbsp;&nbsp;&nbsp;DIV_LED_TURN
<LI><a href="#[5f]">&gt;&gt;</a>&nbsp;&nbsp;&nbsp;Div_Key_Scan
</UL>

<P><STRONG><a name="[5e]"></a>HAL_LED_Toggle</STRONG> (Thumb, 44 bytes, Stack size 16 bytes, user_led_hal.o(i.HAL_LED_Toggle))
<BR><BR>[Stack]<UL><LI>Max Depth = 16<LI>Call Chain = HAL_LED_Toggle
</UL>
<BR>[Calls]<UL><LI><a href="#[6e]">&gt;&gt;</a>&nbsp;&nbsp;&nbsp;GPIO_SetBit
<LI><a href="#[6d]">&gt;&gt;</a>&nbsp;&nbsp;&nbsp;GPIO_ClearBit
</UL>
<BR>[Called By]<UL><LI><a href="#[59]">&gt;&gt;</a>&nbsp;&nbsp;&nbsp;DIV_LED_TURN
</UL>

<P><STRONG><a name="[53]"></a>HAL_System_Init</STRONG> (Thumb, 308 bytes, Stack size 0 bytes, main.o(i.HAL_System_Init))
<BR><BR>[Called By]<UL><LI><a href="#[52]">&gt;&gt;</a>&nbsp;&nbsp;&nbsp;APM_EVAL_Init
</UL>

<P><STRONG><a name="[56]"></a>HAL_TMR_Init</STRONG> (Thumb, 82 bytes, Stack size 16 bytes, user_tmr_hal.o(i.HAL_TMR_Init))
<BR><BR>[Stack]<UL><LI>Max Depth = 40<LI>Call Chain = HAL_TMR_Init &rArr; NVIC_EnableIRQRequest &rArr; NVIC_SetPriority
</UL>
<BR>[Calls]<UL><LI><a href="#[6f]">&gt;&gt;</a>&nbsp;&nbsp;&nbsp;RCM_EnableAPB1PeriphClock
<LI><a href="#[67]">&gt;&gt;</a>&nbsp;&nbsp;&nbsp;NVIC_EnableIRQRequest
<LI><a href="#[71]">&gt;&gt;</a>&nbsp;&nbsp;&nbsp;TMR_ConfigTimeBase
<LI><a href="#[70]">&gt;&gt;</a>&nbsp;&nbsp;&nbsp;TMR_ConfigInternalClock
<LI><a href="#[72]">&gt;&gt;</a>&nbsp;&nbsp;&nbsp;TMR_ClearStatusFlag
<LI><a href="#[73]">&gt;&gt;</a>&nbsp;&nbsp;&nbsp;TMR_EnableInterrupt
<LI><a href="#[74]">&gt;&gt;</a>&nbsp;&nbsp;&nbsp;TMR_Enable
</UL>
<BR>[Called By]<UL><LI><a href="#[52]">&gt;&gt;</a>&nbsp;&nbsp;&nbsp;APM_EVAL_Init
</UL>

<P><STRONG><a name="[11]"></a>HardFault_Handler</STRONG> (Thumb, 2 bytes, Stack size 0 bytes, apm32f0xx_int.o(i.HardFault_Handler))
<BR>[Address Reference Count : 1]<UL><LI> startup_apm32f051.o(RESET)
</UL>
<P><STRONG><a name="[10]"></a>NMI_Handler</STRONG> (Thumb, 2 bytes, Stack size 0 bytes, apm32f0xx_int.o(i.NMI_Handler))
<BR>[Address Reference Count : 1]<UL><LI> startup_apm32f051.o(RESET)
</UL>
<P><STRONG><a name="[67]"></a>NVIC_EnableIRQRequest</STRONG> (Thumb, 32 bytes, Stack size 16 bytes, apm32f0xx_misc.o(i.NVIC_EnableIRQRequest))
<BR><BR>[Stack]<UL><LI>Max Depth = 24<LI>Call Chain = NVIC_EnableIRQRequest &rArr; NVIC_SetPriority
</UL>
<BR>[Calls]<UL><LI><a href="#[75]">&gt;&gt;</a>&nbsp;&nbsp;&nbsp;NVIC_SetPriority
</UL>
<BR>[Called By]<UL><LI><a href="#[56]">&gt;&gt;</a>&nbsp;&nbsp;&nbsp;HAL_TMR_Init
<LI><a href="#[57]">&gt;&gt;</a>&nbsp;&nbsp;&nbsp;HAL_ADC_Init
</UL>

<P><STRONG><a name="[13]"></a>PendSV_Handler</STRONG> (Thumb, 2 bytes, Stack size 0 bytes, apm32f0xx_int.o(i.PendSV_Handler))
<BR>[Address Reference Count : 1]<UL><LI> startup_apm32f051.o(RESET)
</UL>
<P><STRONG><a name="[4f]"></a>RCM_DisableAPB2PeriphReset</STRONG> (Thumb, 12 bytes, Stack size 0 bytes, apm32f0xx_rcm.o(i.RCM_DisableAPB2PeriphReset))
<BR><BR>[Called By]<UL><LI><a href="#[4d]">&gt;&gt;</a>&nbsp;&nbsp;&nbsp;ADC_Reset
</UL>

<P><STRONG><a name="[61]"></a>RCM_EnableAHBPeriphClock</STRONG> (Thumb, 12 bytes, Stack size 0 bytes, apm32f0xx_rcm.o(i.RCM_EnableAHBPeriphClock))
<BR><BR>[Called By]<UL><LI><a href="#[5a]">&gt;&gt;</a>&nbsp;&nbsp;&nbsp;HAL_LED_Init
<LI><a href="#[55]">&gt;&gt;</a>&nbsp;&nbsp;&nbsp;HAL_KEY_Init
<LI><a href="#[57]">&gt;&gt;</a>&nbsp;&nbsp;&nbsp;HAL_ADC_Init
</UL>

<P><STRONG><a name="[6f]"></a>RCM_EnableAPB1PeriphClock</STRONG> (Thumb, 12 bytes, Stack size 0 bytes, apm32f0xx_rcm.o(i.RCM_EnableAPB1PeriphClock))
<BR><BR>[Called By]<UL><LI><a href="#[56]">&gt;&gt;</a>&nbsp;&nbsp;&nbsp;HAL_TMR_Init
</UL>

<P><STRONG><a name="[62]"></a>RCM_EnableAPB2PeriphClock</STRONG> (Thumb, 12 bytes, Stack size 0 bytes, apm32f0xx_rcm.o(i.RCM_EnableAPB2PeriphClock))
<BR><BR>[Called By]<UL><LI><a href="#[57]">&gt;&gt;</a>&nbsp;&nbsp;&nbsp;HAL_ADC_Init
</UL>

<P><STRONG><a name="[4e]"></a>RCM_EnableAPB2PeriphReset</STRONG> (Thumb, 12 bytes, Stack size 0 bytes, apm32f0xx_rcm.o(i.RCM_EnableAPB2PeriphReset))
<BR><BR>[Called By]<UL><LI><a href="#[4d]">&gt;&gt;</a>&nbsp;&nbsp;&nbsp;ADC_Reset
</UL>

<P><STRONG><a name="[12]"></a>SVC_Handler</STRONG> (Thumb, 2 bytes, Stack size 0 bytes, apm32f0xx_int.o(i.SVC_Handler))
<BR>[Address Reference Count : 1]<UL><LI> startup_apm32f051.o(RESET)
</UL>
<P><STRONG><a name="[51]"></a>SysTick_ConfigCLKSource</STRONG> (Thumb, 32 bytes, Stack size 0 bytes, apm32f0xx_misc.o(i.SysTick_ConfigCLKSource))
<BR><BR>[Called By]<UL><LI><a href="#[50]">&gt;&gt;</a>&nbsp;&nbsp;&nbsp;APM_EVAL_DelayInit
</UL>

<P><STRONG><a name="[14]"></a>SysTick_Handler</STRONG> (Thumb, 2 bytes, Stack size 0 bytes, apm32f0xx_int.o(i.SysTick_Handler))
<BR>[Address Reference Count : 1]<UL><LI> startup_apm32f051.o(RESET)
</UL>
<P><STRONG><a name="[32]"></a>SystemInit</STRONG> (Thumb, 120 bytes, Stack size 8 bytes, system_apm32f0xx.o(i.SystemInit))
<BR><BR>[Stack]<UL><LI>Max Depth = 16<LI>Call Chain = SystemInit &rArr; SystemClockConfig
</UL>
<BR>[Calls]<UL><LI><a href="#[76]">&gt;&gt;</a>&nbsp;&nbsp;&nbsp;SystemClockConfig
</UL>
<BR>[Address Reference Count : 1]<UL><LI> startup_apm32f051.o(.text)
</UL>
<P><STRONG><a name="[27]"></a>TMR14_IRQHandler</STRONG> (Thumb, 2 bytes, Stack size 0 bytes, apm32f0xx_int.o(i.TMR14_IRQHandler))
<BR>[Address Reference Count : 1]<UL><LI> startup_apm32f051.o(RESET)
</UL>
<P><STRONG><a name="[78]"></a>TMR2Isr</STRONG> (Thumb, 60 bytes, Stack size 8 bytes, main.o(i.TMR2Isr))
<BR><BR>[Stack]<UL><LI>Max Depth = 48<LI>Call Chain = TMR2Isr &rArr; t10ms_isr &rArr; DIV_LED_Control &rArr; DIV_LED_TURN &rArr; HAL_LED_Toggle
</UL>
<BR>[Calls]<UL><LI><a href="#[7a]">&gt;&gt;</a>&nbsp;&nbsp;&nbsp;TMR_ClearIntFlag
<LI><a href="#[7b]">&gt;&gt;</a>&nbsp;&nbsp;&nbsp;t10ms_isr
<LI><a href="#[79]">&gt;&gt;</a>&nbsp;&nbsp;&nbsp;TMR_ReadIntFlag
</UL>
<BR>[Called By]<UL><LI><a href="#[24]">&gt;&gt;</a>&nbsp;&nbsp;&nbsp;TMR2_IRQHandler
</UL>

<P><STRONG><a name="[24]"></a>TMR2_IRQHandler</STRONG> (Thumb, 8 bytes, Stack size 8 bytes, user_tmr_hal.o(i.TMR2_IRQHandler))
<BR><BR>[Stack]<UL><LI>Max Depth = 56<LI>Call Chain = TMR2_IRQHandler &rArr; TMR2Isr &rArr; t10ms_isr &rArr; DIV_LED_Control &rArr; DIV_LED_TURN &rArr; HAL_LED_Toggle
</UL>
<BR>[Calls]<UL><LI><a href="#[78]">&gt;&gt;</a>&nbsp;&nbsp;&nbsp;TMR2Isr
</UL>
<BR>[Address Reference Count : 1]<UL><LI> startup_apm32f051.o(RESET)
</UL>
<P><STRONG><a name="[7a]"></a>TMR_ClearIntFlag</STRONG> (Thumb, 6 bytes, Stack size 0 bytes, apm32f0xx_tmr.o(i.TMR_ClearIntFlag))
<BR><BR>[Called By]<UL><LI><a href="#[78]">&gt;&gt;</a>&nbsp;&nbsp;&nbsp;TMR2Isr
</UL>

<P><STRONG><a name="[72]"></a>TMR_ClearStatusFlag</STRONG> (Thumb, 6 bytes, Stack size 0 bytes, apm32f0xx_tmr.o(i.TMR_ClearStatusFlag))
<BR><BR>[Called By]<UL><LI><a href="#[56]">&gt;&gt;</a>&nbsp;&nbsp;&nbsp;HAL_TMR_Init
</UL>

<P><STRONG><a name="[70]"></a>TMR_ConfigInternalClock</STRONG> (Thumb, 10 bytes, Stack size 0 bytes, apm32f0xx_tmr.o(i.TMR_ConfigInternalClock))
<BR><BR>[Called By]<UL><LI><a href="#[56]">&gt;&gt;</a>&nbsp;&nbsp;&nbsp;HAL_TMR_Init
</UL>

<P><STRONG><a name="[71]"></a>TMR_ConfigTimeBase</STRONG> (Thumb, 128 bytes, Stack size 8 bytes, apm32f0xx_tmr.o(i.TMR_ConfigTimeBase))
<BR><BR>[Stack]<UL><LI>Max Depth = 8<LI>Call Chain = TMR_ConfigTimeBase
</UL>
<BR>[Called By]<UL><LI><a href="#[56]">&gt;&gt;</a>&nbsp;&nbsp;&nbsp;HAL_TMR_Init
</UL>

<P><STRONG><a name="[74]"></a>TMR_Enable</STRONG> (Thumb, 12 bytes, Stack size 0 bytes, apm32f0xx_tmr.o(i.TMR_Enable))
<BR><BR>[Called By]<UL><LI><a href="#[56]">&gt;&gt;</a>&nbsp;&nbsp;&nbsp;HAL_TMR_Init
</UL>

<P><STRONG><a name="[73]"></a>TMR_EnableInterrupt</STRONG> (Thumb, 8 bytes, Stack size 0 bytes, apm32f0xx_tmr.o(i.TMR_EnableInterrupt))
<BR><BR>[Called By]<UL><LI><a href="#[56]">&gt;&gt;</a>&nbsp;&nbsp;&nbsp;HAL_TMR_Init
</UL>

<P><STRONG><a name="[79]"></a>TMR_ReadIntFlag</STRONG> (Thumb, 26 bytes, Stack size 0 bytes, apm32f0xx_tmr.o(i.TMR_ReadIntFlag))
<BR><BR>[Called By]<UL><LI><a href="#[78]">&gt;&gt;</a>&nbsp;&nbsp;&nbsp;TMR2Isr
</UL>

<P><STRONG><a name="[5b]"></a>__ARM_common_switch8</STRONG> (Thumb, 28 bytes, Stack size 8 bytes, apm32f0xx_rtc.o(i.__ARM_common_switch8))
<BR><BR>[Stack]<UL><LI>Max Depth = 8<LI>Call Chain = __ARM_common_switch8
</UL>
<BR>[Called By]<UL><LI><a href="#[59]">&gt;&gt;</a>&nbsp;&nbsp;&nbsp;DIV_LED_TURN
<LI><a href="#[5f]">&gt;&gt;</a>&nbsp;&nbsp;&nbsp;Div_Key_Scan
</UL>

<P><STRONG><a name="[3e]"></a>main</STRONG> (Thumb, 8 bytes, Stack size 0 bytes, main.o(i.main))
<BR><BR>[Stack]<UL><LI>Max Depth = 56<LI>Call Chain = main &rArr; APM_EVAL_Init &rArr; HAL_ADC_Init &rArr; NVIC_EnableIRQRequest &rArr; NVIC_SetPriority
</UL>
<BR>[Calls]<UL><LI><a href="#[52]">&gt;&gt;</a>&nbsp;&nbsp;&nbsp;APM_EVAL_Init
</UL>
<BR>[Called By]<UL><LI><a href="#[3d]">&gt;&gt;</a>&nbsp;&nbsp;&nbsp;__rt_entry_main
</UL>

<P><STRONG><a name="[7b]"></a>t10ms_isr</STRONG> (Thumb, 98 bytes, Stack size 8 bytes, main.o(i.t10ms_isr))
<BR><BR>[Stack]<UL><LI>Max Depth = 40<LI>Call Chain = t10ms_isr &rArr; DIV_LED_Control &rArr; DIV_LED_TURN &rArr; HAL_LED_Toggle
</UL>
<BR>[Calls]<UL><LI><a href="#[5f]">&gt;&gt;</a>&nbsp;&nbsp;&nbsp;Div_Key_Scan
<LI><a href="#[58]">&gt;&gt;</a>&nbsp;&nbsp;&nbsp;DIV_LED_Control
</UL>
<BR>[Called By]<UL><LI><a href="#[78]">&gt;&gt;</a>&nbsp;&nbsp;&nbsp;TMR2Isr
</UL>
<P>
<H3>
Local Symbols
</H3>
<P><STRONG><a name="[77]"></a>SystemClock48M</STRONG> (Thumb, 210 bytes, Stack size 0 bytes, system_apm32f0xx.o(i.SystemClock48M))
<BR><BR>[Called By]<UL><LI><a href="#[76]">&gt;&gt;</a>&nbsp;&nbsp;&nbsp;SystemClockConfig
</UL>

<P><STRONG><a name="[76]"></a>SystemClockConfig</STRONG> (Thumb, 8 bytes, Stack size 8 bytes, system_apm32f0xx.o(i.SystemClockConfig))
<BR><BR>[Stack]<UL><LI>Max Depth = 8<LI>Call Chain = SystemClockConfig
</UL>
<BR>[Calls]<UL><LI><a href="#[77]">&gt;&gt;</a>&nbsp;&nbsp;&nbsp;SystemClock48M
</UL>
<BR>[Called By]<UL><LI><a href="#[32]">&gt;&gt;</a>&nbsp;&nbsp;&nbsp;SystemInit
</UL>

<P><STRONG><a name="[75]"></a>NVIC_SetPriority</STRONG> (Thumb, 110 bytes, Stack size 8 bytes, apm32f0xx_misc.o(i.NVIC_SetPriority))
<BR><BR>[Stack]<UL><LI>Max Depth = 8<LI>Call Chain = NVIC_SetPriority
</UL>
<BR>[Called By]<UL><LI><a href="#[67]">&gt;&gt;</a>&nbsp;&nbsp;&nbsp;NVIC_EnableIRQRequest
</UL>
<P>
<H3>
Undefined Global Symbols
</H3>
<P><STRONG><a name="[46]"></a>_call_atexit_fns</STRONG> (ARM, 0 bytes, Stack size 0 bytes, UNDEFINED)
<BR><BR>[Called By]<UL><LI><a href="#[3f]">&gt;&gt;</a>&nbsp;&nbsp;&nbsp;exit
</UL>
<HR></body></html>
